Component: ARM Compiler 6.7 Tool: armlink [5c9ef700]

==============================================================================

Section Cross References

    startup_stm32f407xx.o(STACK) refers (Special) to heapauxi.o(.text) for __use_two_region_memory
    startup_stm32f407xx.o(HEAP) refers (Special) to heapauxi.o(.text) for __use_two_region_memory
    startup_stm32f407xx.o(RESET) refers (Special) to heapauxi.o(.text) for __use_two_region_memory
    startup_stm32f407xx.o(RESET) refers to startup_stm32f407xx.o(STACK) for __initial_sp
    startup_stm32f407xx.o(RESET) refers to startup_stm32f407xx.o(.text) for Reset_Handler
    startup_stm32f407xx.o(RESET) refers to stm32f4xx_it.o(.text.NMI_Handler) for NMI_Handler
    startup_stm32f407xx.o(RESET) refers to stm32f4xx_it.o(.text.HardFault_Handler) for HardFault_Handler
    startup_stm32f407xx.o(RESET) refers to stm32f4xx_it.o(.text.MemManage_Handler) for MemManage_Handler
    startup_stm32f407xx.o(RESET) refers to stm32f4xx_it.o(.text.BusFault_Handler) for BusFault_Handler
    startup_stm32f407xx.o(RESET) refers to stm32f4xx_it.o(.text.UsageFault_Handler) for UsageFault_Handler
    startup_stm32f407xx.o(RESET) refers to port.o(.text.SVC_Handler) for SVC_Handler
    startup_stm32f407xx.o(RESET) refers to stm32f4xx_it.o(.text.DebugMon_Handler) for DebugMon_Handler
    startup_stm32f407xx.o(RESET) refers to port.o(.text.PendSV_Handler) for PendSV_Handler
    startup_stm32f407xx.o(RESET) refers to cmsis_os2.o(.text.SysTick_Handler) for SysTick_Handler
    startup_stm32f407xx.o(RESET) refers to stm32f4xx_it.o(.text.CAN1_RX0_IRQHandler) for CAN1_RX0_IRQHandler
    startup_stm32f407xx.o(RESET) refers to stm32f4xx_it.o(.text.CAN1_RX1_IRQHandler) for CAN1_RX1_IRQHandler
    startup_stm32f407xx.o(RESET) refers to stm32f4xx_it.o(.text.USART3_IRQHandler) for USART3_IRQHandler
    startup_stm32f407xx.o(RESET) refers to stm32f4xx_it.o(.text.TIM6_DAC_IRQHandler) for TIM6_DAC_IRQHandler
    startup_stm32f407xx.o(RESET) refers to stm32f4xx_it.o(.text.CAN2_RX0_IRQHandler) for CAN2_RX0_IRQHandler
    startup_stm32f407xx.o(RESET) refers to stm32f4xx_it.o(.text.CAN2_RX1_IRQHandler) for CAN2_RX1_IRQHandler
    startup_stm32f407xx.o(RESET) refers to stm32f4xx_it.o(.text.USART6_IRQHandler) for USART6_IRQHandler
    startup_stm32f407xx.o(.text) refers (Special) to heapauxi.o(.text) for __use_two_region_memory
    startup_stm32f407xx.o(.text) refers to system_stm32f4xx.o(.text.SystemInit) for SystemInit
    startup_stm32f407xx.o(.text) refers to __main.o(!!!main) for __main
    startup_stm32f407xx.o(.text) refers to startup_stm32f407xx.o(HEAP) for Heap_Mem
    startup_stm32f407xx.o(.text) refers to startup_stm32f407xx.o(STACK) for Stack_Mem
    main.o(.text.main) refers to stm32f4xx_hal.o(.text.HAL_Init) for HAL_Init
    main.o(.text.main) refers to main.o(.text.SystemClock_Config) for SystemClock_Config
    main.o(.text.main) refers to gpio.o(.text.MX_GPIO_Init) for MX_GPIO_Init
    main.o(.text.main) refers to can.o(.text.MX_CAN1_Init) for MX_CAN1_Init
    main.o(.text.main) refers to can.o(.text.MX_CAN2_Init) for MX_CAN2_Init
    main.o(.text.main) refers to usart.o(.text.MX_USART3_UART_Init) for MX_USART3_UART_Init
    main.o(.text.main) refers to usart.o(.text.MX_USART6_UART_Init) for MX_USART6_UART_Init
    main.o(.text.main) refers to cmsis_os2.o(.text.osKernelInitialize) for osKernelInitialize
    main.o(.text.main) refers to freertos.o(.text.MX_FREERTOS_Init) for MX_FREERTOS_Init
    main.o(.text.main) refers to cmsis_os2.o(.text.osKernelStart) for osKernelStart
    main.o(.ARM.exidx.text.main) refers to main.o(.text.main) for [Anonymous Symbol]
    main.o(.text.SystemClock_Config) refers to rt_memclr_w.o(.text) for __aeabi_memclr4
    main.o(.text.SystemClock_Config) refers to stm32f4xx_hal_rcc.o(.text.HAL_RCC_OscConfig) for HAL_RCC_OscConfig
    main.o(.text.SystemClock_Config) refers to main.o(.text.Error_Handler) for Error_Handler
    main.o(.text.SystemClock_Config) refers to stm32f4xx_hal_rcc.o(.text.HAL_RCC_ClockConfig) for HAL_RCC_ClockConfig
    main.o(.ARM.exidx.text.SystemClock_Config) refers to main.o(.text.SystemClock_Config) for [Anonymous Symbol]
    main.o(.ARM.exidx.text.Error_Handler) refers to main.o(.text.Error_Handler) for [Anonymous Symbol]
    main.o(.text.HAL_TIM_PeriodElapsedCallback) refers to stm32f4xx_hal.o(.text.HAL_IncTick) for HAL_IncTick
    main.o(.ARM.exidx.text.HAL_TIM_PeriodElapsedCallback) refers to main.o(.text.HAL_TIM_PeriodElapsedCallback) for [Anonymous Symbol]
    gpio.o(.ARM.exidx.text.MX_GPIO_Init) refers to gpio.o(.text.MX_GPIO_Init) for [Anonymous Symbol]
    freertos.o(.text.MX_FREERTOS_Init) refers to freertos.o(.text.StartDefaultTask) for StartDefaultTask
    freertos.o(.text.MX_FREERTOS_Init) refers to freertos.o(.rodata.defaultTask_attributes) for defaultTask_attributes
    freertos.o(.text.MX_FREERTOS_Init) refers to cmsis_os2.o(.text.osThreadNew) for osThreadNew
[...]
    [Anonymous Symbol]                       0x20004f20   Section        0  heap_4.o(.bss.xFreeBytesRemaining)
    xFreeBytesRemaining                      0x20004f20   Data           4  heap_4.o(.bss.xFreeBytesRemaining)
    [Anonymous Symbol]                       0x20004f24   Section        0  tasks.o(.bss.xIdleTaskHandle)
    xIdleTaskHandle                          0x20004f24   Data           4  tasks.o(.bss.xIdleTaskHandle)
    [Anonymous Symbol]                       0x20004f28   Section        0  heap_4.o(.bss.xMinimumEverFreeBytesRemaining)
    xMinimumEverFreeBytesRemaining           0x20004f28   Data           4  heap_4.o(.bss.xMinimumEverFreeBytesRemaining)
    [Anonymous Symbol]                       0x20004f2c   Section        0  tasks.o(.bss.xNextTaskUnblockTime)
    xNextTaskUnblockTime                     0x20004f2c   Data           4  tasks.o(.bss.xNextTaskUnblockTime)
    [Anonymous Symbol]                       0x20004f30   Section        0  tasks.o(.bss.xNumOfOverflows)
    xNumOfOverflows                          0x20004f30   Data           4  tasks.o(.bss.xNumOfOverflows)
    [Anonymous Symbol]                       0x20004f34   Section        0  heap_4.o(.bss.xNumberOfSuccessfulAllocations)
    xNumberOfSuccessfulAllocations           0x20004f34   Data           4  heap_4.o(.bss.xNumberOfSuccessfulAllocations)
    [Anonymous Symbol]                       0x20004f38   Section        0  heap_4.o(.bss.xNumberOfSuccessfulFrees)
    xNumberOfSuccessfulFrees                 0x20004f38   Data           4  heap_4.o(.bss.xNumberOfSuccessfulFrees)
    [Anonymous Symbol]                       0x20004f3c   Section        0  tasks.o(.bss.xPendedTicks)
    xPendedTicks                             0x20004f3c   Data           4  tasks.o(.bss.xPendedTicks)
    [Anonymous Symbol]                       0x20004f40   Section        0  tasks.o(.bss.xPendingReadyList)
    xPendingReadyList                        0x20004f40   Data          20  tasks.o(.bss.xPendingReadyList)
    [Anonymous Symbol]                       0x20004f94   Section        0  tasks.o(.bss.xSchedulerRunning)
    xSchedulerRunning                        0x20004f94   Data           4  tasks.o(.bss.xSchedulerRunning)
    [Anonymous Symbol]                       0x20004f98   Section        0  heap_4.o(.bss.xStart)
    xStart                                   0x20004f98   Data           8  heap_4.o(.bss.xStart)
    [Anonymous Symbol]                       0x20004fa0   Section        0  tasks.o(.bss.xSuspendedTaskList)
    xSuspendedTaskList                       0x20004fa0   Data          20  tasks.o(.bss.xSuspendedTaskList)
    [Anonymous Symbol]                       0x20004fb4   Section        0  tasks.o(.bss.xTasksWaitingTermination)
    xTasksWaitingTermination                 0x20004fb4   Data          20  tasks.o(.bss.xTasksWaitingTermination)
    [Anonymous Symbol]                       0x20004fc8   Section        0  tasks.o(.bss.xTickCount)
    xTickCount                               0x20004fc8   Data           4  tasks.o(.bss.xTickCount)
    [Anonymous Symbol]                       0x20004fcc   Section        0  timers.o(.bss.xTimerQueue)
    xTimerQueue                              0x20004fcc   Data           4  timers.o(.bss.xTimerQueue)
    [Anonymous Symbol]                       0x20004fd0   Section        0  timers.o(.bss.xTimerTaskHandle)
    xTimerTaskHandle                         0x20004fd0   Data           4  timers.o(.bss.xTimerTaskHandle)
    [Anonymous Symbol]                       0x20004fd4   Section        0  tasks.o(.bss.xYieldPending)
    xYieldPending                            0x20004fd4   Data           4  tasks.o(.bss.xYieldPending)
    HEAP                                     0x20004fd8   Section      512  startup_stm32f407xx.o(HEAP)
    Heap_Mem                                 0x20004fd8   Data         512  startup_stm32f407xx.o(HEAP)
    STACK                                    0x200051d8   Section     1024  startup_stm32f407xx.o(STACK)
    Stack_Mem                                0x200051d8   Data        1024  startup_stm32f407xx.o(STACK)
    __initial_sp                             0x200055d8   Data           0  startup_stm32f407xx.o(STACK)

    Global Symbols

    Symbol Name                              Value     Ov Type        Size  Object(Section)

    BuildAttributes$$THM_ISAv4$E$P$D$K$B$S$7EM$VFPi3$EXTD16$VFPS$VFMA$PE$A:L22UL41UL21$X:L11$S22US41US21$IEEE1$IW$~IW$USESV6$~STKCKD$USESV7$~SHL$OTIME$ROPI$EBA8$UX$STANDARDLIB$REQ8$PRES8$EABIv2 0x00000000   Number         0  anon$$obj.o ABSOLUTE
    SHT$$ARM_EXIDX$$Base                      - Undefined Reference
    SHT$$ARM_EXIDX$$Limit                     - Undefined Reference
    __ARM_exceptions_init                     - Undefined Weak Reference
    __alloca_initialize                       - Undefined Weak Reference
    __arm_preinit_                            - Undefined Weak Reference
    __cxa_finalize                            - Undefined Weak Reference
    __rt_locale                               - Undefined Weak Reference
    __sigvec_lookup                           - Undefined Weak Reference
    __user_heap_extent                        - Undefined Weak Reference
    _atexit_init                              - Undefined Weak Reference
    _call_atexit_fns                          - Undefined Weak Reference
    _clock_init                               - Undefined Weak Reference
    _fp_trap_init                             - Undefined Weak Reference
    _fp_trap_shutdown                         - Undefined Weak Reference
    _get_lc_collate                           - Undefined Weak Reference
    _get_lc_ctype                             - Undefined Weak Reference
    _get_lc_monetary                          - Undefined Weak Reference
    _get_lc_numeric                           - Undefined Weak Reference
    _get_lc_time                              - Undefined Weak Reference
    _getenv_init                              - Undefined Weak Reference
    _handle_redirection                       - Undefined Weak Reference
    _initio                                   - Undefined Weak Reference
    _mutex_acquire                            - Undefined Weak Reference
    _mutex_free                               - Undefined Weak Reference
    _mutex_release                            - Undefined Weak Reference
    _rand_init                                - Undefined Weak Reference
    _signal_finish                            - Undefined Weak Reference
    _signal_init                              - Undefined Weak Reference
    _terminateio                              - Undefined Weak Reference
    __Vectors_Size                           0x00000188   Number         0  startup_stm32f407xx.o ABSOLUTE
    __Vectors                                0x08000000   Data           4  startup_stm32f407xx.o(RESET)
    __Vectors_End                            0x08000188   Data           0  startup_stm32f407xx.o(RESET)
    __main                                   0x08000189   Thumb Code     8  __main.o(!!!main)
    __scatterload                            0x08000191   Thumb Code     0  __scatter.o(!!!scatter)
    __scatterload_rt2                        0x08000191   Thumb Code    44  __scatter.o(!!!scatter)
    __scatterload_rt2_thumb_only             0x08000191   Thumb Code     0  __scatter.o(!!!scatter)
    __scatterload_null                       0x0800019f   Thumb Code     0  __scatter.o(!!!scatter)
    __scatterload_copy                       0x080001c5   Thumb Code    26  __scatter_copy.o(!!handler_copy)
    __scatterload_zeroinit                   0x080001e1   Thumb Code    28  __scatter_zi.o(!!handler_zi)
    __rt_lib_init                            0x080001fd   Thumb Code     0  libinit.o(.ARM.Collect$$libinit$$00000000)
    __rt_lib_init_fp_1                       0x080001ff   Thumb Code     0  libinit2.o(.ARM.Collect$$libinit$$00000001)
    __rt_lib_init_heap_2                     0x08000203   Thumb Code     0  libinit2.o(.ARM.Collect$$libinit$$00000005)
    __rt_lib_init_preinit_1                  0x08000203   Thumb Code     0  libinit2.o(.ARM.Collect$$libinit$$00000004)
    __rt_lib_init_argv_1                     0x0800020b   Thumb Code     0  libinit2.o(.ARM.Collect$$libinit$$00000026)
    __rt_lib_init_atexit_1                   0x0800020b   Thumb Code     0  libinit2.o(.ARM.Collect$$libinit$$0000001B)
    __rt_lib_init_clock_1                    0x0800020b   Thumb Code     0  libinit2.o(.ARM.Collect$$libinit$$00000021)
    __rt_lib_init_fp_trap_1                  0x0800020b   Thumb Code     0  libinit2.o(.ARM.Collect$$libinit$$0000001F)
    __rt_lib_init_getenv_1                   0x0800020b   Thumb Code     0  libinit2.o(.ARM.Collect$$libinit$$00000023)
    __rt_lib_init_heap_1                     0x0800020b   Thumb Code     0  libinit2.o(.ARM.Collect$$libinit$$0000000A)
    __rt_lib_init_lc_collate_1               0x0800020b   Thumb Code     0  libinit2.o(.ARM.Collect$$libinit$$00000011)
    __rt_lib_init_lc_ctype_1                 0x0800020b   Thumb Code     0  libinit2.o(.ARM.Collect$$libinit$$00000013)
    __rt_lib_init_lc_monetary_1              0x0800020b   Thumb Code     0  libinit2.o(.ARM.Collect$$libinit$$00000015)
    __rt_lib_init_lc_numeric_1               0x0800020b   Thumb Code     0  libinit2.o(.ARM.Collect$$libinit$$00000017)
    __rt_lib_init_lc_time_1                  0x0800020b   Thumb Code     0  libinit2.o(.ARM.Collect$$libinit$$00000019)
    __rt_lib_init_rand_1                     0x0800020b   Thumb Code     0  libinit2.o(.ARM.Collect$$libinit$$0000000E)
    __rt_lib_init_signal_1                   0x0800020b   Thumb Code     0  libinit2.o(.ARM.Collect$$libinit$$0000001D)
    __rt_lib_init_stdio_1                    0x0800020b   Thumb Code     0  libinit2.o(.ARM.Collect$$libinit$$00000025)
    __rt_lib_init_user_alloc_1               0x0800020b   Thumb Code     0  libinit2.o(.ARM.Collect$$libinit$$0000000C)
    __rt_lib_init_alloca_1                   0x08000213   Thumb Code     0  libinit2.o(.ARM.Collect$$libinit$$0000002E)
    __rt_lib_init_cpp_2                      0x08000213   Thumb Code     0  libinit2.o(.ARM.Collect$$libinit$$00000031)
    __rt_lib_init_exceptions_1               0x08000213   Thumb Code     0  libinit2.o(.ARM.Collect$$libinit$$00000030)
    __rt_lib_init_cpp_1                      0x08000217   Thumb Code     0  libinit2.o(.ARM.Collect$$libinit$$00000032)
    __rt_lib_init_return                     0x08000217   Thumb Code     0  libinit2.o(.ARM.Collect$$libinit$$00000033)
    __rt_lib_shutdown                        0x08000219   Thumb Code     0  libshutdown.o(.ARM.Collect$$libshutdown$$00000000)
    __rt_lib_shutdown_cpp_1                  0x0800021b   Thumb Code     0  libshutdown2.o(.ARM.Collect$$libshutdown$$00000002)
    __rt_lib_shutdown_fp_trap_1              0x0800021b   Thumb Code     0  libshutdown2.o(.ARM.Collect$$libshutdown$$00000007)
    __rt_lib_shutdown_heap_1                 0x0800021b   Thumb Code     0  libshutdown2.o(.ARM.Collect$$libshutdown$$0000000F)
    __rt_lib_shutdown_return                 0x0800021b   Thumb Code     0  libshutdown2.o(.ARM.Collect$$libshutdown$$00000010)
    __rt_lib_shutdown_signal_1               0x0800021b   Thumb Code     0  libshutdown2.o(.ARM.Collect$$libshutdown$$0000000A)
    __rt_lib_shutdown_stdio_1                0x0800021b   Thumb Code     0  libshutdown2.o(.ARM.Collect$$libshutdown$$00000004)
    __rt_lib_shutdown_user_alloc_1           0x0800021b   Thumb Code     0  libshutdown2.o(.ARM.Collect$$libshutdown$$0000000C)
    __rt_entry                               0x0800021d   Thumb Code     0  __rtentry.o(.ARM.Collect$$rtentry$$00000000)
    __rt_entry_presh_1                       0x0800021d   Thumb Code     0  __rtentry2.o(.ARM.Collect$$rtentry$$00000002)
    __rt_entry_sh                            0x0800021d   Thumb Code     0  __rtentry4.o(.ARM.Collect$$rtentry$$00000004)
    __rt_entry_li                            0x08000223   Thumb Code     0  __rtentry2.o(.ARM.Collect$$rtentry$$0000000A)
    __rt_entry_postsh_1                      0x08000223   Thumb Code     0  __rtentry2.o(.ARM.Collect$$rtentry$$00000009)
    __rt_entry_main                          0x08000227   Thumb Code     0  __rtentry2.o(.ARM.Collect$$rtentry$$0000000D)
    __rt_entry_postli_1                      0x08000227   Thumb Code     0  __rtentry2.o(.ARM.Collect$$rtentry$$0000000C)
    __rt_exit                                0x0800022f   Thumb Code     0  rtexit.o(.ARM.Collect$$rtexit$$00000000)
    __rt_exit_ls                             0x08000231   Thumb Code     0  rtexit2.o(.ARM.Collect$$rtexit$$00000003)
    __rt_exit_prels_1                        0x08000231   Thumb Code     0  rtexit2.o(.ARM.Collect$$rtexit$$00000002)
    __rt_exit_exit                           0x08000235   Thumb Code     0  rtexit2.o(.ARM.Collect$$rtexit$$00000004)
    __ARM_argv_veneer                        0x0800023d   Thumb Code     4  argv_veneer.o(.emb_text)
    Reset_Handler                            0x08000241   Thumb Code     8  startup_stm32f407xx.o(.text)
    ADC_IRQHandler                           0x0800025b   Thumb Code     0  startup_stm32f407xx.o(.text)
    CAN1_SCE_IRQHandler                      0x0800025b   Thumb Code     0  startup_stm32f407xx.o(.text)
    CAN1_TX_IRQHandler                       0x0800025b   Thumb Code     0  startup_stm32f407xx.o(.text)
    CAN2_SCE_IRQHandler                      0x0800025b   Thumb Code     0  startup_stm32f407xx.o(.text)
    CAN2_TX_IRQHandler                       0x0800025b   Thumb Code     0  startup_stm32f407xx.o(.text)
    DCMI_IRQHandler                          0x0800025b   Thumb Code     0  startup_stm32f407xx.o(.text)
    DMA1_Stream0_IRQHandler                  0x0800025b   Thumb Code     0  startup_stm32f407xx.o(.text)
    DMA1_Stream1_IRQHandler                  0x0800025b   Thumb Code     0  startup_stm32f407xx.o(.text)
    DMA1_Stream2_IRQHandler                  0x0800025b   Thumb Code     0  startup_stm32f407xx.o(.text)
    DMA1_Stream3_IRQHandler                  0x0800025b   Thumb Code     0  startup_stm32f407xx.o(.text)
    DMA1_Stream4_IRQHandler                  0x0800025b   Thumb Code     0  startup_stm32f407xx.o(.text)
    DMA1_Stream5_IRQHandler                  0x0800025b   Thumb Code     0  startup_stm32f407xx.o(.text)
    DMA1_Stream6_IRQHandler                  0x0800025b   Thumb Code     0  startup_stm32f407xx.o(.text)
    DMA1_Stream7_IRQHandler                  0x0800025b   Thumb Code     0  startup_stm32f407xx.o(.text)
    DMA2_Stream0_IRQHandler                  0x0800025b   Thumb Code     0  startup_stm32f407xx.o(.text)
    DMA2_Stream1_IRQHandler                  0x0800025b   Thumb Code     0  startup_stm32f407xx.o(.text)
    DMA2_Stream2_IRQHandler                  0x0800025b   Thumb Code     0  startup_stm32f407xx.o(.text)
    DMA2_Stream3_IRQHandler                  0x0800025b   Thumb Code     0  startup_stm32f407xx.o(.text)
    DMA2_Stream4_IRQHandler                  0x0800025b   Thumb Code     0  startup_stm32f407xx.o(.text)
    DMA2_Stream5_IRQHandler                  0x0800025b   Thumb Code     0  startup_stm32f407xx.o(.text)
    DMA2_Stream6_IRQHandler                  0x0800025b   Thumb Code     0  startup_stm32f407xx.o(.text)
    DMA2_Stream7_IRQHandler                  0x0800025b   Thumb Code     0  startup_stm32f407xx.o(.text)
    ETH_IRQHandler                           0x0800025b   Thumb Code     0  startup_stm32f407xx.o(.text)
    ETH_WKUP_IRQHandler                      0x0800025b   Thumb Code     0  startup_stm32f407xx.o(.text)
    EXTI0_IRQHandler                         0x0800025b   Thumb Code     0  startup_stm32f407xx.o(.text)
    EXTI15_10_IRQHandler                     0x0800025b   Thumb Code     0  startup_stm32f407xx.o(.text)
    EXTI1_IRQHandler                         0x0800025b   Thumb Code     0  startup_stm32f407xx.o(.text)
    EXTI2_IRQHandler                         0x0800025b   Thumb Code     0  startup_stm32f407xx.o(.text)
    EXTI3_IRQHandler                         0x0800025b   Thumb Code     0  startup_stm32f407xx.o(.text)
    EXTI4_IRQHandler                         0x0800025b   Thumb Code     0  startup_stm32f407xx.o(.text)
    EXTI9_5_IRQHandler                       0x0800025b   Thumb Code     0  startup_stm32f407xx.o(.text)
    FLASH_IRQHandler                         0x0800025b   Thumb Code     0  startup_stm32f407xx.o(.text)
    FMC_IRQHandler                           0x0800025b   Thumb Code     0  startup_stm32f407xx.o(.text)
    FPU_IRQHandler                           0x0800025b   Thumb Code     0  startup_stm32f407xx.o(.text)
    HASH_RNG_IRQHandler                      0x0800025b   Thumb Code     0  startup_stm32f407xx.o(.text)
    I2C1_ER_IRQHandler                       0x0800025b   Thumb Code     0  startup_stm32f407xx.o(.text)
    I2C1_EV_IRQHandler                       0x0800025b   Thumb Code     0  startup_stm32f407xx.o(.text)
    I2C2_ER_IRQHandler                       0x0800025b   Thumb Code     0  startup_stm32f407xx.o(.text)
    I2C2_EV_IRQHandler                       0x0800025b   Thumb Code     0  startup_stm32f407xx.o(.text)
    I2C3_ER_IRQHandler                       0x0800025b   Thumb Code     0  startup_stm32f407xx.o(.text)
    I2C3_EV_IRQHandler                       0x0800025b   Thumb Code     0  startup_stm32f407xx.o(.text)
    OTG_FS_IRQHandler                        0x0800025b   Thumb Code     0  startup_stm32f407xx.o(.text)
    OTG_FS_WKUP_IRQHandler                   0x0800025b   Thumb Code     0  startup_stm32f407xx.o(.text)
    OTG_HS_EP1_IN_IRQHandler                 0x0800025b   Thumb Code     0  startup_stm32f407xx.o(.text)
    OTG_HS_EP1_OUT_IRQHandler                0x0800025b   Thumb Code     0  startup_stm32f407xx.o(.text)
    OTG_HS_IRQHandler                        0x0800025b   Thumb Code     0  startup_stm32f407xx.o(.text)
    OTG_HS_WKUP_IRQHandler                   0x0800025b   Thumb Code     0  startup_stm32f407xx.o(.text)
    PVD_IRQHandler                           0x0800025b   Thumb Code     0  startup_stm32f407xx.o(.text)
    RCC_IRQHandler                           0x0800025b   Thumb Code     0  startup_stm32f407xx.o(.text)
    RTC_Alarm_IRQHandler                     0x0800025b   Thumb Code     0  startup_stm32f407xx.o(.text)
    RTC_WKUP_IRQHandler                      0x0800025b   Thumb Code     0  startup_stm32f407xx.o(.text)
    SDIO_IRQHandler                          0x0800025b   Thumb Code     0  startup_stm32f407xx.o(.text)
    SPI1_IRQHandler                          0x0800025b   Thumb Code     0  startup_stm32f407xx.o(.text)
    SPI2_IRQHandler                          0x0800025b   Thumb Code     0  startup_stm32f407xx.o(.text)
    SPI3_IRQHandler                          0x0800025b   Thumb Code     0  startup_stm32f407xx.o(.text)
    TAMP_STAMP_IRQHandler                    0x0800025b   Thumb Code     0  startup_stm32f407xx.o(.text)
    TIM1_BRK_TIM9_IRQHandler                 0x0800025b   Thumb Code     0  startup_stm32f407xx.o(.text)
    TIM1_CC_IRQHandler                       0x0800025b   Thumb Code     0  startup_stm32f407xx.o(.text)
    TIM1_TRG_COM_TIM11_IRQHandler            0x0800025b   Thumb Code     0  startup_stm32f407xx.o(.text)
    TIM1_UP_TIM10_IRQHandler                 0x0800025b   Thumb Code     0  startup_stm32f407xx.o(.text)
    TIM2_IRQHandler                          0x0800025b   Thumb Code     0  startup_stm32f407xx.o(.text)
    TIM3_IRQHandler                          0x0800025b   Thumb Code     0  startup_stm32f407xx.o(.text)
    TIM4_IRQHandler                          0x0800025b   Thumb Code     0  startup_stm32f407xx.o(.text)
    TIM5_IRQHandler                          0x0800025b   Thumb Code     0  startup_stm32f407xx.o(.text)
    TIM7_IRQHandler                          0x0800025b   Thumb Code     0  startup_stm32f407xx.o(.text)
    TIM8_BRK_TIM12_IRQHandler                0x0800025b   Thumb Code     0  startup_stm32f407xx.o(.text)
    TIM8_CC_IRQHandler                       0x0800025b   Thumb Code     0  startup_stm32f407xx.o(.text)
    TIM8_TRG_COM_TIM14_IRQHandler            0x0800025b   Thumb Code     0  startup_stm32f407xx.o(.text)
    TIM8_UP_TIM13_IRQHandler                 0x0800025b   Thumb Code     0  startup_stm32f407xx.o(.text)
    UART4_IRQHandler                         0x0800025b   Thumb Code     0  startup_stm32f407xx.o(.text)
    UART5_IRQHandler                         0x0800025b   Thumb Code     0  startup_stm32f407xx.o(.text)
    USART1_IRQHandler                        0x0800025b   Thumb Code     0  startup_stm32f407xx.o(.text)
    USART2_IRQHandler                        0x0800025b   Thumb Code     0  startup_stm32f407xx.o(.text)
    WWDG_IRQHandler                          0x0800025b   Thumb Code     0  startup_stm32f407xx.o(.text)
    __user_initial_stackheap                 0x0800025d   Thumb Code     0  startup_stm32f407xx.o(.text)
    __aeabi_uldivmod                         0x08000281   Thumb Code     0  lludivv7m.o(.text)
    _ll_udiv                                 0x08000281   Thumb Code   238  lludivv7m.o(.text)
    __aeabi_memcpy                           0x0800036f   Thumb Code     0  rt_memcpy_v6.o(.text)
    __rt_memcpy                              0x0800036f   Thumb Code   138  rt_memcpy_v6.o(.text)
    _memcpy_lastbytes                        0x080003d5   Thumb Code     0  rt_memcpy_v6.o(.text)
    __aeabi_memset4                          0x080003f9   Thumb Code    16  aeabi_memset4.o(.text)
    __aeabi_memset8                          0x080003f9   Thumb Code     0  aeabi_memset4.o(.text)
    __aeabi_memclr4                          0x08000409   Thumb Code     0  rt_memclr_w.o(.text)
    __aeabi_memclr8                          0x08000409   Thumb Code     0  rt_memclr_w.o(.text)
    __rt_memclr_w                            0x08000409   Thumb Code    78  rt_memclr_w.o(.text)
    _memset_w                                0x0800040d   Thumb Code     0  rt_memclr_w.o(.text)
    __use_two_region_memory                  0x08000457   Thumb Code     2  heapauxi.o(.text)
    __rt_heap_escrow                         0x08000459   Thumb Code     2  heapauxi.o(.text)
    __rt_heap_expand                         0x0800045b   Thumb Code     2  heapauxi.o(.text)
    __cpp_initialize__aeabi_                 0x0800045d   Thumb Code    26  init_aeabi.o(.text)
    malloc                                   0x08000481   Thumb Code    94  h1_alloc.o(.text)
    free                                     0x080004df   Thumb Code    78  h1_free.o(.text)
    __aeabi_memcpy4                          0x0800052d   Thumb Code     0  rt_memcpy_w.o(.text)
    __aeabi_memcpy8                          0x0800052d   Thumb Code     0  rt_memcpy_w.o(.text)
    __rt_memcpy_w                            0x0800052d   Thumb Code   100  rt_memcpy_w.o(.text)
    _memcpy_lastbytes_aligned                0x08000575   Thumb Code     0  rt_memcpy_w.o(.text)
    _sys_exit                                0x08000591   Thumb Code     8  sys_exit.o(.text)
    __rt_heap_descriptor                     0x0800059d   Thumb Code     8  rt_heap_descriptor_intlibspace.o(.text)
    __use_no_heap                            0x080005a5   Thumb Code     2  hguard.o(.text)
    __heap$guard                             0x080005a7   Thumb Code     2  hguard.o(.text)
    _terminate_user_alloc                    0x080005a9   Thumb Code     2  init_alloc.o(.text)
    _init_user_alloc                         0x080005ab   Thumb Code     2  init_alloc.o(.text)
    __Heap_Full                              0x080005ad   Thumb Code    34  init_alloc.o(.text)
    __Heap_Broken                            0x080005cf   Thumb Code     6  init_alloc.o(.text)
    _init_alloc                              0x080005d5   Thumb Code    94  init_alloc.o(.text)
    __Heap_Initialize                        0x08000633   Thumb Code    10  h1_init.o(.text)
    __Heap_DescSize                          0x0800063d   Thumb Code     4  h1_init.o(.text)
    __ARM_get_argv                           0x08000641   Thumb Code   264  _get_argv.o(.text)
    _sys_command_string                      0x08000749   Thumb Code    24  sys_command.o(.text)
    __user_libspace                          0x08000761   Thumb Code     8  libspace.o(.text)
    __user_perproc_libspace                  0x08000761   Thumb Code     0  libspace.o(.text)
    __user_perthread_libspace                0x08000761   Thumb Code     0  libspace.o(.text)
    __I$use$semihosting                      0x08000769   Thumb Code     0  use_no_semi.o(.text)
    __use_no_semihosting_swi                 0x08000769   Thumb Code     2  use_no_semi.o(.text)
    __semihosting_library_function           0x0800076b   Thumb Code     0  indicate_semi.o(.text)
    __user_setup_stackheap                   0x0800076b   Thumb Code    74  sys_stackheap_outer.o(.text)
    __use_no_heap_region                     0x080007b5   Thumb Code     2  hrguard.o(.text)
    __heap_region$guard                      0x080007b7   Thumb Code     2  hrguard.o(.text)
    __Heap_ProvideMemory                     0x080007b9   Thumb Code    52  h1_extend.o(.text)
    _maybe_terminate_alloc                   0x080007b9   Thumb Code     0  maybetermalloc1.o(.text)
    exit                                     0x080007ed   Thumb Code    18  exit.o(.text)
    __sig_exit                               0x080007ff   Thumb Code    10  defsig_exit.o(.text)
    __rt_SIGRTMEM                            0x08000809   Thumb Code    14  defsig_rtmem_outer.o(.text)
    __default_signal_display                 0x08000817   Thumb Code    50  defsig_general.o(.text)
    __rt_SIGRTMEM_inner                      0x08000849   Thumb Code    22  defsig_rtmem_inner.o(.text)
    _ttywrch                                 0x08000899   Thumb Code    14  sys_wrch.o(.text)
    BusFault_Handler                         0x080008a9   Thumb Code     4  stm32f4xx_it.o(.text.BusFault_Handler)
    CAN1_RX0_IRQHandler                      0x080008ad   Thumb Code    16  stm32f4xx_it.o(.text.CAN1_RX0_IRQHandler)
    CAN1_RX1_IRQHandler                      0x080008bd   Thumb Code    16  stm32f4xx_it.o(.text.CAN1_RX1_IRQHandler)
    CAN2_RX0_IRQHandler                      0x080008cd   Thumb Code    16  stm32f4xx_it.o(.text.CAN2_RX0_IRQHandler)
    CAN2_RX1_IRQHandler                      0x080008dd   Thumb Code    16  stm32f4xx_it.o(.text.CAN2_RX1_IRQHandler)
    DebugMon_Handler                         0x080008ed   Thumb Code     2  stm32f4xx_it.o(.text.DebugMon_Handler)
    Error_Handler                            0x080008f1   Thumb Code     6  main.o(.text.Error_Handler)
    HAL_CAN_ErrorCallback                    0x080008f9   Thumb Code    12  stm32f4xx_hal_can.o(.text.HAL_CAN_ErrorCallback)
    HAL_CAN_GetRxMessage                     0x08000905   Thumb Code   562  stm32f4xx_hal_can.o(.text.HAL_CAN_GetRxMessage)
    HAL_CAN_IRQHandler                       0x08000b39   Thumb Code  1032  stm32f4xx_hal_can.o(.text.HAL_CAN_IRQHandler)
    HAL_CAN_Init                             0x08000f41   Thumb Code   496  stm32f4xx_hal_can.o(.text.HAL_CAN_Init)
    HAL_CAN_MspInit                          0x08001131   Thumb Code   454  can.o(.text.HAL_CAN_MspInit)
    HAL_CAN_RxFifo0FullCallback              0x080012f9   Thumb Code    12  stm32f4xx_hal_can.o(.text.HAL_CAN_RxFifo0FullCallback)
    HAL_CAN_RxFifo0MsgPendingCallback        0x08001305   Thumb Code   504  candevice.o(.text.HAL_CAN_RxFifo0MsgPendingCallback)
    HAL_CAN_RxFifo1FullCallback              0x080014fd   Thumb Code    12  stm32f4xx_hal_can.o(.text.HAL_CAN_RxFifo1FullCallback)
    HAL_CAN_RxFifo1MsgPendingCallback        0x08001509   Thumb Code    12  stm32f4xx_hal_can.o(.text.HAL_CAN_RxFifo1MsgPendingCallback)
    HAL_CAN_SleepCallback                    0x08001515   Thumb Code    12  stm32f4xx_hal_can.o(.text.HAL_CAN_SleepCallback)
    HAL_CAN_TxMailbox0AbortCallback          0x08001521   Thumb Code    12  stm32f4xx_hal_can.o(.text.HAL_CAN_TxMailbox0AbortCallback)
    HAL_CAN_TxMailbox0CompleteCallback       0x0800152d   Thumb Code    12  stm32f4xx_hal_can.o(.text.HAL_CAN_TxMailbox0CompleteCallback)
    HAL_CAN_TxMailbox1AbortCallback          0x08001539   Thumb Code    12  stm32f4xx_hal_can.o(.text.HAL_CAN_TxMailbox1AbortCallback)
    HAL_CAN_TxMailbox1CompleteCallback       0x08001545   Thumb Code    12  stm32f4xx_hal_can.o(.text.HAL_CAN_TxMailbox1CompleteCallback)
    HAL_CAN_TxMailbox2AbortCallback          0x08001551   Thumb Code    12  stm32f4xx_hal_can.o(.text.HAL_CAN_TxMailbox2AbortCallback)
    HAL_CAN_TxMailbox2CompleteCallback       0x0800155d   Thumb Code    12  stm32f4xx_hal_can.o(.text.HAL_CAN_TxMailbox2CompleteCallback)
    HAL_CAN_WakeUpFromRxMsgCallback          0x08001569   Thumb Code    12  stm32f4xx_hal_can.o(.text.HAL_CAN_WakeUpFromRxMsgCallback)
    HAL_DMA_Abort                            0x08001575   Thumb Code   252  stm32f4xx_hal_dma.o(.text.HAL_DMA_Abort)
    HAL_DMA_Abort_IT                         0x08001671   Thumb Code    72  stm32f4xx_hal_dma.o(.text.HAL_DMA_Abort_IT)
    HAL_GPIO_Init                            0x080016b9   Thumb Code   976  stm32f4xx_hal_gpio.o(.text.HAL_GPIO_Init)
    HAL_GetTick                              0x08001a89   Thumb Code    12  stm32f4xx_hal.o(.text.HAL_GetTick)
    HAL_IncTick                              0x08001a95   Thumb Code    26  stm32f4xx_hal.o(.text.HAL_IncTick)
    HAL_Init                                 0x08001ab1   Thumb Code    60  stm32f4xx_hal.o(.text.HAL_Init)
    HAL_InitTick                             0x08001aed   Thumb Code   256  stm32f4xx_hal_timebase_tim.o(.text.HAL_InitTick)
    HAL_MspInit                              0x08001bed   Thumb Code    92  stm32f4xx_hal_msp.o(.text.HAL_MspInit)
    HAL_NVIC_EnableIRQ                       0x08001c49   Thumb Code    24  stm32f4xx_hal_cortex.o(.text.HAL_NVIC_EnableIRQ)
    HAL_NVIC_SetPriority                     0x08001c61   Thumb Code    70  stm32f4xx_hal_cortex.o(.text.HAL_NVIC_SetPriority)
    HAL_NVIC_SetPriorityGrouping             0x08001ca9   Thumb Code    20  stm32f4xx_hal_cortex.o(.text.HAL_NVIC_SetPriorityGrouping)
    HAL_RCC_ClockConfig                      0x08001cbd   Thumb Code   630  stm32f4xx_hal_rcc.o(.text.HAL_RCC_ClockConfig)
    HAL_RCC_GetClockConfig                   0x08001f35   Thumb Code   104  stm32f4xx_hal_rcc.o(.text.HAL_RCC_GetClockConfig)
    HAL_RCC_GetHCLKFreq                      0x08001f9d   Thumb Code    12  stm32f4xx_hal_rcc.o(.text.HAL_RCC_GetHCLKFreq)
    HAL_RCC_GetPCLK1Freq                     0x08001fa9   Thumb Code    38  stm32f4xx_hal_rcc.o(.text.HAL_RCC_GetPCLK1Freq)
    HAL_RCC_GetPCLK2Freq                     0x08001fd1   Thumb Code    38  stm32f4xx_hal_rcc.o(.text.HAL_RCC_GetPCLK2Freq)
    HAL_RCC_GetSysClockFreq                  0x08001ff9   Thumb Code   232  stm32f4xx_hal_rcc.o(.text.HAL_RCC_GetSysClockFreq)
    HAL_RCC_OscConfig                        0x080020e1   Thumb Code  1792  stm32f4xx_hal_rcc.o(.text.HAL_RCC_OscConfig)
    HAL_TIMEx_BreakCallback                  0x080027e1   Thumb Code    12  stm32f4xx_hal_tim_ex.o(.text.HAL_TIMEx_BreakCallback)
    HAL_TIMEx_CommutCallback                 0x080027ed   Thumb Code    12  stm32f4xx_hal_tim_ex.o(.text.HAL_TIMEx_CommutCallback)
    HAL_TIM_Base_Init                        0x080027f9   Thumb Code   170  stm32f4xx_hal_tim.o(.text.HAL_TIM_Base_Init)
    HAL_TIM_Base_MspInit                     0x080028a5   Thumb Code    12  stm32f4xx_hal_tim.o(.text.HAL_TIM_Base_MspInit)
    HAL_TIM_Base_Start_IT                    0x080028b1   Thumb Code   250  stm32f4xx_hal_tim.o(.text.HAL_TIM_Base_Start_IT)
    HAL_TIM_IC_CaptureCallback               0x080029ad   Thumb Code    12  stm32f4xx_hal_tim.o(.text.HAL_TIM_IC_CaptureCallback)
    HAL_TIM_IRQHandler                       0x080029b9   Thumb Code   518  stm32f4xx_hal_tim.o(.text.HAL_TIM_IRQHandler)
    HAL_TIM_OC_DelayElapsedCallback          0x08002bc1   Thumb Code    12  stm32f4xx_hal_tim.o(.text.HAL_TIM_OC_DelayElapsedCallback)
    HAL_TIM_PWM_PulseFinishedCallback        0x08002bcd   Thumb Code    12  stm32f4xx_hal_tim.o(.text.HAL_TIM_PWM_PulseFinishedCallback)
    HAL_TIM_PeriodElapsedCallback            0x08002bd9   Thumb Code    38  main.o(.text.HAL_TIM_PeriodElapsedCallback)
    HAL_TIM_TriggerCallback                  0x08002c01   Thumb Code    12  stm32f4xx_hal_tim.o(.text.HAL_TIM_TriggerCallback)
    HAL_UARTEx_RxEventCallback               0x08002c0d   Thumb Code    20  stm32f4xx_hal_uart.o(.text.HAL_UARTEx_RxEventCallback)
    HAL_UART_ErrorCallback                   0x08002c21   Thumb Code    12  stm32f4xx_hal_uart.o(.text.HAL_UART_ErrorCallback)
    HAL_UART_IRQHandler                      0x08002c2d   Thumb Code  1106  stm32f4xx_hal_uart.o(.text.HAL_UART_IRQHandler)
    HAL_UART_Init                            0x08003081   Thumb Code   170  stm32f4xx_hal_uart.o(.text.HAL_UART_Init)
    HAL_UART_MspInit                         0x0800312d   Thumb Code   416  usart.o(.text.HAL_UART_MspInit)
    HAL_UART_Receive_IT                      0x080032cd   Thumb Code   106  stm32f4xx_hal_uart.o(.text.HAL_UART_Receive_IT)
    HAL_UART_RxCpltCallback                  0x08003339   Thumb Code   140  serialdevice.o(.text.HAL_UART_RxCpltCallback)
    HAL_UART_TxCpltCallback                  0x080033c5   Thumb Code    12  stm32f4xx_hal_uart.o(.text.HAL_UART_TxCpltCallback)
    HardFault_Handler                        0x080033d1   Thumb Code     4  stm32f4xx_it.o(.text.HardFault_Handler)
    MX_CAN1_Init                             0x080033d5   Thumb Code    72  can.o(.text.MX_CAN1_Init)
    MX_CAN2_Init                             0x0800341d   Thumb Code    72  can.o(.text.MX_CAN2_Init)
    MX_FREERTOS_Init                         0x08003465   Thumb Code    36  freertos.o(.text.MX_FREERTOS_Init)
    MX_GPIO_Init                             0x08003489   Thumb Code   222  gpio.o(.text.MX_GPIO_Init)
    MX_USART3_UART_Init                      0x08003569   Thumb Code    64  usart.o(.text.MX_USART3_UART_Init)
    MX_USART6_UART_Init                      0x080035a9   Thumb Code    60  usart.o(.text.MX_USART6_UART_Init)
    MemManage_Handler                        0x080035e5   Thumb Code     4  stm32f4xx_it.o(.text.MemManage_Handler)
    NMI_Handler                              0x080035e9   Thumb Code     4  stm32f4xx_it.o(.text.NMI_Handler)
    PendSV_Handler                           0x08003671   Thumb Code   100  port.o(.text.PendSV_Handler)
    SVC_Handler                              0x080036e1   Thumb Code    36  port.o(.text.SVC_Handler)
    StartDefaultTask                         0x08003715   Thumb Code    32  freertos.o(.text.StartDefaultTask)
    Start_tasks                              0x08003735   Thumb Code     2  start.o(.text.Start_tasks)
    SysTick_Handler                          0x08003739   Thumb Code    36  cmsis_os2.o(.text.SysTick_Handler)
    SystemClock_Config                       0x0800375d   Thumb Code   194  main.o(.text.SystemClock_Config)
    SystemInit                               0x08003821   Thumb Code    18  system_stm32f4xx.o(.text.SystemInit)
    TIM6_DAC_IRQHandler                      0x08003835   Thumb Code    16  stm32f4xx_it.o(.text.TIM6_DAC_IRQHandler)
    TIM_Base_SetConfig                       0x08003845   Thumb Code   442  stm32f4xx_hal_tim.o(.text.TIM_Base_SetConfig)
    UART_Start_Receive_IT                    0x08003dc9   Thumb Code   118  stm32f4xx_hal_uart.o(.text.UART_Start_Receive_IT)
    USART3_IRQHandler                        0x08003ee1   Thumb Code    16  stm32f4xx_it.o(.text.USART3_IRQHandler)
    USART6_IRQHandler                        0x08003ef1   Thumb Code    16  stm32f4xx_it.o(.text.USART6_IRQHandler)
    UsageFault_Handler                       0x08003f01   Thumb Code     4  stm32f4xx_it.o(.text.UsageFault_Handler)
    TaskInfo::TaskInfo__sub_object()         0x08003f0d   Thumb Code    70  taskmanager.o(.text._ZN8TaskInfoC2Ev)
    before_Start_tasks                       0x080040ad   Thumb Code     2  start.o(.text.before_Start_tasks)
    main                                     0x080040b1   Thumb Code    58  main.o(.text.main)
    osDelay                                  0x080040ed   Thumb Code    60  cmsis_os2.o(.text.osDelay)
    osKernelInitialize                       0x08004129   Thumb Code    74  cmsis_os2.o(.text.osKernelInitialize)
    osKernelStart                            0x08004175   Thumb Code    86  cmsis_os2.o(.text.osKernelStart)
    osThreadNew                              0x080041cd   Thumb Code   384  cmsis_os2.o(.text.osThreadNew)
    pvPortMalloc                             0x080053b1   Thumb Code   544  heap_4.o(.text.pvPortMalloc)
    pxPortInitialiseStack                    0x080055d1   Thumb Code   112  port.o(.text.pxPortInitialiseStack)
    uxListRemove                             0x08005641   Thumb Code    76  list.o(.text.uxListRemove)
    vApplicationGetIdleTaskMemory            0x0800568d   Thumb Code    60  cmsis_os2.o(.text.vApplicationGetIdleTaskMemory)
    vApplicationGetTimerTaskMemory           0x080056c9   Thumb Code    62  cmsis_os2.o(.text.vApplicationGetTimerTaskMemory)
    vListInitialise                          0x08005709   Thumb Code    50  list.o(.text.vListInitialise)
    vListInitialiseItem                      0x0800573d   Thumb Code    18  list.o(.text.vListInitialiseItem)
    vListInsert                              0x08005751   Thumb Code   116  list.o(.text.vListInsert)
    vListInsertEnd                           0x080057c5   Thumb Code    66  list.o(.text.vListInsertEnd)
    vPortEnterCritical                       0x0800581d   Thumb Code    94  port.o(.text.vPortEnterCritical)
    vPortExitCritical                        0x0800587d   Thumb Code    78  port.o(.text.vPortExitCritical)
    vPortFree                                0x080058cd   Thumb Code   232  heap_4.o(.text.vPortFree)
    vPortSetupTimerInterrupt                 0x080059b5   Thumb Code    74  port.o(.text.vPortSetupTimerInterrupt)
    vPortValidateInterruptPriority           0x08005a01   Thumb Code   132  port.o(.text.vPortValidateInterruptPriority)
    vQueueAddToRegistry                      0x08005a85   Thumb Code    92  queue.o(.text.vQueueAddToRegistry)
    vQueueWaitForMessageRestricted           0x08005ae1   Thumb Code   128  queue.o(.text.vQueueWaitForMessageRestricted)
    vTaskDelay                               0x08005b61   Thumb Code   126  tasks.o(.text.vTaskDelay)
    vTaskInternalSetTimeOutState             0x08005be1   Thumb Code    40  tasks.o(.text.vTaskInternalSetTimeOutState)
    vTaskMissedYield                         0x08005c09   Thumb Code    14  tasks.o(.text.vTaskMissedYield)
    vTaskPlaceOnEventList                    0x08005c19   Thumb Code    76  tasks.o(.text.vTaskPlaceOnEventList)
    vTaskPlaceOnEventListRestricted          0x08005c65   Thumb Code   102  tasks.o(.text.vTaskPlaceOnEventListRestricted)
    vTaskStartScheduler                      0x08005ccd   Thumb Code   238  tasks.o(.text.vTaskStartScheduler)
    vTaskSuspendAll                          0x08005dbd   Thumb Code    16  tasks.o(.text.vTaskSuspendAll)
    vTaskSwitchContext                       0x08005dcd   Thumb Code   210  tasks.o(.text.vTaskSwitchContext)
    xPortStartScheduler                      0x08005ea1   Thumb Code   382  port.o(.text.xPortStartScheduler)
    xPortSysTickHandler                      0x08006021   Thumb Code    62  port.o(.text.xPortSysTickHandler)
    xQueueGenericCreateStatic                0x08006061   Thumb Code   322  queue.o(.text.xQueueGenericCreateStatic)
    xQueueGenericReset                       0x080061a5   Thumb Code   220  queue.o(.text.xQueueGenericReset)
    xQueueGenericSend                        0x08006281   Thumb Code   644  queue.o(.text.xQueueGenericSend)
    xQueueGenericSendFromISR                 0x08006505   Thumb Code   384  queue.o(.text.xQueueGenericSendFromISR)
    xQueueReceive                            0x08006685   Thumb Code   564  queue.o(.text.xQueueReceive)
    xTaskCheckForTimeOut                     0x080068b9   Thumb Code   226  tasks.o(.text.xTaskCheckForTimeOut)
    xTaskCreate                              0x0800699d   Thumb Code   190  tasks.o(.text.xTaskCreate)
    xTaskCreateStatic                        0x08006a5d   Thumb Code   268  tasks.o(.text.xTaskCreateStatic)
    xTaskGetSchedulerState                   0x08006b69   Thumb Code    60  tasks.o(.text.xTaskGetSchedulerState)
    xTaskGetTickCount                        0x08006ba5   Thumb Code    20  tasks.o(.text.xTaskGetTickCount)
    xTaskIncrementTick                       0x08006bb9   Thumb Code   490  tasks.o(.text.xTaskIncrementTick)
    xTaskPriorityDisinherit                  0x08006da5   Thumb Code   260  tasks.o(.text.xTaskPriorityDisinherit)
    xTaskRemoveFromEventList                 0x08006ea9   Thumb Code   232  tasks.o(.text.xTaskRemoveFromEventList)
    xTaskResumeAll                           0x08006f91   Thumb Code   432  tasks.o(.text.xTaskResumeAll)
    xTimerCreateTimerTask                    0x08007141   Thumb Code   154  timers.o(.text.xTimerCreateTimerTask)
    xTimerGenericCommand                     0x080071dd   Thumb Code   204  timers.o(.text.xTimerGenericCommand)
    _fp_init                                 0x080072a9   Thumb Code    10  fpinit.o(x$fpl$fpinit)
    __fplib_config_fpu_vfp                   0x080072b1   Thumb Code     0  fpinit.o(x$fpl$fpinit)
    __fplib_config_pureend_doubles           0x080072b1   Thumb Code     0  fpinit.o(x$fpl$fpinit)
    AHBPrescTable                            0x080072b2   Data          16  system_stm32f4xx.o(.rodata.AHBPrescTable)
    APBPrescTable                            0x080072c2   Data           8  system_stm32f4xx.o(.rodata.APBPrescTable)
    defaultTask_attributes                   0x080072cc   Data          36  freertos.o(.rodata.defaultTask_attributes)
    Region$$Table$$Base                      0x08007310   Number         0  anon$$obj.o(Region$$Table)
    Region$$Table$$Limit                     0x08007330   Number         0  anon$$obj.o(Region$$Table)
    SHT$$INIT_ARRAY$$Base                    0x08007330   Number         0  taskmanager.o(.init_array)
    SHT$$INIT_ARRAY$$Limit                   0x08007334   Number         0  taskmanager.o(.init_array)
    SystemCoreClock                          0x20000000   Data           4  system_stm32f4xx.o(.data.SystemCoreClock)
    uwTickFreq                               0x20000004   Data           1  stm32f4xx_hal.o(.data.uwTickFreq)
    uwTickPrio                               0x20000008   Data           4  stm32f4xx_hal.o(.data.uwTickPrio)
    __libspace_start                         0x20000010   Data          96  libspace.o(.bss)
    __temporary_stack_top$libspace           0x20000070   Data           0  libspace.o(.bss)
    CanManager::RxData1                      0x20000078   Data           8  candevice.o(.bss._ZN10CanManager7RxData1E)
    CanManager::RxData2                      0x20000080   Data           8  candevice.o(.bss._ZN10CanManager7RxData2E)
    TaskManager::tasks                       0x20000088   Data        1120  taskmanager.o(.bss._ZN11TaskManager5tasksE)
    SerialDevice::instances_                 0x200004e8   Data          32  serialdevice.o(.bss._ZN12SerialDevice10instances_E)
    SerialDevice::instanceCount_             0x20000508   Data           4  serialdevice.o(.bss._ZN12SerialDevice14instanceCount_E)
    CanDevice::Can1_Instances1               0x2000050c   Data          20  candevice.o(.bss._ZN9CanDevice15Can1_Instances1E)
    CanDevice::Can1_Instances2               0x20000520   Data          20  candevice.o(.bss._ZN9CanDevice15Can1_Instances2E)
    CanDevice::Can2_Instances1               0x20000534   Data          20  candevice.o(.bss._ZN9CanDevice15Can2_Instances1E)
    CanDevice::Can2_Instances2               0x20000548   Data          20  candevice.o(.bss._ZN9CanDevice15Can2_Instances2E)
    defaultTaskHandle                        0x2000055c   Data           4  freertos.o(.bss.defaultTaskHandle)
    hcan1                                    0x20000560   Data          40  can.o(.bss.hcan1)
    hcan2                                    0x20000588   Data          40  can.o(.bss.hcan2)
    htim6                                    0x200005b0   Data          72  stm32f4xx_hal_timebase_tim.o(.bss.htim6)
    huart3                                   0x200005f8   Data          72  usart.o(.bss.huart3)
    huart6                                   0x20000640   Data          72  usart.o(.bss.huart6)
    pxCurrentTCB                             0x2000077c   Data           4  tasks.o(.bss.pxCurrentTCB)
    uwTick                                   0x200047fc   Data           4  stm32f4xx_hal.o(.bss.uwTick)
    xQueueRegistry                           0x20004f54   Data          64  queue.o(.bss.xQueueRegistry)



==============================================================================

Memory Map of the image

  Image Entry point : 0x08000189

  Load Region LR_IROM1 (Base: 0x08000000, Size: 0x00007348, Max: 0x00100000, ABSOLUTE)

    Execution Region ER_IROM1 (Exec base: 0x08000000, Load base: 0x08000000, Size: 0x00007334, Max: 0x00100000, ABSOLUTE)

    Exec Addr    Load Addr    Size         Type   Attr      Idx    E Section Name        Object

    0x08000000   0x08000000   0x00000188   Data   RO            3    RESET               startup_stm32f407xx.o
    0x08000188   0x08000188   0x00000008   Code   RO         2102  * !!!main             c_w.l(__main.o)
    0x08000190   0x08000190   0x00000034   Code   RO         3014    !!!scatter          c_w.l(__scatter.o)
    0x080001c4   0x080001c4   0x0000001a   Code   RO         3016    !!handler_copy      c_w.l(__scatter_copy.o)
    0x080001de   0x080001de   0x00000002   PAD
    0x080001e0   0x080001e0   0x0000001c   Code   RO         3018    !!handler_zi        c_w.l(__scatter_zi.o)
    0x080001fc   0x080001fc   0x00000002   Code   RO         2921    .ARM.Collect$$libinit$$00000000  c_w.l(libinit.o)
    0x080001fe   0x080001fe   0x00000004   Code   RO         2276    .ARM.Collect$$libinit$$00000001  c_w.l(libinit2.o)
    0x08000202   0x08000202   0x00000000   Code   RO         2279    .ARM.Collect$$libinit$$00000004  c_w.l(libinit2.o)
    0x08000202   0x08000202   0x00000008   Code   RO         2280    .ARM.Collect$$libinit$$00000005  c_w.l(libinit2.o)
    0x0800020a   0x0800020a   0x00000000   Code   RO         2282    .ARM.Collect$$libinit$$0000000A  c_w.l(libinit2.o)
    0x0800020a   0x0800020a   0x00000000   Code   RO         2284    .ARM.Collect$$libinit$$0000000C  c_w.l(libinit2.o)
    0x0800020a   0x0800020a   0x00000000   Code   RO         2286    .ARM.Collect$$libinit$$0000000E  c_w.l(libinit2.o)
    0x0800020a   0x0800020a   0x00000000   Code   RO         2289    .ARM.Collect$$libinit$$00000011  c_w.l(libinit2.o)
    0x0800020a   0x0800020a   0x00000000   Code   RO         2291    .ARM.Collect$$libinit$$00000013  c_w.l(libinit2.o)
    0x0800020a   0x0800020a   0x00000000   Code   RO         2293    .ARM.Collect$$libinit$$00000015  c_w.l(libinit2.o)
    0x0800020a   0x0800020a   0x00000000   Code   RO         2295    .ARM.Collect$$libinit$$00000017  c_w.l(libinit2.o)
    0x0800020a   0x0800020a   0x00000000   Code   RO         2297    .ARM.Collect$$libinit$$00000019  c_w.l(libinit2.o)
    0x0800020a   0x0800020a   0x00000000   Code   RO         2299    .ARM.Collect$$libinit$$0000001B  c_w.l(libinit2.o)
    0x0800020a   0x0800020a   0x00000000   Code   RO         2301    .ARM.Collect$$libinit$$0000001D  c_w.l(libinit2.o)
    0x0800020a   0x0800020a   0x00000000   Code   RO         2303    .ARM.Collect$$libinit$$0000001F  c_w.l(libinit2.o)
    0x0800020a   0x0800020a   0x00000000   Code   RO         2305    .ARM.Collect$$libinit$$00000021  c_w.l(libinit2.o)
    0x0800020a   0x0800020a   0x00000000   Code   RO         2307    .ARM.Collect$$libinit$$00000023  c_w.l(libinit2.o)
    0x0800020a   0x0800020a   0x00000000   Code   RO         2309    .ARM.Collect$$libinit$$00000025  c_w.l(libinit2.o)
    0x0800020a   0x0800020a   0x00000008   Code   RO         2310    .ARM.Collect$$libinit$$00000026  c_w.l(libinit2.o)
    0x08000212   0x08000212   0x00000000   Code   RO         2315    .ARM.Collect$$libinit$$0000002E  c_w.l(libinit2.o)
    0x08000212   0x08000212   0x00000000   Code   RO         2317    .ARM.Collect$$libinit$$00000030  c_w.l(libinit2.o)
    0x08000212   0x08000212   0x00000004   Code   RO         2318    .ARM.Collect$$libinit$$00000031  c_w.l(libinit2.o)
    0x08000216   0x08000216   0x00000000   Code   RO         2319    .ARM.Collect$$libinit$$00000032  c_w.l(libinit2.o)
    0x08000216   0x08000216   0x00000002   Code   RO         2320    .ARM.Collect$$libinit$$00000033  c_w.l(libinit2.o)
    0x08000218   0x08000218   0x00000002   Code   RO         3011    .ARM.Collect$$libshutdown$$00000000  c_w.l(libshutdown.o)
    0x0800021a   0x0800021a   0x00000000   Code   RO         2982    .ARM.Collect$$libshutdown$$00000002  c_w.l(libshutdown2.o)
    0x0800021a   0x0800021a   0x00000000   Code   RO         2984    .ARM.Collect$$libshutdown$$00000004  c_w.l(libshutdown2.o)
    0x0800021a   0x0800021a   0x00000000   Code   RO         2987    .ARM.Collect$$libshutdown$$00000007  c_w.l(libshutdown2.o)
    0x0800021a   0x0800021a   0x00000000   Code   RO         2990    .ARM.Collect$$libshutdown$$0000000A  c_w.l(libshutdown2.o)
    0x0800021a   0x0800021a   0x00000000   Code   RO         2992    .ARM.Collect$$libshutdown$$0000000C  c_w.l(libshutdown2.o)
    0x0800021a   0x0800021a   0x00000000   Code   RO         2995    .ARM.Collect$$libshutdown$$0000000F  c_w.l(libshutdown2.o)
    0x0800021a   0x0800021a   0x00000002   Code   RO         2996    .ARM.Collect$$libshutdown$$00000010  c_w.l(libshutdown2.o)
    0x0800021c   0x0800021c   0x00000000   Code   RO         2201    .ARM.Collect$$rtentry$$00000000  c_w.l(__rtentry.o)
    0x0800021c   0x0800021c   0x00000000   Code   RO         2533    .ARM.Collect$$rtentry$$00000002  c_w.l(__rtentry2.o)
    0x0800021c   0x0800021c   0x00000006   Code   RO         2545    .ARM.Collect$$rtentry$$00000004  c_w.l(__rtentry4.o)
    0x08000222   0x08000222   0x00000000   Code   RO         2535    .ARM.Collect$$rtentry$$00000009  c_w.l(__rtentry2.o)
    0x08000222   0x08000222   0x00000004   Code   RO         2536    .ARM.Collect$$rtentry$$0000000A  c_w.l(__rtentry2.o)
    0x08000226   0x08000226   0x00000000   Code   RO         2538    .ARM.Collect$$rtentry$$0000000C  c_w.l(__rtentry2.o)
    0x08000226   0x08000226   0x00000008   Code   RO         2539    .ARM.Collect$$rtentry$$0000000D  c_w.l(__rtentry2.o)
    0x0800022e   0x0800022e   0x00000002   Code   RO         2952    .ARM.Collect$$rtexit$$00000000  c_w.l(rtexit.o)
    0x08000230   0x08000230   0x00000000   Code   RO         2969    .ARM.Collect$$rtexit$$00000002  c_w.l(rtexit2.o)
    0x08000230   0x08000230   0x00000004   Code   RO         2970    .ARM.Collect$$rtexit$$00000003  c_w.l(rtexit2.o)
    0x08000234   0x08000234   0x00000006   Code   RO         2971    .ARM.Collect$$rtexit$$00000004  c_w.l(rtexit2.o)
    0x0800023a   0x0800023a   0x00000002   PAD
    0x0800023c   0x0800023c   0x00000004   Code   RO         2580    .emb_text           c_w.l(argv_veneer.o)
    0x08000240   0x08000240   0x00000040   Code   RO            4    .text               startup_stm32f407xx.o
    0x08000280   0x08000280   0x000000ee   Code   RO         2086    .text               c_w.l(lludivv7m.o)
    0x0800036e   0x0800036e   0x0000008a   Code   RO         2090    .text               c_w.l(rt_memcpy_v6.o)
    0x080003f8   0x080003f8   0x00000010   Code   RO         2094    .text               c_w.l(aeabi_memset4.o)
    0x08000408   0x08000408   0x0000004e   Code   RO         2098    .text               c_w.l(rt_memclr_w.o)
    0x08000456   0x08000456   0x00000006   Code   RO         2100    .text               c_w.l(heapauxi.o)
    0x0800045c   0x0800045c   0x00000024   Code   RO         2107    .text               c_w.l(init_aeabi.o)
    0x08000480   0x08000480   0x0000005e   Code   RO         2210    .text               c_w.l(h1_alloc.o)
    0x080004de   0x080004de   0x0000004e   Code   RO         2212    .text               c_w.l(h1_free.o)
    0x0800052c   0x0800052c   0x00000064   Code   RO         2274    .text               c_w.l(rt_memcpy_w.o)
    0x08000590   0x08000590   0x0000000c   Code   RO         2526    .text               c_w.l(sys_exit.o)
    0x0800059c   0x0800059c   0x00000008   Code   RO         2552    .text               c_w.l(rt_heap_descriptor_intlibspace.o)
    0x080005a4   0x080005a4   0x00000004   Code   RO         2554    .text               c_w.l(hguard.o)
    0x080005a8   0x080005a8   0x0000008a   Code   RO         2556    .text               c_w.l(init_alloc.o)
    0x08000632   0x08000632   0x0000000e   Code   RO         2560    .text               c_w.l(h1_init.o)
    0x08000640   0x08000640   0x00000108   Code   RO         2578    .text               c_w.l(_get_argv.o)
    0x08000748   0x08000748   0x00000018   Code   RO         2869    .text               c_w.l(sys_command.o)
    0x08000760   0x08000760   0x00000008   Code   RO         2873    .text               c_w.l(libspace.o)
    0x08000768   0x08000768   0x00000002   Code   RO         2876    .text               c_w.l(use_no_semi.o)
    0x0800076a   0x0800076a   0x00000000   Code   RO         2878    .text               c_w.l(indicate_semi.o)
    0x0800076a   0x0800076a   0x0000004a   Code   RO         2879    .text               c_w.l(sys_stackheap_outer.o)
    0x080007b4   0x080007b4   0x00000004   Code   RO         2883    .text               c_w.l(hrguard.o)
    0x080007b8   0x080007b8   0x00000000   Code   RO         2887    .text               c_w.l(maybetermalloc1.o)
    0x080007b8   0x080007b8   0x00000034   Code   RO         2889    .text               c_w.l(h1_extend.o)
    0x080007ec   0x080007ec   0x00000012   Code   RO         2893    .text               c_w.l(exit.o)
    0x080007fe   0x080007fe   0x0000000a   Code   RO         2895    .text               c_w.l(defsig_exit.o)
    0x08000808   0x08000808   0x0000000e   Code   RO         2903    .text               c_w.l(defsig_rtmem_outer.o)
    0x08000816   0x08000816   0x00000032   Code   RO         2958    .text               c_w.l(defsig_general.o)
    0x08000848   0x08000848   0x00000050   Code   RO         2962    .text               c_w.l(defsig_rtmem_inner.o)
    0x08000898   0x08000898   0x0000000e   Code   RO         2964    .text               c_w.l(sys_wrch.o)
    0x080008a6   0x080008a6   0x00000002   PAD
    0x080008a8   0x080008a8   0x00000004   Code   RO          110    .text.BusFault_Handler  stm32f4xx_it.o
    0x080008ac   0x080008ac   0x00000010   Code   RO          116    .text.CAN1_RX0_IRQHandler  stm32f4xx_it.o
    0x080008bc   0x080008bc   0x00000010   Code   RO          118    .text.CAN1_RX1_IRQHandler  stm32f4xx_it.o
    0x080008cc   0x080008cc   0x00000010   Code   RO          124    .text.CAN2_RX0_IRQHandler  stm32f4xx_it.o
    0x080008dc   0x080008dc   0x00000010   Code   RO          126    .text.CAN2_RX1_IRQHandler  stm32f4xx_it.o
    0x080008ec   0x080008ec   0x00000002   Code   RO          114    .text.DebugMon_Handler  stm32f4xx_it.o
    0x080008ee   0x080008ee   0x00000002   PAD
    0x080008f0   0x080008f0   0x00000006   Code   RO           15    .text.Error_Handler  main.o
    0x080008f6   0x080008f6   0x00000002   PAD
    0x080008f8   0x080008f8   0x0000000c   Code   RO          235    .text.HAL_CAN_ErrorCallback  stm32f4xx_hal_can.o
    0x08000904   0x08000904   0x00000232   Code   RO          201    .text.HAL_CAN_GetRxMessage  stm32f4xx_hal_can.o
    0x08000b36   0x08000b36   0x00000002   PAD
    0x08000b38   0x08000b38   0x00000408   Code   RO          209    .text.HAL_CAN_IRQHandler  stm32f4xx_hal_can.o
    0x08000f40   0x08000f40   0x000001f0   Code   RO          171    .text.HAL_CAN_Init  stm32f4xx_hal_can.o
    0x08001130   0x08001130   0x000001c6   Code   RO           65    .text.HAL_CAN_MspInit  can.o
    0x080012f6   0x080012f6   0x00000002   PAD
    0x080012f8   0x080012f8   0x0000000c   Code   RO          223    .text.HAL_CAN_RxFifo0FullCallback  stm32f4xx_hal_can.o
    0x08001304   0x08001304   0x000001f8   Code   RO         2053    .text.HAL_CAN_RxFifo0MsgPendingCallback  candevice.o
    0x080014fc   0x080014fc   0x0000000c   Code   RO          227    .text.HAL_CAN_RxFifo1FullCallback  stm32f4xx_hal_can.o
    0x08001508   0x08001508   0x0000000c   Code   RO          229    .text.HAL_CAN_RxFifo1MsgPendingCallback  stm32f4xx_hal_can.o
    0x08001514   0x08001514   0x0000000c   Code   RO          231    .text.HAL_CAN_SleepCallback  stm32f4xx_hal_can.o
    0x08001520   0x08001520   0x0000000c   Code   RO          213    .text.HAL_CAN_TxMailbox0AbortCallback  stm32f4xx_hal_can.o
    0x0800152c   0x0800152c   0x0000000c   Code   RO          211    .text.HAL_CAN_TxMailbox0CompleteCallback  stm32f4xx_hal_can.o
    0x08001538   0x08001538   0x0000000c   Code   RO          217    .text.HAL_CAN_TxMailbox1AbortCallback  stm32f4xx_hal_can.o
    0x08001544   0x08001544   0x0000000c   Code   RO          215    .text.HAL_CAN_TxMailbox1CompleteCallback  stm32f4xx_hal_can.o
    0x08001550   0x08001550   0x0000000c   Code   RO          221    .text.HAL_CAN_TxMailbox2AbortCallback  stm32f4xx_hal_can.o
    0x0800155c   0x0800155c   0x0000000c   Code   RO          219    .text.HAL_CAN_TxMailbox2CompleteCallback  stm32f4xx_hal_can.o
    0x08001568   0x08001568   0x0000000c   Code   RO          233    .text.HAL_CAN_WakeUpFromRxMsgCallback  stm32f4xx_hal_can.o
    0x08001574   0x08001574   0x000000fc   Code   RO          473    .text.HAL_DMA_Abort  stm32f4xx_hal_dma.o
    0x08001670   0x08001670   0x00000048   Code   RO          475    .text.HAL_DMA_Abort_IT  stm32f4xx_hal_dma.o
    0x080016b8   0x080016b8   0x000003d0   Code   RO          413    .text.HAL_GPIO_Init  stm32f4xx_hal_gpio.o
    0x08001a88   0x08001a88   0x0000000c   Code   RO          662    .text.HAL_GetTick   stm32f4xx_hal.o
    0x08001a94   0x08001a94   0x0000001a   Code   RO          660    .text.HAL_IncTick   stm32f4xx_hal.o
    0x08001aae   0x08001aae   0x00000002   PAD
    0x08001ab0   0x08001ab0   0x0000003c   Code   RO          650    .text.HAL_Init      stm32f4xx_hal.o
    0x08001aec   0x08001aec   0x00000100   Code   RO          153    .text.HAL_InitTick  stm32f4xx_hal_timebase_tim.o
    0x08001bec   0x08001bec   0x0000005c   Code   RO          140    .text.HAL_MspInit   stm32f4xx_hal_msp.o
    0x08001c48   0x08001c48   0x00000018   Code   RO          581    .text.HAL_NVIC_EnableIRQ  stm32f4xx_hal_cortex.o
    0x08001c60   0x08001c60   0x00000046   Code   RO          573    .text.HAL_NVIC_SetPriority  stm32f4xx_hal_cortex.o
    0x08001ca6   0x08001ca6   0x00000002   PAD
    0x08001ca8   0x08001ca8   0x00000014   Code   RO          569    .text.HAL_NVIC_SetPriorityGrouping  stm32f4xx_hal_cortex.o
    0x08001cbc   0x08001cbc   0x00000276   Code   RO          258    .text.HAL_RCC_ClockConfig  stm32f4xx_hal_rcc.o
    0x08001f32   0x08001f32   0x00000002   PAD
    0x08001f34   0x08001f34   0x00000068   Code   RO          276    .text.HAL_RCC_GetClockConfig  stm32f4xx_hal_rcc.o
    0x08001f9c   0x08001f9c   0x0000000c   Code   RO          268    .text.HAL_RCC_GetHCLKFreq  stm32f4xx_hal_rcc.o
    0x08001fa8   0x08001fa8   0x00000026   Code   RO          270    .text.HAL_RCC_GetPCLK1Freq  stm32f4xx_hal_rcc.o
    0x08001fce   0x08001fce   0x00000002   PAD
    0x08001fd0   0x08001fd0   0x00000026   Code   RO          272    .text.HAL_RCC_GetPCLK2Freq  stm32f4xx_hal_rcc.o
    0x08001ff6   0x08001ff6   0x00000002   PAD
    0x08001ff8   0x08001ff8   0x000000e8   Code   RO          260    .text.HAL_RCC_GetSysClockFreq  stm32f4xx_hal_rcc.o
    0x080020e0   0x080020e0   0x00000700   Code   RO          256    .text.HAL_RCC_OscConfig  stm32f4xx_hal_rcc.o
    0x080027e0   0x080027e0   0x0000000c   Code   RO         1074    .text.HAL_TIMEx_BreakCallback  stm32f4xx_hal_tim_ex.o
    0x080027ec   0x080027ec   0x0000000c   Code   RO         1070    .text.HAL_TIMEx_CommutCallback  stm32f4xx_hal_tim_ex.o
    0x080027f8   0x080027f8   0x000000aa   Code   RO          747    .text.HAL_TIM_Base_Init  stm32f4xx_hal_tim.o
    0x080028a2   0x080028a2   0x00000002   PAD
    0x080028a4   0x080028a4   0x0000000c   Code   RO          749    .text.HAL_TIM_Base_MspInit  stm32f4xx_hal_tim.o
    0x080028b0   0x080028b0   0x000000fa   Code   RO          761    .text.HAL_TIM_Base_Start_IT  stm32f4xx_hal_tim.o
    0x080029aa   0x080029aa   0x00000002   PAD
    0x080029ac   0x080029ac   0x0000000c   Code   RO          883    .text.HAL_TIM_IC_CaptureCallback  stm32f4xx_hal_tim.o
    0x080029b8   0x080029b8   0x00000206   Code   RO          881    .text.HAL_TIM_IRQHandler  stm32f4xx_hal_tim.o
    0x08002bbe   0x08002bbe   0x00000002   PAD
    0x08002bc0   0x08002bc0   0x0000000c   Code   RO          885    .text.HAL_TIM_OC_DelayElapsedCallback  stm32f4xx_hal_tim.o
    0x08002bcc   0x08002bcc   0x0000000c   Code   RO          887    .text.HAL_TIM_PWM_PulseFinishedCallback  stm32f4xx_hal_tim.o
    0x08002bd8   0x08002bd8   0x00000026   Code   RO           17    .text.HAL_TIM_PeriodElapsedCallback  main.o
    0x08002bfe   0x08002bfe   0x00000002   PAD
    0x08002c00   0x08002c00   0x0000000c   Code   RO          891    .text.HAL_TIM_TriggerCallback  stm32f4xx_hal_tim.o
    0x08002c0c   0x08002c0c   0x00000014   Code   RO         1183    .text.HAL_UARTEx_RxEventCallback  stm32f4xx_hal_uart.o
    0x08002c20   0x08002c20   0x0000000c   Code   RO         1181    .text.HAL_UART_ErrorCallback  stm32f4xx_hal_uart.o
    0x08002c2c   0x08002c2c   0x00000452   Code   RO         1175    .text.HAL_UART_IRQHandler  stm32f4xx_hal_uart.o
    0x0800307e   0x0800307e   0x00000002   PAD
    0x08003080   0x08003080   0x000000aa   Code   RO         1091    .text.HAL_UART_Init  stm32f4xx_hal_uart.o
    0x0800312a   0x0800312a   0x00000002   PAD
    0x0800312c   0x0800312c   0x000001a0   Code   RO           87    .text.HAL_UART_MspInit  usart.o
    0x080032cc   0x080032cc   0x0000006a   Code   RO         1115    .text.HAL_UART_Receive_IT  stm32f4xx_hal_uart.o
    0x08003336   0x08003336   0x00000002   PAD
    0x08003338   0x08003338   0x0000008c   Code   RO         1981    .text.HAL_UART_RxCpltCallback  serialdevice.o
    0x080033c4   0x080033c4   0x0000000c   Code   RO         1189    .text.HAL_UART_TxCpltCallback  stm32f4xx_hal_uart.o
    0x080033d0   0x080033d0   0x00000004   Code   RO          106    .text.HardFault_Handler  stm32f4xx_it.o
    0x080033d4   0x080033d4   0x00000048   Code   RO           61    .text.MX_CAN1_Init  can.o
    0x0800341c   0x0800341c   0x00000048   Code   RO           63    .text.MX_CAN2_Init  can.o
    0x08003464   0x08003464   0x00000024   Code   RO           43    .text.MX_FREERTOS_Init  freertos.o
    0x08003488   0x08003488   0x000000de   Code   RO           30    .text.MX_GPIO_Init  gpio.o
    0x08003566   0x08003566   0x00000002   PAD
    0x08003568   0x08003568   0x00000040   Code   RO           83    .text.MX_USART3_UART_Init  usart.o
    0x080035a8   0x080035a8   0x0000003c   Code   RO           85    .text.MX_USART6_UART_Init  usart.o
    0x080035e4   0x080035e4   0x00000004   Code   RO          108    .text.MemManage_Handler  stm32f4xx_it.o
    0x080035e8   0x080035e8   0x00000004   Code   RO          104    .text.NMI_Handler   stm32f4xx_it.o
    0x080035ec   0x080035ec   0x00000080   Code   RO          579    .text.NVIC_EncodePriority  stm32f4xx_hal_cortex.o
    0x0800366c   0x0800366c   0x00000004   PAD
    0x08003670   0x08003670   0x00000064   Code   RO         1937    .text.PendSV_Handler  port.o
    0x080036d4   0x080036d4   0x0000000c   PAD
    0x080036e0   0x080036e0   0x00000024   Code   RO         1921    .text.SVC_Handler   port.o
    0x08003704   0x08003704   0x0000000e   Code   RO         1709    .text.SVC_Setup     cmsis_os2.o
    0x08003712   0x08003712   0x00000002   PAD
    0x08003714   0x08003714   0x00000020   Code   RO           45    .text.StartDefaultTask  freertos.o
    0x08003734   0x08003734   0x00000002   Code   RO         2005    .text.Start_tasks   start.o
    0x08003736   0x08003736   0x00000002   PAD
    0x08003738   0x08003738   0x00000024   Code   RO         1699    .text.SysTick_Handler  cmsis_os2.o
    0x0800375c   0x0800375c   0x000000c2   Code   RO           13    .text.SystemClock_Config  main.o
    0x0800381e   0x0800381e   0x00000002   PAD
    0x08003820   0x08003820   0x00000012   Code   RO         1226    .text.SystemInit    system_stm32f4xx.o
    0x08003832   0x08003832   0x00000002   PAD
    0x08003834   0x08003834   0x00000010   Code   RO          122    .text.TIM6_DAC_IRQHandler  stm32f4xx_it.o
    0x08003844   0x08003844   0x000001ba   Code   RO          751    .text.TIM_Base_SetConfig  stm32f4xx_hal_tim.o
    0x080039fe   0x080039fe   0x00000002   PAD
    0x08003a00   0x08003a00   0x00000024   Code   RO         1179    .text.UART_DMAAbortOnError  stm32f4xx_hal_uart.o
    0x08003a24   0x08003a24   0x00000098   Code   RO         1139    .text.UART_EndRxTransfer  stm32f4xx_hal_uart.o
    0x08003abc   0x08003abc   0x0000002a   Code   RO         1187    .text.UART_EndTransmit_IT  stm32f4xx_hal_uart.o
    0x08003ae6   0x08003ae6   0x00000002   PAD
    0x08003ae8   0x08003ae8   0x00000178   Code   RO         1177    .text.UART_Receive_IT  stm32f4xx_hal_uart.o
    0x08003c60   0x08003c60   0x00000166   Code   RO         1095    .text.UART_SetConfig  stm32f4xx_hal_uart.o
    0x08003dc6   0x08003dc6   0x00000002   PAD
    0x08003dc8   0x08003dc8   0x00000076   Code   RO         1117    .text.UART_Start_Receive_IT  stm32f4xx_hal_uart.o
    0x08003e3e   0x08003e3e   0x00000002   PAD
    0x08003e40   0x08003e40   0x0000009e   Code   RO         1185    .text.UART_Transmit_IT  stm32f4xx_hal_uart.o
    0x08003ede   0x08003ede   0x00000002   PAD
    0x08003ee0   0x08003ee0   0x00000010   Code   RO          120    .text.USART3_IRQHandler  stm32f4xx_it.o
    0x08003ef0   0x08003ef0   0x00000010   Code   RO          128    .text.USART6_IRQHandler  stm32f4xx_it.o
    0x08003f00   0x08003f00   0x00000004   Code   RO          112    .text.UsageFault_Handler  stm32f4xx_it.o
    0x08003f04   0x08003f04   0x00000008   Code   RO         2026    .text._GLOBAL__sub_I_TaskManager.cpp  taskmanager.o
    0x08003f0c   0x08003f0c   0x00000046   Code   RO         2040    .text._ZN8TaskInfoC2Ev  taskmanager.o
    0x08003f52   0x08003f52   0x00000002   PAD
    0x08003f54   0x08003f54   0x00000036   Code   RO          583    .text.__NVIC_EnableIRQ  stm32f4xx_hal_cortex.o
    0x08003f8a   0x08003f8a   0x00000002   PAD
    0x08003f8c   0x08003f8c   0x00000010   Code   RO          575    .text.__NVIC_GetPriorityGrouping  stm32f4xx_hal_cortex.o
    0x08003f9c   0x08003f9c   0x0000004a   Code   RO          577    .text.__NVIC_SetPriority  stm32f4xx_hal_cortex.o
    0x08003fe6   0x08003fe6   0x00000002   PAD
    0x08003fe8   0x08003fe8   0x0000004a   Code   RO         1863    .text.__NVIC_SetPriority  cmsis_os2.o
    0x08004032   0x08004032   0x00000002   PAD
    0x08004034   0x08004034   0x00000040   Code   RO          571    .text.__NVIC_SetPriorityGrouping  stm32f4xx_hal_cortex.o
    0x08004074   0x08004074   0x00000038   Code   RO         2018    .text.__cxx_global_var_init  taskmanager.o
    0x080040ac   0x080040ac   0x00000002   Code   RO         2003    .text.before_Start_tasks  start.o
    0x080040ae   0x080040ae   0x00000002   PAD
    0x080040b0   0x080040b0   0x0000003a   Code   RO           11    .text.main          main.o
    0x080040ea   0x080040ea   0x00000002   PAD
    0x080040ec   0x080040ec   0x0000003c   Code   RO         1767    .text.osDelay       cmsis_os2.o
    0x08004128   0x08004128   0x0000004a   Code   RO         1701    .text.osKernelInitialize  cmsis_os2.o
    0x08004172   0x08004172   0x00000002   PAD
    0x08004174   0x08004174   0x00000056   Code   RO         1707    .text.osKernelStart  cmsis_os2.o
    0x080041ca   0x080041ca   0x00000002   PAD
    0x080041cc   0x080041cc   0x00000180   Code   RO         1731    .text.osThreadNew   cmsis_os2.o
    0x0800434c   0x0800434c   0x000000e2   Code   RO         1485    .text.prvAddCurrentTaskToDelayedList  tasks.o
    0x0800442e   0x0800442e   0x00000002   PAD
    0x08004430   0x08004430   0x00000132   Code   RO         1471    .text.prvAddNewTaskToReadyList  tasks.o
    0x08004562   0x08004562   0x00000002   PAD
    0x08004564   0x08004564   0x000000aa   Code   RO         1626    .text.prvCheckForValidListAndQueue  timers.o
    0x0800460e   0x0800460e   0x00000002   PAD
    0x08004610   0x08004610   0x00000072   Code   RO         1589    .text.prvCheckTasksWaitingTermination  tasks.o
    0x08004682   0x08004682   0x00000002   PAD
    0x08004684   0x08004684   0x00000054   Code   RO         1356    .text.prvCopyDataFromQueue  queue.o
    0x080046d8   0x080046d8   0x000000fe   Code   RO         1344    .text.prvCopyDataToQueue  queue.o
    0x080047d6   0x080047d6   0x00000002   PAD
    0x080047d8   0x080047d8   0x0000006c   Code   RO         1477    .text.prvDeleteTCB  tasks.o
    0x08004844   0x08004844   0x00000046   Code   RO         1664    .text.prvGetNextExpireTime  timers.o
    0x0800488a   0x0800488a   0x00000002   PAD
    0x0800488c   0x0800488c   0x000000be   Code   RO         1884    .text.prvHeapInit   heap_4.o
    0x0800494a   0x0800494a   0x00000002   PAD
    0x0800494c   0x0800494c   0x00000040   Code   RO         1511    .text.prvIdleTask   tasks.o
    0x0800498c   0x0800498c   0x00000064   Code   RO         1318    .text.prvInitialiseNewQueue  queue.o
    0x080049f0   0x080049f0   0x00000152   Code   RO         1469    .text.prvInitialiseNewTask  tasks.o
    0x08004b42   0x08004b42   0x00000002   PAD
    0x08004b44   0x08004b44   0x00000092   Code   RO         1587    .text.prvInitialiseTaskLists  tasks.o
    0x08004bd6   0x08004bd6   0x00000002   PAD
    0x08004bd8   0x08004bd8   0x000000ca   Code   RO         1886    .text.prvInsertBlockIntoFreeList  heap_4.o
    0x08004ca2   0x08004ca2   0x00000002   PAD
    0x08004ca4   0x08004ca4   0x0000009a   Code   RO         1676    .text.prvInsertTimerInActiveList  timers.o
    0x08004d3e   0x08004d3e   0x00000002   PAD
    0x08004d40   0x08004d40   0x0000002e   Code   RO         1358    .text.prvIsQueueEmpty  queue.o
    0x08004d6e   0x08004d6e   0x00000002   PAD
    0x08004d70   0x08004d70   0x00000032   Code   RO         1346    .text.prvIsQueueFull  queue.o
    0x08004da2   0x08004da2   0x00000002   PAD
    0x08004da4   0x08004da4   0x00000028   Code   RO         1929    .text.prvPortStartFirstTask  port.o
    0x08004dcc   0x08004dcc   0x000000a4   Code   RO         1672    .text.prvProcessExpiredTimer  timers.o
    0x08004e70   0x08004e70   0x000001c6   Code   RO         1668    .text.prvProcessReceivedCommands  timers.o
    0x08005036   0x08005036   0x00000002   PAD
    0x08005038   0x08005038   0x000000b2   Code   RO         1666    .text.prvProcessTimerOrBlockTask  timers.o
    0x080050ea   0x080050ea   0x00000002   PAD
    0x080050ec   0x080050ec   0x0000004e   Code   RO         1479    .text.prvResetNextTaskUnblockTime  tasks.o
    0x0800513a   0x0800513a   0x00000002   PAD
    0x0800513c   0x0800513c   0x0000004c   Code   RO         1670    .text.prvSampleTimeNow  timers.o
    0x08005188   0x08005188   0x000000e2   Code   RO         1674    .text.prvSwitchTimerLists  timers.o
    0x0800526a   0x0800526a   0x00000002   PAD
    0x0800526c   0x0800526c   0x00000056   Code   RO         1919    .text.prvTaskExitError  port.o
    0x080052c2   0x080052c2   0x00000002   PAD
    0x080052c4   0x080052c4   0x00000022   Code   RO         1628    .text.prvTimerTask  timers.o
    0x080052e6   0x080052e6   0x00000002   PAD
    0x080052e8   0x080052e8   0x000000c6   Code   RO         1348    .text.prvUnlockQueue  queue.o
    0x080053ae   0x080053ae   0x00000002   PAD
    0x080053b0   0x080053b0   0x00000220   Code   RO         1882    .text.pvPortMalloc  heap_4.o
    0x080055d0   0x080055d0   0x00000070   Code   RO         1917    .text.pxPortInitialiseStack  port.o
    0x08005640   0x08005640   0x0000004c   Code   RO         1301    .text.uxListRemove  list.o
    0x0800568c   0x0800568c   0x0000003c   Code   RO         1859    .text.vApplicationGetIdleTaskMemory  cmsis_os2.o
    0x080056c8   0x080056c8   0x0000003e   Code   RO         1861    .text.vApplicationGetTimerTaskMemory  cmsis_os2.o
    0x08005706   0x08005706   0x00000002   PAD
    0x08005708   0x08005708   0x00000032   Code   RO         1293    .text.vListInitialise  list.o
    0x0800573a   0x0800573a   0x00000002   PAD
    0x0800573c   0x0800573c   0x00000012   Code   RO         1295    .text.vListInitialiseItem  list.o
    0x0800574e   0x0800574e   0x00000002   PAD
    0x08005750   0x08005750   0x00000074   Code   RO         1299    .text.vListInsert   list.o
    0x080057c4   0x080057c4   0x00000042   Code   RO         1297    .text.vListInsertEnd  list.o
    0x08005806   0x08005806   0x00000002   PAD
    0x08005808   0x08005808   0x00000014   Code   RO         1927    .text.vPortEnableVFP  port.o
    0x0800581c   0x0800581c   0x0000005e   Code   RO         1933    .text.vPortEnterCritical  port.o
    0x0800587a   0x0800587a   0x00000002   PAD
    0x0800587c   0x0800587c   0x0000004e   Code   RO         1935    .text.vPortExitCritical  port.o
    0x080058ca   0x080058ca   0x00000002   PAD
    0x080058cc   0x080058cc   0x000000e8   Code   RO         1888    .text.vPortFree     heap_4.o
    0x080059b4   0x080059b4   0x0000004a   Code   RO         1925    .text.vPortSetupTimerInterrupt  port.o
    0x080059fe   0x080059fe   0x00000002   PAD
    0x08005a00   0x08005a00   0x00000084   Code   RO         1941    .text.vPortValidateInterruptPriority  port.o
    0x08005a84   0x08005a84   0x0000005c   Code   RO         1388    .text.vQueueAddToRegistry  queue.o
    0x08005ae0   0x08005ae0   0x00000080   Code   RO         1392    .text.vQueueWaitForMessageRestricted  queue.o
    0x08005b60   0x08005b60   0x0000007e   Code   RO         1489    .text.vTaskDelay    tasks.o
    0x08005bde   0x08005bde   0x00000002   PAD
    0x08005be0   0x08005be0   0x00000028   Code   RO         1543    .text.vTaskInternalSetTimeOutState  tasks.o
    0x08005c08   0x08005c08   0x0000000e   Code   RO         1547    .text.vTaskMissedYield  tasks.o
    0x08005c16   0x08005c16   0x00000002   PAD
    0x08005c18   0x08005c18   0x0000004c   Code   RO         1531    .text.vTaskPlaceOnEventList  tasks.o
    0x08005c64   0x08005c64   0x00000066   Code   RO         1535    .text.vTaskPlaceOnEventListRestricted  tasks.o
    0x08005cca   0x08005cca   0x00000002   PAD
    0x08005ccc   0x08005ccc   0x000000ee   Code   RO         1509    .text.vTaskStartScheduler  tasks.o
    0x08005dba   0x08005dba   0x00000002   PAD
    0x08005dbc   0x08005dbc   0x00000010   Code   RO         1483    .text.vTaskSuspendAll  tasks.o
    0x08005dcc   0x08005dcc   0x000000d2   Code   RO         1501    .text.vTaskSwitchContext  tasks.o
    0x08005e9e   0x08005e9e   0x00000002   PAD
    0x08005ea0   0x08005ea0   0x0000017e   Code   RO         1923    .text.xPortStartScheduler  port.o
    0x0800601e   0x0800601e   0x00000002   PAD
    0x08006020   0x08006020   0x0000003e   Code   RO         1939    .text.xPortSysTickHandler  port.o
    0x0800605e   0x0800605e   0x00000002   PAD
    0x08006060   0x08006060   0x00000142   Code   RO         1316    .text.xQueueGenericCreateStatic  queue.o
    0x080061a2   0x080061a2   0x00000002   PAD
    0x080061a4   0x080061a4   0x000000dc   Code   RO         1314    .text.xQueueGenericReset  queue.o
    0x08006280   0x08006280   0x00000284   Code   RO         1334    .text.xQueueGenericSend  queue.o
    0x08006504   0x08006504   0x00000180   Code   RO         1350    .text.xQueueGenericSendFromISR  queue.o
    0x08006684   0x08006684   0x00000234   Code   RO         1354    .text.xQueueReceive  queue.o
    0x080068b8   0x080068b8   0x000000e2   Code   RO         1545    .text.xTaskCheckForTimeOut  tasks.o
    0x0800699a   0x0800699a   0x00000002   PAD
    0x0800699c   0x0800699c   0x000000be   Code   RO         1473    .text.xTaskCreate   tasks.o
    0x08006a5a   0x08006a5a   0x00000002   PAD
    0x08006a5c   0x08006a5c   0x0000010c   Code   RO         1467    .text.xTaskCreateStatic  tasks.o
    0x08006b68   0x08006b68   0x0000003c   Code   RO         1561    .text.xTaskGetSchedulerState  tasks.o
    0x08006ba4   0x08006ba4   0x00000014   Code   RO         1517    .text.xTaskGetTickCount  tasks.o
    0x08006bb8   0x08006bb8   0x000001ea   Code   RO         1515    .text.xTaskIncrementTick  tasks.o
    0x08006da2   0x08006da2   0x00000002   PAD
    0x08006da4   0x08006da4   0x00000104   Code   RO         1565    .text.xTaskPriorityDisinherit  tasks.o
    0x08006ea8   0x08006ea8   0x000000e8   Code   RO         1537    .text.xTaskRemoveFromEventList  tasks.o
    0x08006f90   0x08006f90   0x000001b0   Code   RO         1487    .text.xTaskResumeAll  tasks.o
    0x08007140   0x08007140   0x0000009a   Code   RO         1624    .text.xTimerCreateTimerTask  timers.o
    0x080071da   0x080071da   0x00000002   PAD
    0x080071dc   0x080071dc   0x000000cc   Code   RO         1636    .text.xTimerGenericCommand  timers.o
    0x080072a8   0x080072a8   0x0000000a   Code   RO         2582    x$fpl$fpinit        fz_wm.l(fpinit.o)
    0x080072b2   0x080072b2   0x00000010   Data   RO         1231    .rodata.AHBPrescTable  system_stm32f4xx.o
    0x080072c2   0x080072c2   0x00000008   Data   RO         1232    .rodata.APBPrescTable  system_stm32f4xx.o
    0x080072ca   0x080072ca   0x00000002   PAD
    0x080072cc   0x080072cc   0x00000024   Data   RO           48    .rodata.defaultTask_attributes  freertos.o
    0x080072f0   0x080072f0   0x0000000c   Data   RO           47    .rodata.str1.1      freertos.o
    0x080072fc   0x080072fc   0x00000005   Data   RO         1605    .rodata.str1.1      tasks.o
    0x08007301   0x08007301   0x0000000d   Data   RO         1679    .rodata.str1.1      timers.o
    0x0800730e   0x0800730e   0x00000002   PAD
    0x08007310   0x08007310   0x00000020   Data   RO         3012    Region$$Table       anon$$obj.o
    0x08007330   0x08007330   0x00000004   Data   RO         2029    .init_array         taskmanager.o


    Execution Region RW_IRAM1 (Exec base: 0x20000000, Load base: 0x08007338, Size: 0x000055d8, Max: 0x0001c000, ABSOLUTE)

    Exec Addr    Load Addr    Size         Type   Attr      Idx    E Section Name        Object

    0x20000000   0x08007338   0x00000004   Data   RW         1230    .data.SystemCoreClock  system_stm32f4xx.o
    0x20000004   0x0800733c   0x00000001   Data   RW          705    .data.uwTickFreq    stm32f4xx_hal.o
    0x20000005   0x0800733d   0x00000003   PAD
    0x20000008   0x08007340   0x00000004   Data   RW          704    .data.uwTickPrio    stm32f4xx_hal.o
    0x2000000c   0x08007344   0x00000004   Data   RW         1945    .data.uxCriticalNesting  port.o
    0x20000010        -       0x00000060   Zero   RW         2874    .bss                c_w.l(libspace.o)
    0x20000070        -       0x00000004   Zero   RW           71    .bss.HAL_RCC_CAN1_CLK_ENABLED  can.o
    0x20000074        -       0x00000004   Zero   RW         1865    .bss.KernelState    cmsis_os2.o
    0x20000078        -       0x00000008   Zero   RW         2055    .bss._ZN10CanManager7RxData1E  candevice.o
    0x20000080        -       0x00000008   Zero   RW         2056    .bss._ZN10CanManager7RxData2E  candevice.o
    0x20000088        -       0x00000460   Zero   RW         2028    .bss._ZN11TaskManager5tasksE  taskmanager.o
    0x200004e8        -       0x00000020   Zero   RW         1987    .bss._ZN12SerialDevice10instances_E  serialdevice.o
    0x20000508        -       0x00000004   Zero   RW         1988    .bss._ZN12SerialDevice14instanceCount_E  serialdevice.o
    0x2000050c        -       0x00000014   Zero   RW         2057    .bss._ZN9CanDevice15Can1_Instances1E  candevice.o
    0x20000520        -       0x00000014   Zero   RW         2058    .bss._ZN9CanDevice15Can1_Instances2E  candevice.o
    0x20000534        -       0x00000014   Zero   RW         2059    .bss._ZN9CanDevice15Can2_Instances1E  candevice.o
    0x20000548        -       0x00000014   Zero   RW         2060    .bss._ZN9CanDevice15Can2_Instances2E  candevice.o
    0x2000055c        -       0x00000004   Zero   RW           49    .bss.defaultTaskHandle  freertos.o
    0x20000560        -       0x00000028   Zero   RW           69    .bss.hcan1          can.o
    0x20000588        -       0x00000028   Zero   RW           70    .bss.hcan2          can.o
    0x200005b0        -       0x00000048   Zero   RW          159    .bss.htim6          stm32f4xx_hal_timebase_tim.o
    0x200005f8        -       0x00000048   Zero   RW           91    .bss.huart3         usart.o
    0x20000640        -       0x00000048   Zero   RW           92    .bss.huart6         usart.o
    0x20000688        -       0x000000a0   Zero   RW         1687    .bss.prvCheckForValidListAndQueue.ucStaticTimerQueueStorage  timers.o
    0x20000728        -       0x00000050   Zero   RW         1686    .bss.prvCheckForValidListAndQueue.xStaticTimerQueue  timers.o
    0x20000778        -       0x00000004   Zero   RW         1683    .bss.prvSampleTimeNow.xLastTime  timers.o
    0x2000077c        -       0x00000004   Zero   RW         1591    .bss.pxCurrentTCB   tasks.o
    0x20000780        -       0x00000004   Zero   RW         1681    .bss.pxCurrentTimerList  timers.o
    0x20000784        -       0x00000004   Zero   RW         1599    .bss.pxDelayedTaskList  tasks.o
    0x20000788        -       0x00000004   Zero   RW         1898    .bss.pxEnd          heap_4.o
    0x2000078c        -       0x00000004   Zero   RW         1600    .bss.pxOverflowDelayedTaskList  tasks.o
    0x20000790        -       0x00000004   Zero   RW         1682    .bss.pxOverflowTimerList  timers.o
    0x20000794        -       0x00000460   Zero   RW         1602    .bss.pxReadyTasksLists  tasks.o
    0x20000bf4        -       0x00003c00   Zero   RW         1905    .bss.ucHeap         heap_4.o
    0x200047f4        -       0x00000001   Zero   RW         1943    .bss.ucMaxSysCallPriority  port.o
    0x200047f5   0x08007348   0x00000003   PAD
    0x200047f8        -       0x00000004   Zero   RW         1944    .bss.ulMaxPRIGROUPValue  port.o
    0x200047fc        -       0x00000004   Zero   RW          706    .bss.uwTick         stm32f4xx_hal.o
    0x20004800        -       0x00000004   Zero   RW         1595    .bss.uxCurrentNumberOfTasks  tasks.o
    0x20004804        -       0x00000004   Zero   RW         1594    .bss.uxDeletedTasksWaitingCleanUp  tasks.o
    0x20004808        -       0x00000004   Zero   RW         1597    .bss.uxSchedulerSuspended  tasks.o
    0x2000480c        -       0x00000004   Zero   RW         1592    .bss.uxTaskNumber   tasks.o
    0x20004810        -       0x00000004   Zero   RW         1603    .bss.uxTopReadyPriority  tasks.o
    0x20004814        -       0x00000200   Zero   RW         1868    .bss.vApplicationGetIdleTaskMemory.Idle_Stack  cmsis_os2.o
    0x20004a14        -       0x0000005c   Zero   RW         1867    .bss.vApplicationGetIdleTaskMemory.Idle_TCB  cmsis_os2.o
    0x20004a70        -       0x00000400   Zero   RW         1870    .bss.vApplicationGetTimerTaskMemory.Timer_Stack  cmsis_os2.o
    0x20004e70        -       0x0000005c   Zero   RW         1869    .bss.vApplicationGetTimerTaskMemory.Timer_TCB  cmsis_os2.o
    0x20004ecc        -       0x00000014   Zero   RW         1684    .bss.xActiveTimerList1  timers.o
    0x20004ee0        -       0x00000014   Zero   RW         1685    .bss.xActiveTimerList2  timers.o
    0x20004ef4        -       0x00000004   Zero   RW         1899    .bss.xBlockAllocatedBit  heap_4.o
    0x20004ef8        -       0x00000014   Zero   RW         1611    .bss.xDelayedTaskList1  tasks.o
    0x20004f0c        -       0x00000014   Zero   RW         1612    .bss.xDelayedTaskList2  tasks.o
    0x20004f20        -       0x00000004   Zero   RW         1900    .bss.xFreeBytesRemaining  heap_4.o
    0x20004f24        -       0x00000004   Zero   RW         1606    .bss.xIdleTaskHandle  tasks.o
    0x20004f28        -       0x00000004   Zero   RW         1902    .bss.xMinimumEverFreeBytesRemaining  heap_4.o
    0x20004f2c        -       0x00000004   Zero   RW         1607    .bss.xNextTaskUnblockTime  tasks.o
    0x20004f30        -       0x00000004   Zero   RW         1610    .bss.xNumOfOverflows  tasks.o
    0x20004f34        -       0x00000004   Zero   RW         1903    .bss.xNumberOfSuccessfulAllocations  heap_4.o
    0x20004f38        -       0x00000004   Zero   RW         1904    .bss.xNumberOfSuccessfulFrees  heap_4.o
    0x20004f3c        -       0x00000004   Zero   RW         1609    .bss.xPendedTicks   tasks.o
    0x20004f40        -       0x00000014   Zero   RW         1604    .bss.xPendingReadyList  tasks.o
    0x20004f54        -       0x00000040   Zero   RW         1394    .bss.xQueueRegistry  queue.o
    0x20004f94        -       0x00000004   Zero   RW         1596    .bss.xSchedulerRunning  tasks.o
    0x20004f98        -       0x00000008   Zero   RW         1901    .bss.xStart         heap_4.o
    0x20004fa0        -       0x00000014   Zero   RW         1601    .bss.xSuspendedTaskList  tasks.o
    0x20004fb4        -       0x00000014   Zero   RW         1593    .bss.xTasksWaitingTermination  tasks.o
    0x20004fc8        -       0x00000004   Zero   RW         1598    .bss.xTickCount     tasks.o
    0x20004fcc        -       0x00000004   Zero   RW         1678    .bss.xTimerQueue    timers.o
    0x20004fd0        -       0x00000004   Zero   RW         1680    .bss.xTimerTaskHandle  timers.o
    0x20004fd4        -       0x00000004   Zero   RW         1608    .bss.xYieldPending  tasks.o
    0x20004fd8        -       0x00000200   Zero   RW            2    HEAP                startup_stm32f407xx.o
    0x200051d8        -       0x00000400   Zero   RW            1    STACK               startup_stm32f407xx.o


    Execution Region RW_IRAM2 (Exec base: 0x2001c000, Load base: 0x08007348, Size: 0x00000000, Max: 0x00004000, ABSOLUTE)

    **** No section assigned to this execution region ****


==============================================================================

Image component sizes


      Code (inc. data)   RO Data    RW Data    ZI Data      Debug   Object Name

       598          0          0          0         84       6799   can.o
       504          0          0          0         96       8783   candevice.o
       850          0          0          0       1724      36723   cmsis_os2.o
        68          0         48          0          4       2771   freertos.o
       222          0          0          0          0       1618   gpio.o
      1168          0          0          0      15392       4976   heap_4.o
       326          0          0          0          0       2502   list.o
       296          0          0          0          0       6237   main.o
      1216         16          0          4          5       4459   port.o
      3086          0          0          0         64      18810   queue.o
       140          0          0          0         36       8990   serialdevice.o
         4          0          0          0          0       4745   start.o
        64         26        392          0       1536        828   startup_stm32f407xx.o
        98          0          0          5          4       7861   stm32f4xx_hal.o
      2234          0          0          0          0      12865   stm32f4xx_hal_can.o
       450          0          0          0          0      10760   stm32f4xx_hal_cortex.o
       324          0          0          0          0       9002   stm32f4xx_hal_dma.o
       976          0          0          0          0       5462   stm32f4xx_hal_gpio.o
        92          0          0          0          0       3370   stm32f4xx_hal_msp.o
      2846          0          0          0          0       7609   stm32f4xx_hal_rcc.o
      1440          0          0          0          0      38934   stm32f4xx_hal_tim.o
        24          0          0          0          0      16713   stm32f4xx_hal_tim_ex.o
       256          0          0          0         72       7462   stm32f4xx_hal_timebase_tim.o
      2666          0          0          0          0      22068   stm32f4xx_hal_uart.o
       134          0          0          0          0       1732   stm32f4xx_it.o
        18          0         24          4          0       2688   system_stm32f4xx.o
       134          0          4          0       1120       4976   taskmanager.o
      4380          0          5          0       1280      26539   tasks.o
      1884         10         13          0        300      13276   timers.o
       540          0          0          0        144       7577   usart.o

    ----------------------------------------------------------------------
     27200         64        522         16      21864     307135   Object Totals
         0          0         32          0          0          0   (incl. Generated)
       162         12          4          3          3          0   (incl. Padding)

    ----------------------------------------------------------------------

      Code (inc. data)   RO Data    RW Data    ZI Data      Debug   Library Member Name

         8          0          0          0          0         68   __main.o
         0          0          0          0          0          0   __rtentry.o
        12          0          0          0          0          0   __rtentry2.o
         6          0          0          0          0          0   __rtentry4.o
        52          8          0          0          0          0   __scatter.o
        26          0          0          0          0          0   __scatter_copy.o
        28          0          0          0          0          0   __scatter_zi.o
       264          0          0          0          0         96   _get_argv.o
        16          0          0          0          0         68   aeabi_memset4.o
         4          0          0          0          0         68   argv_veneer.o
        10          0          0          0          0         68   defsig_exit.o
        50          0          0          0          0         88   defsig_general.o
        80         58          0          0          0         76   defsig_rtmem_inner.o
        14          0          0          0          0         80   defsig_rtmem_outer.o
        18          0          0          0          0         80   exit.o
        94          0          0          0          0         80   h1_alloc.o
        52          0          0          0          0         68   h1_extend.o
        78          0          0          0          0         80   h1_free.o
        14          0          0          0          0         84   h1_init.o
         6          0          0          0          0        152   heapauxi.o
         4          0          0          0          0        136   hguard.o
         4          0          0          0          0        136   hrguard.o
         0          0          0          0          0          0   indicate_semi.o
        36         10          0          0          0         80   init_aeabi.o
       138          0          0          0          0        168   init_alloc.o
         2          0          0          0          0          0   libinit.o
        26          0          0          0          0          0   libinit2.o
         2          0          0          0          0          0   libshutdown.o
         2          0          0          0          0          0   libshutdown2.o
         8          4          0          0         96         68   libspace.o
       238          0          0          0          0        100   lludivv7m.o
         0          0          0          0          0          0   maybetermalloc1.o
         8          4          0          0          0         68   rt_heap_descriptor_intlibspace.o
        78          0          0          0          0         80   rt_memclr_w.o
       138          0          0          0          0         68   rt_memcpy_v6.o
       100          0          0          0          0         80   rt_memcpy_w.o
         2          0          0          0          0          0   rtexit.o
        10          0          0          0          0          0   rtexit2.o
        24          0          0          0          0         76   sys_command.o
        12          4          0          0          0         68   sys_exit.o
        74          0          0          0          0         80   sys_stackheap_outer.o
        14          0          0          0          0         76   sys_wrch.o
         2          0          0          0          0         68   use_no_semi.o
        10          0          0          0          0        116   fpinit.o

    ----------------------------------------------------------------------
      1770         88          0          0         96       2624   Library Totals
         6          0          0          0          0          0   (incl. Padding)

    ----------------------------------------------------------------------

      Code (inc. data)   RO Data    RW Data    ZI Data      Debug   Library Name

      1754         88          0          0         96       2508   c_w.l
        10          0          0          0          0        116   fz_wm.l

    ----------------------------------------------------------------------
      1770         88          0          0         96       2624   Library Totals

    ----------------------------------------------------------------------

==============================================================================


      Code (inc. data)   RO Data    RW Data    ZI Data      Debug   

     28970        152        522         16      21960     307907   Grand Totals
     28970        152        522         16      21960     307907   ELF Image Totals
     28970        152        522         16          0          0   ROM Totals

==============================================================================

    Total RO  Size (Code + RO Data)                29492 (  28.80kB)
    Total RW  Size (RW Data + ZI Data)             21976 (  21.46kB)
    Total ROM Size (Code + RO Data + RW Data)      29508 (  28.82kB)

==============================================================================

