Component: ARM Compiler 6.7 Tool: armlink [5c9ef700]

==============================================================================

Section Cross References

    startup_stm32f407xx.o(STACK) refers (Special) to heapauxi.o(.text) for __use_two_region_memory
    startup_stm32f407xx.o(HEAP) refers (Special) to heapauxi.o(.text) for __use_two_region_memory
    startup_stm32f407xx.o(RESET) refers (Special) to heapauxi.o(.text) for __use_two_region_memory
    startup_stm32f407xx.o(RESET) refers to startup_stm32f407xx.o(STACK) for __initial_sp
    startup_stm32f407xx.o(RESET) refers to startup_stm32f407xx.o(.text) for Reset_Handler
    startup_stm32f407xx.o(RESET) refers to stm32f4xx_it.o(.text.NMI_Handler) for NMI_Handler
    startup_stm32f407xx.o(RESET) refers to stm32f4xx_it.o(.text.HardFault_Handler) for HardFault_Handler
    startup_stm32f407xx.o(RESET) refers to stm32f4xx_it.o(.text.MemManage_Handler) for MemManage_Handler
    startup_stm32f407xx.o(RESET) refers to stm32f4xx_it.o(.text.BusFault_Handler) for BusFault_Handler
    startup_stm32f407xx.o(RESET) refers to stm32f4xx_it.o(.text.UsageFault_Handler) for UsageFault_Handler
    startup_stm32f407xx.o(RESET) refers to port.o(.text.SVC_Handler) for SVC_Handler
    startup_stm32f407xx.o(RESET) refers to stm32f4xx_it.o(.text.DebugMon_Handler) for DebugMon_Handler
    startup_stm32f407xx.o(RESET) refers to port.o(.text.PendSV_Handler) for PendSV_Handler
    startup_stm32f407xx.o(RESET) refers to cmsis_os2.o(.text.SysTick_Handler) for SysTick_Handler
    startup_stm32f407xx.o(RESET) refers to stm32f4xx_it.o(.text.CAN1_RX0_IRQHandler) for CAN1_RX0_IRQHandler
    startup_stm32f407xx.o(RESET) refers to stm32f4xx_it.o(.text.CAN1_RX1_IRQHandler) for CAN1_RX1_IRQHandler
    startup_stm32f407xx.o(RESET) refers to stm32f4xx_it.o(.text.USART3_IRQHandler) for USART3_IRQHandler
    startup_stm32f407xx.o(RESET) refers to stm32f4xx_it.o(.text.TIM6_DAC_IRQHandler) for TIM6_DAC_IRQHandler
    startup_stm32f407xx.o(RESET) refers to stm32f4xx_it.o(.text.CAN2_RX0_IRQHandler) for CAN2_RX0_IRQHandler
    startup_stm32f407xx.o(RESET) refers to stm32f4xx_it.o(.text.CAN2_RX1_IRQHandler) for CAN2_RX1_IRQHandler
    startup_stm32f407xx.o(RESET) refers to stm32f4xx_it.o(.text.USART6_IRQHandler) for USART6_IRQHandler
    startup_stm32f407xx.o(.text) refers (Special) to heapauxi.o(.text) for __use_two_region_memory
    startup_stm32f407xx.o(.text) refers to system_stm32f4xx.o(.text.SystemInit) for SystemInit
    startup_stm32f407xx.o(.text) refers to __main.o(!!!main) for __main
    startup_stm32f407xx.o(.text) refers to startup_stm32f407xx.o(HEAP) for Heap_Mem
    startup_stm32f407xx.o(.text) refers to startup_stm32f407xx.o(STACK) for Stack_Mem
    main.o(.text.main) refers to stm32f4xx_hal.o(.text.HAL_Init) for HAL_Init
    main.o(.text.main) refers to main.o(.text.SystemClock_Config) for SystemClock_Config
    main.o(.text.main) refers to gpio.o(.text.MX_GPIO_Init) for MX_GPIO_Init
    main.o(.text.main) refers to can.o(.text.MX_CAN1_Init) for MX_CAN1_Init
    main.o(.text.main) refers to can.o(.text.MX_CAN2_Init) for MX_CAN2_Init
    main.o(.text.main) refers to usart.o(.text.MX_USART3_UART_Init) for MX_USART3_UART_Init
    main.o(.text.main) refers to usart.o(.text.MX_USART6_UART_Init) for MX_USART6_UART_Init
    main.o(.text.main) refers to cmsis_os2.o(.text.osKernelInitialize) for osKernelInitialize
    main.o(.text.main) refers to freertos.o(.text.MX_FREERTOS_Init) for MX_FREERTOS_Init
    main.o(.text.main) refers to cmsis_os2.o(.text.osKernelStart) for osKernelStart
    main.o(.ARM.exidx.text.main) refers to main.o(.text.main) for [Anonymous Symbol]
    main.o(.text.SystemClock_Config) refers to rt_memclr_w.o(.text) for __aeabi_memclr4
    main.o(.text.SystemClock_Config) refers to stm32f4xx_hal_rcc.o(.text.HAL_RCC_OscConfig) for HAL_RCC_OscConfig
    main.o(.text.SystemClock_Config) refers to main.o(.text.Error_Handler) for Error_Handler
    main.o(.text.SystemClock_Config) refers to stm32f4xx_hal_rcc.o(.text.HAL_RCC_ClockConfig) for HAL_RCC_ClockConfig
    main.o(.ARM.exidx.text.SystemClock_Config) refers to main.o(.text.SystemClock_Config) for [Anonymous Symbol]
    main.o(.ARM.exidx.text.Error_Handler) refers to main.o(.text.Error_Handler) for [Anonymous Symbol]
    main.o(.text.HAL_TIM_PeriodElapsedCallback) refers to stm32f4xx_hal.o(.text.HAL_IncTick) for HAL_IncTick
    main.o(.ARM.exidx.text.HAL_TIM_PeriodElapsedCallback) refers to main.o(.text.HAL_TIM_PeriodElapsedCallback) for [Anonymous Symbol]
    gpio.o(.ARM.exidx.text.MX_GPIO_Init) refers to gpio.o(.text.MX_GPIO_Init) for [Anonymous Symbol]
    freertos.o(.text.MX_FREERTOS_Init) refers to freertos.o(.text.StartDefaultTask) for StartDefaultTask
    freertos.o(.text.MX_FREERTOS_Init) refers to freertos.o(.rodata.defaultTask_attributes) for defaultTask_attributes
    freertos.o(.text.MX_FREERTOS_Init) refers to cmsis_os2.o(.text.osThreadNew) for osThreadNew
[...]
    xPendingReadyList                        0x20004f98   Data          20  tasks.o(.bss.xPendingReadyList)
    [Anonymous Symbol]                       0x20004fec   Section        0  tasks.o(.bss.xSchedulerRunning)
    xSchedulerRunning                        0x20004fec   Data           4  tasks.o(.bss.xSchedulerRunning)
    [Anonymous Symbol]                       0x20004ff0   Section        0  heap_4.o(.bss.xStart)
    xStart                                   0x20004ff0   Data           8  heap_4.o(.bss.xStart)
    [Anonymous Symbol]                       0x20004ff8   Section        0  tasks.o(.bss.xSuspendedTaskList)
    xSuspendedTaskList                       0x20004ff8   Data          20  tasks.o(.bss.xSuspendedTaskList)
    [Anonymous Symbol]                       0x2000500c   Section        0  tasks.o(.bss.xTasksWaitingTermination)
    xTasksWaitingTermination                 0x2000500c   Data          20  tasks.o(.bss.xTasksWaitingTermination)
    [Anonymous Symbol]                       0x20005020   Section        0  tasks.o(.bss.xTickCount)
    xTickCount                               0x20005020   Data           4  tasks.o(.bss.xTickCount)
    [Anonymous Symbol]                       0x20005024   Section        0  timers.o(.bss.xTimerQueue)
    xTimerQueue                              0x20005024   Data           4  timers.o(.bss.xTimerQueue)
    [Anonymous Symbol]                       0x20005028   Section        0  timers.o(.bss.xTimerTaskHandle)
    xTimerTaskHandle                         0x20005028   Data           4  timers.o(.bss.xTimerTaskHandle)
    [Anonymous Symbol]                       0x2000502c   Section        0  tasks.o(.bss.xYieldPending)
    xYieldPending                            0x2000502c   Data           4  tasks.o(.bss.xYieldPending)
    HEAP                                     0x20005030   Section      512  startup_stm32f407xx.o(HEAP)
    Heap_Mem                                 0x20005030   Data         512  startup_stm32f407xx.o(HEAP)
    STACK                                    0x20005230   Section     1024  startup_stm32f407xx.o(STACK)
    Stack_Mem                                0x20005230   Data        1024  startup_stm32f407xx.o(STACK)
    __initial_sp                             0x20005630   Data           0  startup_stm32f407xx.o(STACK)

    Global Symbols

    Symbol Name                              Value     Ov Type        Size  Object(Section)

    BuildAttributes$$THM_ISAv4$E$P$D$K$B$S$7EM$VFPi3$EXTD16$VFPS$VFMA$PE$A:L22UL41UL21$X:L11$S22US41US21$IEEE1$IW$~IW$USESV6$~STKCKD$USESV7$~SHL$OSPACE$ROPI$EBA8$UX$STANDARDLIB$REQ8$PRES8$EABIv2 0x00000000   Number         0  anon$$obj.o ABSOLUTE
    SHT$$ARM_EXIDX$$Base                      - Undefined Reference
    SHT$$ARM_EXIDX$$Limit                     - Undefined Reference
    __ARM_exceptions_init                     - Undefined Weak Reference
    __alloca_initialize                       - Undefined Weak Reference
    __arm_preinit_                            - Undefined Weak Reference
    __cxa_finalize                            - Undefined Weak Reference
    __rt_locale                               - Undefined Weak Reference
    __sigvec_lookup                           - Undefined Weak Reference
    _atexit_init                              - Undefined Weak Reference
    _call_atexit_fns                          - Undefined Weak Reference
    _clock_init                               - Undefined Weak Reference
    _fp_trap_init                             - Undefined Weak Reference
    _fp_trap_shutdown                         - Undefined Weak Reference
    _get_lc_collate                           - Undefined Weak Reference
    _get_lc_ctype                             - Undefined Weak Reference
    _get_lc_monetary                          - Undefined Weak Reference
    _get_lc_numeric                           - Undefined Weak Reference
    _get_lc_time                              - Undefined Weak Reference
    _getenv_init                              - Undefined Weak Reference
    _handle_redirection                       - Undefined Weak Reference
    _init_alloc                               - Undefined Weak Reference
    _init_user_alloc                          - Undefined Weak Reference
    _initio                                   - Undefined Weak Reference
    _rand_init                                - Undefined Weak Reference
    _signal_finish                            - Undefined Weak Reference
    _signal_init                              - Undefined Weak Reference
    _terminate_alloc                          - Undefined Weak Reference
    _terminate_user_alloc                     - Undefined Weak Reference
    _terminateio                              - Undefined Weak Reference
    __Vectors_Size                           0x00000188   Number         0  startup_stm32f407xx.o ABSOLUTE
    __Vectors                                0x08000000   Data           4  startup_stm32f407xx.o(RESET)
    __Vectors_End                            0x08000188   Data           0  startup_stm32f407xx.o(RESET)
    __main                                   0x08000189   Thumb Code     8  __main.o(!!!main)
    __scatterload                            0x08000191   Thumb Code     0  __scatter.o(!!!scatter)
    __scatterload_rt2                        0x08000191   Thumb Code    44  __scatter.o(!!!scatter)
    __scatterload_rt2_thumb_only             0x08000191   Thumb Code     0  __scatter.o(!!!scatter)
    __scatterload_null                       0x0800019f   Thumb Code     0  __scatter.o(!!!scatter)
    __scatterload_copy                       0x080001c5   Thumb Code    26  __scatter_copy.o(!!handler_copy)
    __scatterload_zeroinit                   0x080001e1   Thumb Code    28  __scatter_zi.o(!!handler_zi)
    __rt_lib_init                            0x080001fd   Thumb Code     0  libinit.o(.ARM.Collect$$libinit$$00000000)
    __rt_lib_init_fp_1                       0x080001ff   Thumb Code     0  libinit2.o(.ARM.Collect$$libinit$$00000001)
    __rt_lib_init_argv_1                     0x08000203   Thumb Code     0  libinit2.o(.ARM.Collect$$libinit$$00000027)
    __rt_lib_init_atexit_1                   0x08000203   Thumb Code     0  libinit2.o(.ARM.Collect$$libinit$$0000001B)
    __rt_lib_init_clock_1                    0x08000203   Thumb Code     0  libinit2.o(.ARM.Collect$$libinit$$00000021)
    __rt_lib_init_fp_trap_1                  0x08000203   Thumb Code     0  libinit2.o(.ARM.Collect$$libinit$$0000001F)
    __rt_lib_init_getenv_1                   0x08000203   Thumb Code     0  libinit2.o(.ARM.Collect$$libinit$$00000023)
    __rt_lib_init_heap_1                     0x08000203   Thumb Code     0  libinit2.o(.ARM.Collect$$libinit$$0000000A)
    __rt_lib_init_heapregion_libspace_used   0x08000203   Thumb Code     0  libinit2.o(.ARM.Collect$$libinit$$00000027)
    __rt_lib_init_lc_collate_1               0x08000203   Thumb Code     0  libinit2.o(.ARM.Collect$$libinit$$00000011)
    __rt_lib_init_lc_ctype_1                 0x08000203   Thumb Code     0  libinit2.o(.ARM.Collect$$libinit$$00000013)
    __rt_lib_init_lc_monetary_1              0x08000203   Thumb Code     0  libinit2.o(.ARM.Collect$$libinit$$00000015)
    __rt_lib_init_lc_numeric_1               0x08000203   Thumb Code     0  libinit2.o(.ARM.Collect$$libinit$$00000017)
    __rt_lib_init_lc_time_1                  0x08000203   Thumb Code     0  libinit2.o(.ARM.Collect$$libinit$$00000019)
    __rt_lib_init_preinit_1                  0x08000203   Thumb Code     0  libinit2.o(.ARM.Collect$$libinit$$00000004)
    __rt_lib_init_rand_1                     0x08000203   Thumb Code     0  libinit2.o(.ARM.Collect$$libinit$$0000000E)
    __rt_lib_init_signal_1                   0x08000203   Thumb Code     0  libinit2.o(.ARM.Collect$$libinit$$0000001D)
    __rt_lib_init_stdio_1                    0x08000203   Thumb Code     0  libinit2.o(.ARM.Collect$$libinit$$00000025)
    __rt_lib_init_user_alloc_1               0x08000203   Thumb Code     0  libinit2.o(.ARM.Collect$$libinit$$0000000C)
    __rt_lib_init_alloca_1                   0x0800020b   Thumb Code     0  libinit2.o(.ARM.Collect$$libinit$$0000002E)
    __rt_lib_init_cpp_2                      0x0800020b   Thumb Code     0  libinit2.o(.ARM.Collect$$libinit$$00000031)
    __rt_lib_init_exceptions_1               0x0800020b   Thumb Code     0  libinit2.o(.ARM.Collect$$libinit$$00000030)
    __rt_lib_init_cpp_1                      0x0800020f   Thumb Code     0  libinit2.o(.ARM.Collect$$libinit$$00000032)
    __rt_lib_init_return                     0x0800020f   Thumb Code     0  libinit2.o(.ARM.Collect$$libinit$$00000033)
    __rt_lib_shutdown                        0x08000211   Thumb Code     0  libshutdown.o(.ARM.Collect$$libshutdown$$00000000)
    __rt_lib_shutdown_cpp_1                  0x08000213   Thumb Code     0  libshutdown2.o(.ARM.Collect$$libshutdown$$00000002)
    __rt_lib_shutdown_fp_trap_1              0x08000213   Thumb Code     0  libshutdown2.o(.ARM.Collect$$libshutdown$$00000007)
    __rt_lib_shutdown_heap_1                 0x08000213   Thumb Code     0  libshutdown2.o(.ARM.Collect$$libshutdown$$0000000F)
    __rt_lib_shutdown_return                 0x08000213   Thumb Code     0  libshutdown2.o(.ARM.Collect$$libshutdown$$00000010)
    __rt_lib_shutdown_signal_1               0x08000213   Thumb Code     0  libshutdown2.o(.ARM.Collect$$libshutdown$$0000000A)
    __rt_lib_shutdown_stdio_1                0x08000213   Thumb Code     0  libshutdown2.o(.ARM.Collect$$libshutdown$$00000004)
    __rt_lib_shutdown_user_alloc_1           0x08000213   Thumb Code     0  libshutdown2.o(.ARM.Collect$$libshutdown$$0000000C)
    __rt_entry                               0x08000215   Thumb Code     0  __rtentry.o(.ARM.Collect$$rtentry$$00000000)
    __rt_entry_presh_1                       0x08000215   Thumb Code     0  __rtentry2.o(.ARM.Collect$$rtentry$$00000002)
    __rt_entry_sh                            0x08000215   Thumb Code     0  __rtentry4.o(.ARM.Collect$$rtentry$$00000004)
    __rt_entry_li                            0x0800021b   Thumb Code     0  __rtentry2.o(.ARM.Collect$$rtentry$$0000000A)
    __rt_entry_postsh_1                      0x0800021b   Thumb Code     0  __rtentry2.o(.ARM.Collect$$rtentry$$00000009)
    __rt_entry_main                          0x0800021f   Thumb Code     0  __rtentry2.o(.ARM.Collect$$rtentry$$0000000D)
    __rt_entry_postli_1                      0x0800021f   Thumb Code     0  __rtentry2.o(.ARM.Collect$$rtentry$$0000000C)
    __rt_exit                                0x08000227   Thumb Code     0  rtexit.o(.ARM.Collect$$rtexit$$00000000)
    __rt_exit_ls                             0x08000229   Thumb Code     0  rtexit2.o(.ARM.Collect$$rtexit$$00000003)
    __rt_exit_prels_1                        0x08000229   Thumb Code     0  rtexit2.o(.ARM.Collect$$rtexit$$00000002)
    __rt_exit_exit                           0x0800022d   Thumb Code     0  rtexit2.o(.ARM.Collect$$rtexit$$00000004)
    __ARM_argv_veneer                        0x08000235   Thumb Code     4  argv_veneer.o(.emb_text)
    Reset_Handler                            0x08000239   Thumb Code     8  startup_stm32f407xx.o(.text)
    ADC_IRQHandler                           0x08000253   Thumb Code     0  startup_stm32f407xx.o(.text)
    CAN1_SCE_IRQHandler                      0x08000253   Thumb Code     0  startup_stm32f407xx.o(.text)
    CAN1_TX_IRQHandler                       0x08000253   Thumb Code     0  startup_stm32f407xx.o(.text)
    CAN2_SCE_IRQHandler                      0x08000253   Thumb Code     0  startup_stm32f407xx.o(.text)
    CAN2_TX_IRQHandler                       0x08000253   Thumb Code     0  startup_stm32f407xx.o(.text)
    DCMI_IRQHandler                          0x08000253   Thumb Code     0  startup_stm32f407xx.o(.text)
    DMA1_Stream0_IRQHandler                  0x08000253   Thumb Code     0  startup_stm32f407xx.o(.text)
    DMA1_Stream1_IRQHandler                  0x08000253   Thumb Code     0  startup_stm32f407xx.o(.text)
    DMA1_Stream2_IRQHandler                  0x08000253   Thumb Code     0  startup_stm32f407xx.o(.text)
    DMA1_Stream3_IRQHandler                  0x08000253   Thumb Code     0  startup_stm32f407xx.o(.text)
    DMA1_Stream4_IRQHandler                  0x08000253   Thumb Code     0  startup_stm32f407xx.o(.text)
    DMA1_Stream5_IRQHandler                  0x08000253   Thumb Code     0  startup_stm32f407xx.o(.text)
    DMA1_Stream6_IRQHandler                  0x08000253   Thumb Code     0  startup_stm32f407xx.o(.text)
    DMA1_Stream7_IRQHandler                  0x08000253   Thumb Code     0  startup_stm32f407xx.o(.text)
    DMA2_Stream0_IRQHandler                  0x08000253   Thumb Code     0  startup_stm32f407xx.o(.text)
    DMA2_Stream1_IRQHandler                  0x08000253   Thumb Code     0  startup_stm32f407xx.o(.text)
    DMA2_Stream2_IRQHandler                  0x08000253   Thumb Code     0  startup_stm32f407xx.o(.text)
    DMA2_Stream3_IRQHandler                  0x08000253   Thumb Code     0  startup_stm32f407xx.o(.text)
    DMA2_Stream4_IRQHandler                  0x08000253   Thumb Code     0  startup_stm32f407xx.o(.text)
    DMA2_Stream5_IRQHandler                  0x08000253   Thumb Code     0  startup_stm32f407xx.o(.text)
    DMA2_Stream6_IRQHandler                  0x08000253   Thumb Code     0  startup_stm32f407xx.o(.text)
    DMA2_Stream7_IRQHandler                  0x08000253   Thumb Code     0  startup_stm32f407xx.o(.text)
    ETH_IRQHandler                           0x08000253   Thumb Code     0  startup_stm32f407xx.o(.text)
    ETH_WKUP_IRQHandler                      0x08000253   Thumb Code     0  startup_stm32f407xx.o(.text)
    EXTI0_IRQHandler                         0x08000253   Thumb Code     0  startup_stm32f407xx.o(.text)
    EXTI15_10_IRQHandler                     0x08000253   Thumb Code     0  startup_stm32f407xx.o(.text)
    EXTI1_IRQHandler                         0x08000253   Thumb Code     0  startup_stm32f407xx.o(.text)
    EXTI2_IRQHandler                         0x08000253   Thumb Code     0  startup_stm32f407xx.o(.text)
    EXTI3_IRQHandler                         0x08000253   Thumb Code     0  startup_stm32f407xx.o(.text)
    EXTI4_IRQHandler                         0x08000253   Thumb Code     0  startup_stm32f407xx.o(.text)
    EXTI9_5_IRQHandler                       0x08000253   Thumb Code     0  startup_stm32f407xx.o(.text)
    FLASH_IRQHandler                         0x08000253   Thumb Code     0  startup_stm32f407xx.o(.text)
    FMC_IRQHandler                           0x08000253   Thumb Code     0  startup_stm32f407xx.o(.text)
    FPU_IRQHandler                           0x08000253   Thumb Code     0  startup_stm32f407xx.o(.text)
    HASH_RNG_IRQHandler                      0x08000253   Thumb Code     0  startup_stm32f407xx.o(.text)
    I2C1_ER_IRQHandler                       0x08000253   Thumb Code     0  startup_stm32f407xx.o(.text)
    I2C1_EV_IRQHandler                       0x08000253   Thumb Code     0  startup_stm32f407xx.o(.text)
    I2C2_ER_IRQHandler                       0x08000253   Thumb Code     0  startup_stm32f407xx.o(.text)
    I2C2_EV_IRQHandler                       0x08000253   Thumb Code     0  startup_stm32f407xx.o(.text)
    I2C3_ER_IRQHandler                       0x08000253   Thumb Code     0  startup_stm32f407xx.o(.text)
    I2C3_EV_IRQHandler                       0x08000253   Thumb Code     0  startup_stm32f407xx.o(.text)
    OTG_FS_IRQHandler                        0x08000253   Thumb Code     0  startup_stm32f407xx.o(.text)
    OTG_FS_WKUP_IRQHandler                   0x08000253   Thumb Code     0  startup_stm32f407xx.o(.text)
    OTG_HS_EP1_IN_IRQHandler                 0x08000253   Thumb Code     0  startup_stm32f407xx.o(.text)
    OTG_HS_EP1_OUT_IRQHandler                0x08000253   Thumb Code     0  startup_stm32f407xx.o(.text)
    OTG_HS_IRQHandler                        0x08000253   Thumb Code     0  startup_stm32f407xx.o(.text)
    OTG_HS_WKUP_IRQHandler                   0x08000253   Thumb Code     0  startup_stm32f407xx.o(.text)
    PVD_IRQHandler                           0x08000253   Thumb Code     0  startup_stm32f407xx.o(.text)
    RCC_IRQHandler                           0x08000253   Thumb Code     0  startup_stm32f407xx.o(.text)
    RTC_Alarm_IRQHandler                     0x08000253   Thumb Code     0  startup_stm32f407xx.o(.text)
    RTC_WKUP_IRQHandler                      0x08000253   Thumb Code     0  startup_stm32f407xx.o(.text)
    SDIO_IRQHandler                          0x08000253   Thumb Code     0  startup_stm32f407xx.o(.text)
    SPI1_IRQHandler                          0x08000253   Thumb Code     0  startup_stm32f407xx.o(.text)
    SPI2_IRQHandler                          0x08000253   Thumb Code     0  startup_stm32f407xx.o(.text)
    SPI3_IRQHandler                          0x08000253   Thumb Code     0  startup_stm32f407xx.o(.text)
    TAMP_STAMP_IRQHandler                    0x08000253   Thumb Code     0  startup_stm32f407xx.o(.text)
    TIM1_BRK_TIM9_IRQHandler                 0x08000253   Thumb Code     0  startup_stm32f407xx.o(.text)
    TIM1_CC_IRQHandler                       0x08000253   Thumb Code     0  startup_stm32f407xx.o(.text)
    TIM1_TRG_COM_TIM11_IRQHandler            0x08000253   Thumb Code     0  startup_stm32f407xx.o(.text)
    TIM1_UP_TIM10_IRQHandler                 0x08000253   Thumb Code     0  startup_stm32f407xx.o(.text)
    TIM2_IRQHandler                          0x08000253   Thumb Code     0  startup_stm32f407xx.o(.text)
    TIM3_IRQHandler                          0x08000253   Thumb Code     0  startup_stm32f407xx.o(.text)
    TIM4_IRQHandler                          0x08000253   Thumb Code     0  startup_stm32f407xx.o(.text)
    TIM5_IRQHandler                          0x08000253   Thumb Code     0  startup_stm32f407xx.o(.text)
    TIM7_IRQHandler                          0x08000253   Thumb Code     0  startup_stm32f407xx.o(.text)
    TIM8_BRK_TIM12_IRQHandler                0x08000253   Thumb Code     0  startup_stm32f407xx.o(.text)
    TIM8_CC_IRQHandler                       0x08000253   Thumb Code     0  startup_stm32f407xx.o(.text)
    TIM8_TRG_COM_TIM14_IRQHandler            0x08000253   Thumb Code     0  startup_stm32f407xx.o(.text)
    TIM8_UP_TIM13_IRQHandler                 0x08000253   Thumb Code     0  startup_stm32f407xx.o(.text)
    UART4_IRQHandler                         0x08000253   Thumb Code     0  startup_stm32f407xx.o(.text)
    UART5_IRQHandler                         0x08000253   Thumb Code     0  startup_stm32f407xx.o(.text)
    USART1_IRQHandler                        0x08000253   Thumb Code     0  startup_stm32f407xx.o(.text)
    USART2_IRQHandler                        0x08000253   Thumb Code     0  startup_stm32f407xx.o(.text)
    WWDG_IRQHandler                          0x08000253   Thumb Code     0  startup_stm32f407xx.o(.text)
    __user_initial_stackheap                 0x08000255   Thumb Code     0  startup_stm32f407xx.o(.text)
    __aeabi_uldivmod                         0x08000279   Thumb Code     0  lludivv7m.o(.text)
    _ll_udiv                                 0x08000279   Thumb Code   238  lludivv7m.o(.text)
    __aeabi_memcpy                           0x08000367   Thumb Code     0  rt_memcpy_v6.o(.text)
    __rt_memcpy                              0x08000367   Thumb Code   138  rt_memcpy_v6.o(.text)
    _memcpy_lastbytes                        0x080003cd   Thumb Code     0  rt_memcpy_v6.o(.text)
    __aeabi_memset4                          0x080003f1   Thumb Code    16  aeabi_memset4.o(.text)
    __aeabi_memset8                          0x080003f1   Thumb Code     0  aeabi_memset4.o(.text)
    __aeabi_memclr4                          0x08000401   Thumb Code     0  rt_memclr_w.o(.text)
    __aeabi_memclr8                          0x08000401   Thumb Code     0  rt_memclr_w.o(.text)
    __rt_memclr_w                            0x08000401   Thumb Code    78  rt_memclr_w.o(.text)
    _memset_w                                0x08000405   Thumb Code     0  rt_memclr_w.o(.text)
    __use_two_region_memory                  0x0800044f   Thumb Code     2  heapauxi.o(.text)
    __rt_heap_escrow$2region                 0x08000451   Thumb Code     2  heapauxi.o(.text)
    __rt_heap_expand$2region                 0x08000453   Thumb Code     2  heapauxi.o(.text)
    __cpp_initialize__aeabi_                 0x08000455   Thumb Code    26  init_aeabi.o(.text)
    __aeabi_memcpy4                          0x08000479   Thumb Code     0  rt_memcpy_w.o(.text)
    __aeabi_memcpy8                          0x08000479   Thumb Code     0  rt_memcpy_w.o(.text)
    __rt_memcpy_w                            0x08000479   Thumb Code   100  rt_memcpy_w.o(.text)
    _memcpy_lastbytes_aligned                0x080004c1   Thumb Code     0  rt_memcpy_w.o(.text)
    _sys_exit                                0x080004dd   Thumb Code     8  sys_exit.o(.text)
    __I$use$semihosting                      0x080004e9   Thumb Code     0  use_no_semi.o(.text)
    __use_no_semihosting_swi                 0x080004e9   Thumb Code     2  use_no_semi.o(.text)
    __semihosting_library_function           0x080004eb   Thumb Code     0  indicate_semi.o(.text)
    __user_setup_stackheap                   0x080004eb   Thumb Code    74  sys_stackheap_outer.o(.text)
    exit                                     0x08000535   Thumb Code    18  exit.o(.text)
    __sig_exit                               0x08000547   Thumb Code    10  defsig_exit.o(.text)
    __argv_alloc                             0x08000551   Thumb Code    34  _get_argv_nomalloc.o(.text)
    __ARM_get_argv                           0x08000573   Thumb Code   268  _get_argv_nomalloc.o(.text)
    _sys_command_string                      0x0800067f   Thumb Code    24  sys_command.o(.text)
    __user_libspace                          0x08000699   Thumb Code     8  libspace.o(.text)
    __user_perproc_libspace                  0x08000699   Thumb Code     0  libspace.o(.text)
    __user_perthread_libspace                0x08000699   Thumb Code     0  libspace.o(.text)
    __use_no_heap_region                     0x080006a1   Thumb Code     2  hrguard.o(.text)
    __heap_region$guard                      0x080006a3   Thumb Code     2  hrguard.o(.text)
    __default_signal_display                 0x080006a5   Thumb Code    50  defsig_general.o(.text)
    __rt_SIGRTMEM                            0x080006d7   Thumb Code    14  defsig_rtmem_outer.o(.text)
    _ttywrch                                 0x080006e5   Thumb Code    14  sys_wrch.o(.text)
    __rt_SIGRTMEM_inner                      0x080006f5   Thumb Code    22  defsig_rtmem_inner.o(.text)
    BusFault_Handler                         0x08000745   Thumb Code     4  stm32f4xx_it.o(.text.BusFault_Handler)
    CAN1_RX0_IRQHandler                      0x08000749   Thumb Code    16  stm32f4xx_it.o(.text.CAN1_RX0_IRQHandler)
    CAN1_RX1_IRQHandler                      0x08000759   Thumb Code    16  stm32f4xx_it.o(.text.CAN1_RX1_IRQHandler)
    CAN2_RX0_IRQHandler                      0x08000769   Thumb Code    16  stm32f4xx_it.o(.text.CAN2_RX0_IRQHandler)
    CAN2_RX1_IRQHandler                      0x08000779   Thumb Code    16  stm32f4xx_it.o(.text.CAN2_RX1_IRQHandler)
    DebugMon_Handler                         0x08000789   Thumb Code     2  stm32f4xx_it.o(.text.DebugMon_Handler)
    Error_Handler                            0x0800078d   Thumb Code     6  main.o(.text.Error_Handler)
    HAL_CAN_ActivateNotification             0x08000795   Thumb Code    90  stm32f4xx_hal_can.o(.text.HAL_CAN_ActivateNotification)
    HAL_CAN_AddTxMessage                     0x080007f1   Thumb Code   370  stm32f4xx_hal_can.o(.text.HAL_CAN_AddTxMessage)
    HAL_CAN_ConfigFilter                     0x08000965   Thumb Code   444  stm32f4xx_hal_can.o(.text.HAL_CAN_ConfigFilter)
    HAL_CAN_ErrorCallback                    0x08000b21   Thumb Code    12  stm32f4xx_hal_can.o(.text.HAL_CAN_ErrorCallback)
    HAL_CAN_GetRxMessage                     0x08000b2d   Thumb Code   562  stm32f4xx_hal_can.o(.text.HAL_CAN_GetRxMessage)
    HAL_CAN_IRQHandler                       0x08000d61   Thumb Code  1032  stm32f4xx_hal_can.o(.text.HAL_CAN_IRQHandler)
    HAL_CAN_Init                             0x08001169   Thumb Code   496  stm32f4xx_hal_can.o(.text.HAL_CAN_Init)
    HAL_CAN_MspInit                          0x08001359   Thumb Code   454  can.o(.text.HAL_CAN_MspInit)
    HAL_CAN_RxFifo0FullCallback              0x08001521   Thumb Code    12  stm32f4xx_hal_can.o(.text.HAL_CAN_RxFifo0FullCallback)
    HAL_CAN_RxFifo0MsgPendingCallback        0x0800152d   Thumb Code   280  candevice.o(.text.HAL_CAN_RxFifo0MsgPendingCallback)
    HAL_CAN_RxFifo1FullCallback              0x08001645   Thumb Code    12  stm32f4xx_hal_can.o(.text.HAL_CAN_RxFifo1FullCallback)
    HAL_CAN_RxFifo1MsgPendingCallback        0x08001651   Thumb Code    12  stm32f4xx_hal_can.o(.text.HAL_CAN_RxFifo1MsgPendingCallback)
    HAL_CAN_SleepCallback                    0x0800165d   Thumb Code    12  stm32f4xx_hal_can.o(.text.HAL_CAN_SleepCallback)
    HAL_CAN_Start                            0x08001669   Thumb Code   148  stm32f4xx_hal_can.o(.text.HAL_CAN_Start)
    HAL_CAN_TxMailbox0AbortCallback          0x080016fd   Thumb Code    12  stm32f4xx_hal_can.o(.text.HAL_CAN_TxMailbox0AbortCallback)
    HAL_CAN_TxMailbox0CompleteCallback       0x08001709   Thumb Code    12  stm32f4xx_hal_can.o(.text.HAL_CAN_TxMailbox0CompleteCallback)
    HAL_CAN_TxMailbox1AbortCallback          0x08001715   Thumb Code    12  stm32f4xx_hal_can.o(.text.HAL_CAN_TxMailbox1AbortCallback)
    HAL_CAN_TxMailbox1CompleteCallback       0x08001721   Thumb Code    12  stm32f4xx_hal_can.o(.text.HAL_CAN_TxMailbox1CompleteCallback)
    HAL_CAN_TxMailbox2AbortCallback          0x0800172d   Thumb Code    12  stm32f4xx_hal_can.o(.text.HAL_CAN_TxMailbox2AbortCallback)
    HAL_CAN_TxMailbox2CompleteCallback       0x08001739   Thumb Code    12  stm32f4xx_hal_can.o(.text.HAL_CAN_TxMailbox2CompleteCallback)
    HAL_CAN_WakeUpFromRxMsgCallback          0x08001745   Thumb Code    12  stm32f4xx_hal_can.o(.text.HAL_CAN_WakeUpFromRxMsgCallback)
    HAL_DMA_Abort                            0x08001751   Thumb Code   252  stm32f4xx_hal_dma.o(.text.HAL_DMA_Abort)
    HAL_DMA_Abort_IT                         0x0800184d   Thumb Code    72  stm32f4xx_hal_dma.o(.text.HAL_DMA_Abort_IT)
    HAL_GPIO_Init                            0x08001895   Thumb Code   976  stm32f4xx_hal_gpio.o(.text.HAL_GPIO_Init)
    HAL_GetTick                              0x08001c65   Thumb Code    12  stm32f4xx_hal.o(.text.HAL_GetTick)
    HAL_IncTick                              0x08001c71   Thumb Code    26  stm32f4xx_hal.o(.text.HAL_IncTick)
    HAL_Init                                 0x08001c8d   Thumb Code    60  stm32f4xx_hal.o(.text.HAL_Init)
    HAL_InitTick                             0x08001cc9   Thumb Code   256  stm32f4xx_hal_timebase_tim.o(.text.HAL_InitTick)
    HAL_MspInit                              0x08001dc9   Thumb Code    92  stm32f4xx_hal_msp.o(.text.HAL_MspInit)
    HAL_NVIC_EnableIRQ                       0x08001e25   Thumb Code    24  stm32f4xx_hal_cortex.o(.text.HAL_NVIC_EnableIRQ)
    HAL_NVIC_SetPriority                     0x08001e3d   Thumb Code    70  stm32f4xx_hal_cortex.o(.text.HAL_NVIC_SetPriority)
    HAL_NVIC_SetPriorityGrouping             0x08001e85   Thumb Code    20  stm32f4xx_hal_cortex.o(.text.HAL_NVIC_SetPriorityGrouping)
    HAL_RCC_ClockConfig                      0x08001e99   Thumb Code   630  stm32f4xx_hal_rcc.o(.text.HAL_RCC_ClockConfig)
    HAL_RCC_GetClockConfig                   0x08002111   Thumb Code   104  stm32f4xx_hal_rcc.o(.text.HAL_RCC_GetClockConfig)
    HAL_RCC_GetHCLKFreq                      0x08002179   Thumb Code    12  stm32f4xx_hal_rcc.o(.text.HAL_RCC_GetHCLKFreq)
    HAL_RCC_GetPCLK1Freq                     0x08002185   Thumb Code    38  stm32f4xx_hal_rcc.o(.text.HAL_RCC_GetPCLK1Freq)
    HAL_RCC_GetPCLK2Freq                     0x080021ad   Thumb Code    38  stm32f4xx_hal_rcc.o(.text.HAL_RCC_GetPCLK2Freq)
    HAL_RCC_GetSysClockFreq                  0x080021d5   Thumb Code   232  stm32f4xx_hal_rcc.o(.text.HAL_RCC_GetSysClockFreq)
    HAL_RCC_OscConfig                        0x080022bd   Thumb Code  1792  stm32f4xx_hal_rcc.o(.text.HAL_RCC_OscConfig)
    HAL_TIMEx_BreakCallback                  0x080029bd   Thumb Code    12  stm32f4xx_hal_tim_ex.o(.text.HAL_TIMEx_BreakCallback)
    HAL_TIMEx_CommutCallback                 0x080029c9   Thumb Code    12  stm32f4xx_hal_tim_ex.o(.text.HAL_TIMEx_CommutCallback)
    HAL_TIM_Base_Init                        0x080029d5   Thumb Code   170  stm32f4xx_hal_tim.o(.text.HAL_TIM_Base_Init)
    HAL_TIM_Base_MspInit                     0x08002a81   Thumb Code    12  stm32f4xx_hal_tim.o(.text.HAL_TIM_Base_MspInit)
    HAL_TIM_Base_Start_IT                    0x08002a8d   Thumb Code   250  stm32f4xx_hal_tim.o(.text.HAL_TIM_Base_Start_IT)
    HAL_TIM_IC_CaptureCallback               0x08002b89   Thumb Code    12  stm32f4xx_hal_tim.o(.text.HAL_TIM_IC_CaptureCallback)
    HAL_TIM_IRQHandler                       0x08002b95   Thumb Code   518  stm32f4xx_hal_tim.o(.text.HAL_TIM_IRQHandler)
    HAL_TIM_OC_DelayElapsedCallback          0x08002d9d   Thumb Code    12  stm32f4xx_hal_tim.o(.text.HAL_TIM_OC_DelayElapsedCallback)
    HAL_TIM_PWM_PulseFinishedCallback        0x08002da9   Thumb Code    12  stm32f4xx_hal_tim.o(.text.HAL_TIM_PWM_PulseFinishedCallback)
    HAL_TIM_PeriodElapsedCallback            0x08002db5   Thumb Code    38  main.o(.text.HAL_TIM_PeriodElapsedCallback)
    HAL_TIM_TriggerCallback                  0x08002ddd   Thumb Code    12  stm32f4xx_hal_tim.o(.text.HAL_TIM_TriggerCallback)
    HAL_UARTEx_RxEventCallback               0x08002de9   Thumb Code    20  stm32f4xx_hal_uart.o(.text.HAL_UARTEx_RxEventCallback)
    HAL_UART_ErrorCallback                   0x08002dfd   Thumb Code    12  stm32f4xx_hal_uart.o(.text.HAL_UART_ErrorCallback)
    HAL_UART_IRQHandler                      0x08002e09   Thumb Code  1106  stm32f4xx_hal_uart.o(.text.HAL_UART_IRQHandler)
    HAL_UART_Init                            0x0800325d   Thumb Code   170  stm32f4xx_hal_uart.o(.text.HAL_UART_Init)
    HAL_UART_MspInit                         0x08003309   Thumb Code   416  usart.o(.text.HAL_UART_MspInit)
    HAL_UART_Receive_IT                      0x080034a9   Thumb Code   106  stm32f4xx_hal_uart.o(.text.HAL_UART_Receive_IT)
    HAL_UART_RxCpltCallback                  0x08003515   Thumb Code   140  serialdevice.o(.text.HAL_UART_RxCpltCallback)
    HAL_UART_TxCpltCallback                  0x080035a1   Thumb Code    12  stm32f4xx_hal_uart.o(.text.HAL_UART_TxCpltCallback)
    HardFault_Handler                        0x080035ad   Thumb Code     4  stm32f4xx_it.o(.text.HardFault_Handler)
    MX_CAN1_Init                             0x080035b1   Thumb Code    72  can.o(.text.MX_CAN1_Init)
    MX_CAN2_Init                             0x080035f9   Thumb Code    72  can.o(.text.MX_CAN2_Init)
    MX_FREERTOS_Init                         0x08003641   Thumb Code    36  freertos.o(.text.MX_FREERTOS_Init)
    MX_GPIO_Init                             0x08003665   Thumb Code   222  gpio.o(.text.MX_GPIO_Init)
    MX_USART3_UART_Init                      0x08003745   Thumb Code    64  usart.o(.text.MX_USART3_UART_Init)
    MX_USART6_UART_Init                      0x08003785   Thumb Code    60  usart.o(.text.MX_USART6_UART_Init)
    MemManage_Handler                        0x080037c1   Thumb Code     4  stm32f4xx_it.o(.text.MemManage_Handler)
    NMI_Handler                              0x080037c5   Thumb Code     4  stm32f4xx_it.o(.text.NMI_Handler)
    PendSV_Handler                           0x08003851   Thumb Code   100  port.o(.text.PendSV_Handler)
    SVC_Handler                              0x080038c1   Thumb Code    36  port.o(.text.SVC_Handler)
    StartDefaultTask                         0x080038f5   Thumb Code    32  freertos.o(.text.StartDefaultTask)
    Start_tasks                              0x08003915   Thumb Code    16  start.o(.text.Start_tasks)
    SysTick_Handler                          0x08003925   Thumb Code    36  cmsis_os2.o(.text.SysTick_Handler)
    SystemClock_Config                       0x08003949   Thumb Code   194  main.o(.text.SystemClock_Config)
    SystemInit                               0x08003a0d   Thumb Code    18  system_stm32f4xx.o(.text.SystemInit)
    TIM6_DAC_IRQHandler                      0x08003a21   Thumb Code    16  stm32f4xx_it.o(.text.TIM6_DAC_IRQHandler)
    TIM_Base_SetConfig                       0x08003a31   Thumb Code   442  stm32f4xx_hal_tim.o(.text.TIM_Base_SetConfig)
    UART_Start_Receive_IT                    0x08003fb5   Thumb Code   118  stm32f4xx_hal_uart.o(.text.UART_Start_Receive_IT)
    USART3_IRQHandler                        0x080040cd   Thumb Code    16  stm32f4xx_it.o(.text.USART3_IRQHandler)
    USART6_IRQHandler                        0x080040dd   Thumb Code    16  stm32f4xx_it.o(.text.USART6_IRQHandler)
    UsageFault_Handler                       0x080040ed   Thumb Code     4  stm32f4xx_it.o(.text.UsageFault_Handler)
    Motor::Can_SendData()                    0x08004101   Thumb Code   148  motor.o(.text._ZN5Motor12Can_SendDataEv)
    Motor::motor_process()                   0x08004195   Thumb Code    16  motor.o(.text._ZN5Motor13motor_processEv)
    Motor::Motor(CAN_HandleTypeDef*, unsigned char) 0x080041a5   Thumb Code    62  motor.o(.text._ZN5MotorC2EP17CAN_HandleTypeDefh)
    Motor::Motor__sub_object(CAN_HandleTypeDef*, unsigned char) 0x080041a5   Thumb Code    62  motor.o(.text._ZN5MotorC2EP17CAN_HandleTypeDefh)
    TaskInfo::TaskInfo__sub_object()         0x080041e5   Thumb Code    70  taskmanager.o(.text._ZN8TaskInfoC2Ev)
    CanDevice::Can_update(unsigned char*)    0x0800422d   Thumb Code    18  candevice.o(.text._ZN9CanDevice10Can_updateEPh)
    CanDevice::Can_SendData()                0x08004241   Thumb Code    12  candevice.o(.text._ZN9CanDevice12Can_SendDataEv)
    CanDevice::CAN1_Filter_Init()            0x0800424d   Thumb Code   114  candevice.o(.text._ZN9CanDevice16CAN1_Filter_InitEv)
    CanDevice::CAN2_Filter_Init()            0x080042c1   Thumb Code   118  candevice.o(.text._ZN9CanDevice16CAN2_Filter_InitEv)
    CanDevice::Can_Init()                    0x08004339   Thumb Code    32  candevice.o(.text._ZN9CanDevice8Can_InitEv)
    CanDevice::CanDevice(CAN_HandleTypeDef*, unsigned char) 0x08004359   Thumb Code   288  candevice.o(.text._ZN9CanDeviceC2EP17CAN_HandleTypeDefh)
    CanDevice::CanDevice__sub_object(CAN_HandleTypeDef*, unsigned char) 0x08004359   Thumb Code   288  candevice.o(.text._ZN9CanDeviceC2EP17CAN_HandleTypeDefh)
    before_Start_tasks                       0x080045ed   Thumb Code    16  start.o(.text.before_Start_tasks)
    main                                     0x080045fd   Thumb Code    58  main.o(.text.main)
    osDelay                                  0x08004639   Thumb Code    60  cmsis_os2.o(.text.osDelay)
    osKernelInitialize                       0x08004675   Thumb Code    74  cmsis_os2.o(.text.osKernelInitialize)
    osKernelStart                            0x080046c1   Thumb Code    86  cmsis_os2.o(.text.osKernelStart)
    osThreadNew                              0x08004719   Thumb Code   384  cmsis_os2.o(.text.osThreadNew)
    pvPortMalloc                             0x080058fd   Thumb Code   544  heap_4.o(.text.pvPortMalloc)
    pxPortInitialiseStack                    0x08005b1d   Thumb Code   112  port.o(.text.pxPortInitialiseStack)
    uxListRemove                             0x08005b8d   Thumb Code    76  list.o(.text.uxListRemove)
    vApplicationGetIdleTaskMemory            0x08005bd9   Thumb Code    60  cmsis_os2.o(.text.vApplicationGetIdleTaskMemory)
    vApplicationGetTimerTaskMemory           0x08005c15   Thumb Code    62  cmsis_os2.o(.text.vApplicationGetTimerTaskMemory)
    vListInitialise                          0x08005c55   Thumb Code    50  list.o(.text.vListInitialise)
    vListInitialiseItem                      0x08005c89   Thumb Code    18  list.o(.text.vListInitialiseItem)
    vListInsert                              0x08005c9d   Thumb Code   116  list.o(.text.vListInsert)
    vListInsertEnd                           0x08005d11   Thumb Code    66  list.o(.text.vListInsertEnd)
    vPortEnterCritical                       0x08005d69   Thumb Code    94  port.o(.text.vPortEnterCritical)
    vPortExitCritical                        0x08005dc9   Thumb Code    78  port.o(.text.vPortExitCritical)
    vPortFree                                0x08005e19   Thumb Code   232  heap_4.o(.text.vPortFree)
    vPortSetupTimerInterrupt                 0x08005f01   Thumb Code    74  port.o(.text.vPortSetupTimerInterrupt)
    vPortValidateInterruptPriority           0x08005f4d   Thumb Code   132  port.o(.text.vPortValidateInterruptPriority)
    vQueueAddToRegistry                      0x08005fd1   Thumb Code    92  queue.o(.text.vQueueAddToRegistry)
    vQueueWaitForMessageRestricted           0x0800602d   Thumb Code   128  queue.o(.text.vQueueWaitForMessageRestricted)
    vTaskDelay                               0x080060ad   Thumb Code   126  tasks.o(.text.vTaskDelay)
    vTaskInternalSetTimeOutState             0x0800612d   Thumb Code    40  tasks.o(.text.vTaskInternalSetTimeOutState)
    vTaskMissedYield                         0x08006155   Thumb Code    14  tasks.o(.text.vTaskMissedYield)
    vTaskPlaceOnEventList                    0x08006165   Thumb Code    76  tasks.o(.text.vTaskPlaceOnEventList)
    vTaskPlaceOnEventListRestricted          0x080061b1   Thumb Code   102  tasks.o(.text.vTaskPlaceOnEventListRestricted)
    vTaskStartScheduler                      0x08006219   Thumb Code   238  tasks.o(.text.vTaskStartScheduler)
    vTaskSuspendAll                          0x08006309   Thumb Code    16  tasks.o(.text.vTaskSuspendAll)
    vTaskSwitchContext                       0x08006319   Thumb Code   210  tasks.o(.text.vTaskSwitchContext)
    xPortStartScheduler                      0x080063ed   Thumb Code   382  port.o(.text.xPortStartScheduler)
    xPortSysTickHandler                      0x0800656d   Thumb Code    62  port.o(.text.xPortSysTickHandler)
    xQueueGenericCreateStatic                0x080065ad   Thumb Code   322  queue.o(.text.xQueueGenericCreateStatic)
    xQueueGenericReset                       0x080066f1   Thumb Code   220  queue.o(.text.xQueueGenericReset)
    xQueueGenericSend                        0x080067cd   Thumb Code   644  queue.o(.text.xQueueGenericSend)
    xQueueGenericSendFromISR                 0x08006a51   Thumb Code   384  queue.o(.text.xQueueGenericSendFromISR)
    xQueueReceive                            0x08006bd1   Thumb Code   564  queue.o(.text.xQueueReceive)
    xTaskCheckForTimeOut                     0x08006e05   Thumb Code   226  tasks.o(.text.xTaskCheckForTimeOut)
    xTaskCreate                              0x08006ee9   Thumb Code   190  tasks.o(.text.xTaskCreate)
    xTaskCreateStatic                        0x08006fa9   Thumb Code   268  tasks.o(.text.xTaskCreateStatic)
    xTaskGetSchedulerState                   0x080070b5   Thumb Code    60  tasks.o(.text.xTaskGetSchedulerState)
    xTaskGetTickCount                        0x080070f1   Thumb Code    20  tasks.o(.text.xTaskGetTickCount)
    xTaskIncrementTick                       0x08007105   Thumb Code   490  tasks.o(.text.xTaskIncrementTick)
    xTaskPriorityDisinherit                  0x080072f1   Thumb Code   260  tasks.o(.text.xTaskPriorityDisinherit)
    xTaskRemoveFromEventList                 0x080073f5   Thumb Code   232  tasks.o(.text.xTaskRemoveFromEventList)
    xTaskResumeAll                           0x080074dd   Thumb Code   432  tasks.o(.text.xTaskResumeAll)
    xTimerCreateTimerTask                    0x0800768d   Thumb Code   154  timers.o(.text.xTimerCreateTimerTask)
    xTimerGenericCommand                     0x08007729   Thumb Code   204  timers.o(.text.xTimerGenericCommand)
    _fp_init                                 0x080077f5   Thumb Code    10  fpinit.o(x$fpl$fpinit)
    __fplib_config_fpu_vfp                   0x080077fd   Thumb Code     0  fpinit.o(x$fpl$fpinit)
    __fplib_config_pureend_doubles           0x080077fd   Thumb Code     0  fpinit.o(x$fpl$fpinit)
    AHBPrescTable                            0x080077fe   Data          16  system_stm32f4xx.o(.rodata.AHBPrescTable)
    APBPrescTable                            0x0800780e   Data           8  system_stm32f4xx.o(.rodata.APBPrescTable)
    vtable for Motor                         0x08007818   Data          28  motor.o(.rodata._ZTV5Motor)
    vtable for CanDevice                     0x08007834   Data          28  candevice.o(.rodata._ZTV9CanDevice)
    defaultTask_attributes                   0x08007850   Data          36  freertos.o(.rodata.defaultTask_attributes)
    Region$$Table$$Base                      0x08007894   Number         0  anon$$obj.o(Region$$Table)
    Region$$Table$$Limit                     0x080078b4   Number         0  anon$$obj.o(Region$$Table)
    SHT$$INIT_ARRAY$$Base                    0x080078b4   Number         0  start.o(.init_array)
    SHT$$INIT_ARRAY$$Limit                   0x080078bc   Number         0  taskmanager.o(.init_array)
    SystemCoreClock                          0x20000000   Data           4  system_stm32f4xx.o(.data.SystemCoreClock)
    uwTickFreq                               0x20000004   Data           1  stm32f4xx_hal.o(.data.uwTickFreq)
    uwTickPrio                               0x20000008   Data           4  stm32f4xx_hal.o(.data.uwTickPrio)
    __libspace_start                         0x20000010   Data          96  libspace.o(.bss)
    __temporary_stack_top$libspace           0x20000070   Data           0  libspace.o(.bss)
    M3508                                    0x20000078   Data          84  start.o(.bss.M3508)
    TaskManager::tasks                       0x200000cc   Data        1120  taskmanager.o(.bss._ZN11TaskManager5tasksE)
    SerialDevice::instances_                 0x2000052c   Data          32  serialdevice.o(.bss._ZN12SerialDevice10instances_E)
    SerialDevice::instanceCount_             0x2000054c   Data           4  serialdevice.o(.bss._ZN12SerialDevice14instanceCount_E)
    CanDevice::Can1_Instances                0x20000550   Data          40  candevice.o(.bss._ZN9CanDevice14Can1_InstancesE)
    CanDevice::Can2_Instances                0x20000578   Data          40  candevice.o(.bss._ZN9CanDevice14Can2_InstancesE)
    CanDevice::Can1_Instances_Index          0x200005a0   Data           1  candevice.o(.bss._ZN9CanDevice20Can1_Instances_IndexE)
    CanDevice::Can2_Instances_Index          0x200005a1   Data           1  candevice.o(.bss._ZN9CanDevice20Can2_Instances_IndexE)
    CanDevice::RxData1                       0x200005a2   Data           8  candevice.o(.bss._ZN9CanDevice7RxData1E)
    CanDevice::RxData2                       0x200005aa   Data           8  candevice.o(.bss._ZN9CanDevice7RxData2E)
    defaultTaskHandle                        0x200005b4   Data           4  freertos.o(.bss.defaultTaskHandle)
    hcan1                                    0x200005b8   Data          40  can.o(.bss.hcan1)
    hcan2                                    0x200005e0   Data          40  can.o(.bss.hcan2)
    htim6                                    0x20000608   Data          72  stm32f4xx_hal_timebase_tim.o(.bss.htim6)
    huart3                                   0x20000650   Data          72  usart.o(.bss.huart3)
    huart6                                   0x20000698   Data          72  usart.o(.bss.huart6)
    pxCurrentTCB                             0x200007d4   Data           4  tasks.o(.bss.pxCurrentTCB)
    uwTick                                   0x20004854   Data           4  stm32f4xx_hal.o(.bss.uwTick)
    xQueueRegistry                           0x20004fac   Data          64  queue.o(.bss.xQueueRegistry)



==============================================================================

Memory Map of the image

  Image Entry point : 0x08000189

  Load Region LR_IROM1 (Base: 0x08000000, Size: 0x000078d0, Max: 0x00100000, ABSOLUTE)

    Execution Region ER_IROM1 (Exec base: 0x08000000, Load base: 0x08000000, Size: 0x000078bc, Max: 0x00100000, ABSOLUTE)

    Exec Addr    Load Addr    Size         Type   Attr      Idx    E Section Name        Object

    0x08000000   0x08000000   0x00000188   Data   RO            3    RESET               startup_stm32f407xx.o
    0x08000188   0x08000188   0x00000008   Code   RO         2116  * !!!main             c_w.l(__main.o)
    0x08000190   0x08000190   0x00000034   Code   RO         2421    !!!scatter          c_w.l(__scatter.o)
    0x080001c4   0x080001c4   0x0000001a   Code   RO         2423    !!handler_copy      c_w.l(__scatter_copy.o)
    0x080001de   0x080001de   0x00000002   PAD
    0x080001e0   0x080001e0   0x0000001c   Code   RO         2425    !!handler_zi        c_w.l(__scatter_zi.o)
    0x080001fc   0x080001fc   0x00000002   Code   RO         2351    .ARM.Collect$$libinit$$00000000  c_w.l(libinit.o)
    0x080001fe   0x080001fe   0x00000004   Code   RO         2174    .ARM.Collect$$libinit$$00000001  c_w.l(libinit2.o)
    0x08000202   0x08000202   0x00000000   Code   RO         2177    .ARM.Collect$$libinit$$00000004  c_w.l(libinit2.o)
    0x08000202   0x08000202   0x00000000   Code   RO         2180    .ARM.Collect$$libinit$$0000000A  c_w.l(libinit2.o)
    0x08000202   0x08000202   0x00000000   Code   RO         2182    .ARM.Collect$$libinit$$0000000C  c_w.l(libinit2.o)
    0x08000202   0x08000202   0x00000000   Code   RO         2184    .ARM.Collect$$libinit$$0000000E  c_w.l(libinit2.o)
    0x08000202   0x08000202   0x00000000   Code   RO         2187    .ARM.Collect$$libinit$$00000011  c_w.l(libinit2.o)
    0x08000202   0x08000202   0x00000000   Code   RO         2189    .ARM.Collect$$libinit$$00000013  c_w.l(libinit2.o)
    0x08000202   0x08000202   0x00000000   Code   RO         2191    .ARM.Collect$$libinit$$00000015  c_w.l(libinit2.o)
    0x08000202   0x08000202   0x00000000   Code   RO         2193    .ARM.Collect$$libinit$$00000017  c_w.l(libinit2.o)
    0x08000202   0x08000202   0x00000000   Code   RO         2195    .ARM.Collect$$libinit$$00000019  c_w.l(libinit2.o)
    0x08000202   0x08000202   0x00000000   Code   RO         2197    .ARM.Collect$$libinit$$0000001B  c_w.l(libinit2.o)
    0x08000202   0x08000202   0x00000000   Code   RO         2199    .ARM.Collect$$libinit$$0000001D  c_w.l(libinit2.o)
    0x08000202   0x08000202   0x00000000   Code   RO         2201    .ARM.Collect$$libinit$$0000001F  c_w.l(libinit2.o)
    0x08000202   0x08000202   0x00000000   Code   RO         2203    .ARM.Collect$$libinit$$00000021  c_w.l(libinit2.o)
    0x08000202   0x08000202   0x00000000   Code   RO         2205    .ARM.Collect$$libinit$$00000023  c_w.l(libinit2.o)
    0x08000202   0x08000202   0x00000000   Code   RO         2207    .ARM.Collect$$libinit$$00000025  c_w.l(libinit2.o)
    0x08000202   0x08000202   0x00000008   Code   RO         2209    .ARM.Collect$$libinit$$00000027  c_w.l(libinit2.o)
    0x0800020a   0x0800020a   0x00000000   Code   RO         2213    .ARM.Collect$$libinit$$0000002E  c_w.l(libinit2.o)
    0x0800020a   0x0800020a   0x00000000   Code   RO         2215    .ARM.Collect$$libinit$$00000030  c_w.l(libinit2.o)
    0x0800020a   0x0800020a   0x00000004   Code   RO         2216    .ARM.Collect$$libinit$$00000031  c_w.l(libinit2.o)
    0x0800020e   0x0800020e   0x00000000   Code   RO         2217    .ARM.Collect$$libinit$$00000032  c_w.l(libinit2.o)
    0x0800020e   0x0800020e   0x00000002   Code   RO         2218    .ARM.Collect$$libinit$$00000033  c_w.l(libinit2.o)
    0x08000210   0x08000210   0x00000002   Code   RO         2402    .ARM.Collect$$libshutdown$$00000000  c_w.l(libshutdown.o)
    0x08000212   0x08000212   0x00000000   Code   RO         2404    .ARM.Collect$$libshutdown$$00000002  c_w.l(libshutdown2.o)
    0x08000212   0x08000212   0x00000000   Code   RO         2406    .ARM.Collect$$libshutdown$$00000004  c_w.l(libshutdown2.o)
    0x08000212   0x08000212   0x00000000   Code   RO         2409    .ARM.Collect$$libshutdown$$00000007  c_w.l(libshutdown2.o)
    0x08000212   0x08000212   0x00000000   Code   RO         2412    .ARM.Collect$$libshutdown$$0000000A  c_w.l(libshutdown2.o)
    0x08000212   0x08000212   0x00000000   Code   RO         2414    .ARM.Collect$$libshutdown$$0000000C  c_w.l(libshutdown2.o)
    0x08000212   0x08000212   0x00000000   Code   RO         2417    .ARM.Collect$$libshutdown$$0000000F  c_w.l(libshutdown2.o)
    0x08000212   0x08000212   0x00000002   Code   RO         2418    .ARM.Collect$$libshutdown$$00000010  c_w.l(libshutdown2.o)
    0x08000214   0x08000214   0x00000000   Code   RO         2165    .ARM.Collect$$rtentry$$00000000  c_w.l(__rtentry.o)
    0x08000214   0x08000214   0x00000000   Code   RO         2300    .ARM.Collect$$rtentry$$00000002  c_w.l(__rtentry2.o)
    0x08000214   0x08000214   0x00000006   Code   RO         2312    .ARM.Collect$$rtentry$$00000004  c_w.l(__rtentry4.o)
    0x0800021a   0x0800021a   0x00000000   Code   RO         2302    .ARM.Collect$$rtentry$$00000009  c_w.l(__rtentry2.o)
    0x0800021a   0x0800021a   0x00000004   Code   RO         2303    .ARM.Collect$$rtentry$$0000000A  c_w.l(__rtentry2.o)
    0x0800021e   0x0800021e   0x00000000   Code   RO         2305    .ARM.Collect$$rtentry$$0000000C  c_w.l(__rtentry2.o)
    0x0800021e   0x0800021e   0x00000008   Code   RO         2306    .ARM.Collect$$rtentry$$0000000D  c_w.l(__rtentry2.o)
    0x08000226   0x08000226   0x00000002   Code   RO         2359    .ARM.Collect$$rtexit$$00000000  c_w.l(rtexit.o)
    0x08000228   0x08000228   0x00000000   Code   RO         2378    .ARM.Collect$$rtexit$$00000002  c_w.l(rtexit2.o)
    0x08000228   0x08000228   0x00000004   Code   RO         2379    .ARM.Collect$$rtexit$$00000003  c_w.l(rtexit2.o)
    0x0800022c   0x0800022c   0x00000006   Code   RO         2380    .ARM.Collect$$rtexit$$00000004  c_w.l(rtexit2.o)
    0x08000232   0x08000232   0x00000002   PAD
    0x08000234   0x08000234   0x00000004   Code   RO         2320    .emb_text           c_w.l(argv_veneer.o)
    0x08000238   0x08000238   0x00000040   Code   RO            4    .text               startup_stm32f407xx.o
    0x08000278   0x08000278   0x000000ee   Code   RO         2100    .text               c_w.l(lludivv7m.o)
    0x08000366   0x08000366   0x0000008a   Code   RO         2104    .text               c_w.l(rt_memcpy_v6.o)
    0x080003f0   0x080003f0   0x00000010   Code   RO         2108    .text               c_w.l(aeabi_memset4.o)
    0x08000400   0x08000400   0x0000004e   Code   RO         2112    .text               c_w.l(rt_memclr_w.o)
    0x0800044e   0x0800044e   0x00000006   Code   RO         2114    .text               c_w.l(heapauxi.o)
    0x08000454   0x08000454   0x00000024   Code   RO         2121    .text               c_w.l(init_aeabi.o)
    0x08000478   0x08000478   0x00000064   Code   RO         2172    .text               c_w.l(rt_memcpy_w.o)
    0x080004dc   0x080004dc   0x0000000c   Code   RO         2295    .text               c_w.l(sys_exit.o)
    0x080004e8   0x080004e8   0x00000002   Code   RO         2325    .text               c_w.l(use_no_semi.o)
    0x080004ea   0x080004ea   0x00000000   Code   RO         2327    .text               c_w.l(indicate_semi.o)
    0x080004ea   0x080004ea   0x0000004a   Code   RO         2328    .text               c_w.l(sys_stackheap_outer.o)
    0x08000534   0x08000534   0x00000012   Code   RO         2332    .text               c_w.l(exit.o)
    0x08000546   0x08000546   0x0000000a   Code   RO         2334    .text               c_w.l(defsig_exit.o)
    0x08000550   0x08000550   0x0000012e   Code   RO         2347    .text               c_w.l(_get_argv_nomalloc.o)
    0x0800067e   0x0800067e   0x00000018   Code   RO         2352    .text               c_w.l(sys_command.o)
    0x08000696   0x08000696   0x00000002   PAD
    0x08000698   0x08000698   0x00000008   Code   RO         2356    .text               c_w.l(libspace.o)
    0x080006a0   0x080006a0   0x00000004   Code   RO         2361    .text               c_w.l(hrguard.o)
    0x080006a4   0x080006a4   0x00000032   Code   RO         2365    .text               c_w.l(defsig_general.o)
    0x080006d6   0x080006d6   0x0000000e   Code   RO         2369    .text               c_w.l(defsig_rtmem_outer.o)
    0x080006e4   0x080006e4   0x0000000e   Code   RO         2373    .text               c_w.l(sys_wrch.o)
    0x080006f2   0x080006f2   0x00000002   PAD
    0x080006f4   0x080006f4   0x00000050   Code   RO         2384    .text               c_w.l(defsig_rtmem_inner.o)
    0x08000744   0x08000744   0x00000004   Code   RO          110    .text.BusFault_Handler  stm32f4xx_it.o
    0x08000748   0x08000748   0x00000010   Code   RO          116    .text.CAN1_RX0_IRQHandler  stm32f4xx_it.o
    0x08000758   0x08000758   0x00000010   Code   RO          118    .text.CAN1_RX1_IRQHandler  stm32f4xx_it.o
    0x08000768   0x08000768   0x00000010   Code   RO          124    .text.CAN2_RX0_IRQHandler  stm32f4xx_it.o
    0x08000778   0x08000778   0x00000010   Code   RO          126    .text.CAN2_RX1_IRQHandler  stm32f4xx_it.o
    0x08000788   0x08000788   0x00000002   Code   RO          114    .text.DebugMon_Handler  stm32f4xx_it.o
    0x0800078a   0x0800078a   0x00000002   PAD
    0x0800078c   0x0800078c   0x00000006   Code   RO           15    .text.Error_Handler  main.o
    0x08000792   0x08000792   0x00000002   PAD
    0x08000794   0x08000794   0x0000005a   Code   RO          205    .text.HAL_CAN_ActivateNotification  stm32f4xx_hal_can.o
    0x080007ee   0x080007ee   0x00000002   PAD
    0x080007f0   0x080007f0   0x00000172   Code   RO          191    .text.HAL_CAN_AddTxMessage  stm32f4xx_hal_can.o
    0x08000962   0x08000962   0x00000002   PAD
    0x08000964   0x08000964   0x000001bc   Code   RO          181    .text.HAL_CAN_ConfigFilter  stm32f4xx_hal_can.o
    0x08000b20   0x08000b20   0x0000000c   Code   RO          235    .text.HAL_CAN_ErrorCallback  stm32f4xx_hal_can.o
    0x08000b2c   0x08000b2c   0x00000232   Code   RO          201    .text.HAL_CAN_GetRxMessage  stm32f4xx_hal_can.o
    0x08000d5e   0x08000d5e   0x00000002   PAD
    0x08000d60   0x08000d60   0x00000408   Code   RO          209    .text.HAL_CAN_IRQHandler  stm32f4xx_hal_can.o
    0x08001168   0x08001168   0x000001f0   Code   RO          171    .text.HAL_CAN_Init  stm32f4xx_hal_can.o
    0x08001358   0x08001358   0x000001c6   Code   RO           65    .text.HAL_CAN_MspInit  can.o
    0x0800151e   0x0800151e   0x00000002   PAD
    0x08001520   0x08001520   0x0000000c   Code   RO          223    .text.HAL_CAN_RxFifo0FullCallback  stm32f4xx_hal_can.o
    0x0800152c   0x0800152c   0x00000118   Code   RO         2061    .text.HAL_CAN_RxFifo0MsgPendingCallback  candevice.o
    0x08001644   0x08001644   0x0000000c   Code   RO          227    .text.HAL_CAN_RxFifo1FullCallback  stm32f4xx_hal_can.o
    0x08001650   0x08001650   0x0000000c   Code   RO          229    .text.HAL_CAN_RxFifo1MsgPendingCallback  stm32f4xx_hal_can.o
    0x0800165c   0x0800165c   0x0000000c   Code   RO          231    .text.HAL_CAN_SleepCallback  stm32f4xx_hal_can.o
    0x08001668   0x08001668   0x00000094   Code   RO          183    .text.HAL_CAN_Start  stm32f4xx_hal_can.o
    0x080016fc   0x080016fc   0x0000000c   Code   RO          213    .text.HAL_CAN_TxMailbox0AbortCallback  stm32f4xx_hal_can.o
    0x08001708   0x08001708   0x0000000c   Code   RO          211    .text.HAL_CAN_TxMailbox0CompleteCallback  stm32f4xx_hal_can.o
    0x08001714   0x08001714   0x0000000c   Code   RO          217    .text.HAL_CAN_TxMailbox1AbortCallback  stm32f4xx_hal_can.o
    0x08001720   0x08001720   0x0000000c   Code   RO          215    .text.HAL_CAN_TxMailbox1CompleteCallback  stm32f4xx_hal_can.o
    0x0800172c   0x0800172c   0x0000000c   Code   RO          221    .text.HAL_CAN_TxMailbox2AbortCallback  stm32f4xx_hal_can.o
    0x08001738   0x08001738   0x0000000c   Code   RO          219    .text.HAL_CAN_TxMailbox2CompleteCallback  stm32f4xx_hal_can.o
    0x08001744   0x08001744   0x0000000c   Code   RO          233    .text.HAL_CAN_WakeUpFromRxMsgCallback  stm32f4xx_hal_can.o
    0x08001750   0x08001750   0x000000fc   Code   RO          473    .text.HAL_DMA_Abort  stm32f4xx_hal_dma.o
    0x0800184c   0x0800184c   0x00000048   Code   RO          475    .text.HAL_DMA_Abort_IT  stm32f4xx_hal_dma.o
    0x08001894   0x08001894   0x000003d0   Code   RO          413    .text.HAL_GPIO_Init  stm32f4xx_hal_gpio.o
    0x08001c64   0x08001c64   0x0000000c   Code   RO          662    .text.HAL_GetTick   stm32f4xx_hal.o
    0x08001c70   0x08001c70   0x0000001a   Code   RO          660    .text.HAL_IncTick   stm32f4xx_hal.o
    0x08001c8a   0x08001c8a   0x00000002   PAD
    0x08001c8c   0x08001c8c   0x0000003c   Code   RO          650    .text.HAL_Init      stm32f4xx_hal.o
    0x08001cc8   0x08001cc8   0x00000100   Code   RO          153    .text.HAL_InitTick  stm32f4xx_hal_timebase_tim.o
    0x08001dc8   0x08001dc8   0x0000005c   Code   RO          140    .text.HAL_MspInit   stm32f4xx_hal_msp.o
    0x08001e24   0x08001e24   0x00000018   Code   RO          581    .text.HAL_NVIC_EnableIRQ  stm32f4xx_hal_cortex.o
    0x08001e3c   0x08001e3c   0x00000046   Code   RO          573    .text.HAL_NVIC_SetPriority  stm32f4xx_hal_cortex.o
    0x08001e82   0x08001e82   0x00000002   PAD
    0x08001e84   0x08001e84   0x00000014   Code   RO          569    .text.HAL_NVIC_SetPriorityGrouping  stm32f4xx_hal_cortex.o
    0x08001e98   0x08001e98   0x00000276   Code   RO          258    .text.HAL_RCC_ClockConfig  stm32f4xx_hal_rcc.o
    0x0800210e   0x0800210e   0x00000002   PAD
    0x08002110   0x08002110   0x00000068   Code   RO          276    .text.HAL_RCC_GetClockConfig  stm32f4xx_hal_rcc.o
    0x08002178   0x08002178   0x0000000c   Code   RO          268    .text.HAL_RCC_GetHCLKFreq  stm32f4xx_hal_rcc.o
    0x08002184   0x08002184   0x00000026   Code   RO          270    .text.HAL_RCC_GetPCLK1Freq  stm32f4xx_hal_rcc.o
    0x080021aa   0x080021aa   0x00000002   PAD
    0x080021ac   0x080021ac   0x00000026   Code   RO          272    .text.HAL_RCC_GetPCLK2Freq  stm32f4xx_hal_rcc.o
    0x080021d2   0x080021d2   0x00000002   PAD
    0x080021d4   0x080021d4   0x000000e8   Code   RO          260    .text.HAL_RCC_GetSysClockFreq  stm32f4xx_hal_rcc.o
    0x080022bc   0x080022bc   0x00000700   Code   RO          256    .text.HAL_RCC_OscConfig  stm32f4xx_hal_rcc.o
    0x080029bc   0x080029bc   0x0000000c   Code   RO         1074    .text.HAL_TIMEx_BreakCallback  stm32f4xx_hal_tim_ex.o
    0x080029c8   0x080029c8   0x0000000c   Code   RO         1070    .text.HAL_TIMEx_CommutCallback  stm32f4xx_hal_tim_ex.o
    0x080029d4   0x080029d4   0x000000aa   Code   RO          747    .text.HAL_TIM_Base_Init  stm32f4xx_hal_tim.o
    0x08002a7e   0x08002a7e   0x00000002   PAD
    0x08002a80   0x08002a80   0x0000000c   Code   RO          749    .text.HAL_TIM_Base_MspInit  stm32f4xx_hal_tim.o
    0x08002a8c   0x08002a8c   0x000000fa   Code   RO          761    .text.HAL_TIM_Base_Start_IT  stm32f4xx_hal_tim.o
    0x08002b86   0x08002b86   0x00000002   PAD
    0x08002b88   0x08002b88   0x0000000c   Code   RO          883    .text.HAL_TIM_IC_CaptureCallback  stm32f4xx_hal_tim.o
    0x08002b94   0x08002b94   0x00000206   Code   RO          881    .text.HAL_TIM_IRQHandler  stm32f4xx_hal_tim.o
    0x08002d9a   0x08002d9a   0x00000002   PAD
    0x08002d9c   0x08002d9c   0x0000000c   Code   RO          885    .text.HAL_TIM_OC_DelayElapsedCallback  stm32f4xx_hal_tim.o
    0x08002da8   0x08002da8   0x0000000c   Code   RO          887    .text.HAL_TIM_PWM_PulseFinishedCallback  stm32f4xx_hal_tim.o
    0x08002db4   0x08002db4   0x00000026   Code   RO           17    .text.HAL_TIM_PeriodElapsedCallback  main.o
    0x08002dda   0x08002dda   0x00000002   PAD
    0x08002ddc   0x08002ddc   0x0000000c   Code   RO          891    .text.HAL_TIM_TriggerCallback  stm32f4xx_hal_tim.o
    0x08002de8   0x08002de8   0x00000014   Code   RO         1183    .text.HAL_UARTEx_RxEventCallback  stm32f4xx_hal_uart.o
    0x08002dfc   0x08002dfc   0x0000000c   Code   RO         1181    .text.HAL_UART_ErrorCallback  stm32f4xx_hal_uart.o
    0x08002e08   0x08002e08   0x00000452   Code   RO         1175    .text.HAL_UART_IRQHandler  stm32f4xx_hal_uart.o
    0x0800325a   0x0800325a   0x00000002   PAD
    0x0800325c   0x0800325c   0x000000aa   Code   RO         1091    .text.HAL_UART_Init  stm32f4xx_hal_uart.o
    0x08003306   0x08003306   0x00000002   PAD
    0x08003308   0x08003308   0x000001a0   Code   RO           87    .text.HAL_UART_MspInit  usart.o
    0x080034a8   0x080034a8   0x0000006a   Code   RO         1115    .text.HAL_UART_Receive_IT  stm32f4xx_hal_uart.o
    0x08003512   0x08003512   0x00000002   PAD
    0x08003514   0x08003514   0x0000008c   Code   RO         1981    .text.HAL_UART_RxCpltCallback  serialdevice.o
    0x080035a0   0x080035a0   0x0000000c   Code   RO         1189    .text.HAL_UART_TxCpltCallback  stm32f4xx_hal_uart.o
    0x080035ac   0x080035ac   0x00000004   Code   RO          106    .text.HardFault_Handler  stm32f4xx_it.o
    0x080035b0   0x080035b0   0x00000048   Code   RO           61    .text.MX_CAN1_Init  can.o
    0x080035f8   0x080035f8   0x00000048   Code   RO           63    .text.MX_CAN2_Init  can.o
    0x08003640   0x08003640   0x00000024   Code   RO           43    .text.MX_FREERTOS_Init  freertos.o
    0x08003664   0x08003664   0x000000de   Code   RO           30    .text.MX_GPIO_Init  gpio.o
    0x08003742   0x08003742   0x00000002   PAD
    0x08003744   0x08003744   0x00000040   Code   RO           83    .text.MX_USART3_UART_Init  usart.o
    0x08003784   0x08003784   0x0000003c   Code   RO           85    .text.MX_USART6_UART_Init  usart.o
    0x080037c0   0x080037c0   0x00000004   Code   RO          108    .text.MemManage_Handler  stm32f4xx_it.o
    0x080037c4   0x080037c4   0x00000004   Code   RO          104    .text.NMI_Handler   stm32f4xx_it.o
    0x080037c8   0x080037c8   0x00000080   Code   RO          579    .text.NVIC_EncodePriority  stm32f4xx_hal_cortex.o
    0x08003848   0x08003848   0x00000008   PAD
    0x08003850   0x08003850   0x00000064   Code   RO         1937    .text.PendSV_Handler  port.o
    0x080038b4   0x080038b4   0x0000000c   PAD
    0x080038c0   0x080038c0   0x00000024   Code   RO         1921    .text.SVC_Handler   port.o
    0x080038e4   0x080038e4   0x0000000e   Code   RO         1709    .text.SVC_Setup     cmsis_os2.o
    0x080038f2   0x080038f2   0x00000002   PAD
    0x080038f4   0x080038f4   0x00000020   Code   RO           45    .text.StartDefaultTask  freertos.o
    0x08003914   0x08003914   0x00000010   Code   RO         2007    .text.Start_tasks   start.o
    0x08003924   0x08003924   0x00000024   Code   RO         1699    .text.SysTick_Handler  cmsis_os2.o
    0x08003948   0x08003948   0x000000c2   Code   RO           13    .text.SystemClock_Config  main.o
    0x08003a0a   0x08003a0a   0x00000002   PAD
    0x08003a0c   0x08003a0c   0x00000012   Code   RO         1226    .text.SystemInit    system_stm32f4xx.o
    0x08003a1e   0x08003a1e   0x00000002   PAD
    0x08003a20   0x08003a20   0x00000010   Code   RO          122    .text.TIM6_DAC_IRQHandler  stm32f4xx_it.o
    0x08003a30   0x08003a30   0x000001ba   Code   RO          751    .text.TIM_Base_SetConfig  stm32f4xx_hal_tim.o
    0x08003bea   0x08003bea   0x00000002   PAD
    0x08003bec   0x08003bec   0x00000024   Code   RO         1179    .text.UART_DMAAbortOnError  stm32f4xx_hal_uart.o
    0x08003c10   0x08003c10   0x00000098   Code   RO         1139    .text.UART_EndRxTransfer  stm32f4xx_hal_uart.o
    0x08003ca8   0x08003ca8   0x0000002a   Code   RO         1187    .text.UART_EndTransmit_IT  stm32f4xx_hal_uart.o
    0x08003cd2   0x08003cd2   0x00000002   PAD
    0x08003cd4   0x08003cd4   0x00000178   Code   RO         1177    .text.UART_Receive_IT  stm32f4xx_hal_uart.o
    0x08003e4c   0x08003e4c   0x00000166   Code   RO         1095    .text.UART_SetConfig  stm32f4xx_hal_uart.o
    0x08003fb2   0x08003fb2   0x00000002   PAD
    0x08003fb4   0x08003fb4   0x00000076   Code   RO         1117    .text.UART_Start_Receive_IT  stm32f4xx_hal_uart.o
    0x0800402a   0x0800402a   0x00000002   PAD
    0x0800402c   0x0800402c   0x0000009e   Code   RO         1185    .text.UART_Transmit_IT  stm32f4xx_hal_uart.o
    0x080040ca   0x080040ca   0x00000002   PAD
    0x080040cc   0x080040cc   0x00000010   Code   RO          120    .text.USART3_IRQHandler  stm32f4xx_it.o
    0x080040dc   0x080040dc   0x00000010   Code   RO          128    .text.USART6_IRQHandler  stm32f4xx_it.o
    0x080040ec   0x080040ec   0x00000004   Code   RO          112    .text.UsageFault_Handler  stm32f4xx_it.o
    0x080040f0   0x080040f0   0x00000008   Code   RO         2009    .text._GLOBAL__sub_I_Start.cpp  start.o
    0x080040f8   0x080040f8   0x00000008   Code   RO         2032    .text._GLOBAL__sub_I_TaskManager.cpp  taskmanager.o
    0x08004100   0x08004100   0x00000094   Code   RO         2085    .text._ZN5Motor12Can_SendDataEv  motor.o
    0x08004194   0x08004194   0x00000010   Code   RO         2083    .text._ZN5Motor13motor_processEv  motor.o
    0x080041a4   0x080041a4   0x0000003e   Code   RO         2081    .text._ZN5MotorC2EP17CAN_HandleTypeDefh  motor.o
    0x080041e2   0x080041e2   0x00000002   PAD
    0x080041e4   0x080041e4   0x00000046   Code   RO         2046    .text._ZN8TaskInfoC2Ev  taskmanager.o
    0x0800422a   0x0800422a   0x00000002   PAD
    0x0800422c   0x0800422c   0x00000012   Code   RO         2057    .text._ZN9CanDevice10Can_updateEPh  candevice.o
    0x0800423e   0x0800423e   0x00000002   PAD
    0x08004240   0x08004240   0x0000000c   Code   RO         2059    .text._ZN9CanDevice12Can_SendDataEv  candevice.o
    0x0800424c   0x0800424c   0x00000072   Code   RO         2053    .text._ZN9CanDevice16CAN1_Filter_InitEv  candevice.o
    0x080042be   0x080042be   0x00000002   PAD
    0x080042c0   0x080042c0   0x00000076   Code   RO         2055    .text._ZN9CanDevice16CAN2_Filter_InitEv  candevice.o
    0x08004336   0x08004336   0x00000002   PAD
    0x08004338   0x08004338   0x00000020   Code   RO         2051    .text._ZN9CanDevice8Can_InitEv  candevice.o
    0x08004358   0x08004358   0x00000120   Code   RO         2049    .text._ZN9CanDeviceC2EP17CAN_HandleTypeDefh  candevice.o
    0x08004478   0x08004478   0x00000036   Code   RO          583    .text.__NVIC_EnableIRQ  stm32f4xx_hal_cortex.o
    0x080044ae   0x080044ae   0x00000002   PAD
    0x080044b0   0x080044b0   0x00000010   Code   RO          575    .text.__NVIC_GetPriorityGrouping  stm32f4xx_hal_cortex.o
    0x080044c0   0x080044c0   0x0000004a   Code   RO          577    .text.__NVIC_SetPriority  stm32f4xx_hal_cortex.o
    0x0800450a   0x0800450a   0x00000002   PAD
    0x0800450c   0x0800450c   0x0000004a   Code   RO         1863    .text.__NVIC_SetPriority  cmsis_os2.o
    0x08004556   0x08004556   0x00000002   PAD
    0x08004558   0x08004558   0x00000040   Code   RO          571    .text.__NVIC_SetPriorityGrouping  stm32f4xx_hal_cortex.o
    0x08004598   0x08004598   0x0000001a   Code   RO         2003    .text.__cxx_global_var_init  start.o
    0x080045b2   0x080045b2   0x00000002   PAD
    0x080045b4   0x080045b4   0x00000038   Code   RO         2024    .text.__cxx_global_var_init  taskmanager.o
    0x080045ec   0x080045ec   0x00000010   Code   RO         2005    .text.before_Start_tasks  start.o
    0x080045fc   0x080045fc   0x0000003a   Code   RO           11    .text.main          main.o
    0x08004636   0x08004636   0x00000002   PAD
    0x08004638   0x08004638   0x0000003c   Code   RO         1767    .text.osDelay       cmsis_os2.o
    0x08004674   0x08004674   0x0000004a   Code   RO         1701    .text.osKernelInitialize  cmsis_os2.o
    0x080046be   0x080046be   0x00000002   PAD
    0x080046c0   0x080046c0   0x00000056   Code   RO         1707    .text.osKernelStart  cmsis_os2.o
    0x08004716   0x08004716   0x00000002   PAD
    0x08004718   0x08004718   0x00000180   Code   RO         1731    .text.osThreadNew   cmsis_os2.o
    0x08004898   0x08004898   0x000000e2   Code   RO         1485    .text.prvAddCurrentTaskToDelayedList  tasks.o
    0x0800497a   0x0800497a   0x00000002   PAD
    0x0800497c   0x0800497c   0x00000132   Code   RO         1471    .text.prvAddNewTaskToReadyList  tasks.o
    0x08004aae   0x08004aae   0x00000002   PAD
    0x08004ab0   0x08004ab0   0x000000aa   Code   RO         1626    .text.prvCheckForValidListAndQueue  timers.o
    0x08004b5a   0x08004b5a   0x00000002   PAD
    0x08004b5c   0x08004b5c   0x00000072   Code   RO         1589    .text.prvCheckTasksWaitingTermination  tasks.o
    0x08004bce   0x08004bce   0x00000002   PAD
    0x08004bd0   0x08004bd0   0x00000054   Code   RO         1356    .text.prvCopyDataFromQueue  queue.o
    0x08004c24   0x08004c24   0x000000fe   Code   RO         1344    .text.prvCopyDataToQueue  queue.o
    0x08004d22   0x08004d22   0x00000002   PAD
    0x08004d24   0x08004d24   0x0000006c   Code   RO         1477    .text.prvDeleteTCB  tasks.o
    0x08004d90   0x08004d90   0x00000046   Code   RO         1664    .text.prvGetNextExpireTime  timers.o
    0x08004dd6   0x08004dd6   0x00000002   PAD
    0x08004dd8   0x08004dd8   0x000000be   Code   RO         1884    .text.prvHeapInit   heap_4.o
    0x08004e96   0x08004e96   0x00000002   PAD
    0x08004e98   0x08004e98   0x00000040   Code   RO         1511    .text.prvIdleTask   tasks.o
    0x08004ed8   0x08004ed8   0x00000064   Code   RO         1318    .text.prvInitialiseNewQueue  queue.o
    0x08004f3c   0x08004f3c   0x00000152   Code   RO         1469    .text.prvInitialiseNewTask  tasks.o
    0x0800508e   0x0800508e   0x00000002   PAD
    0x08005090   0x08005090   0x00000092   Code   RO         1587    .text.prvInitialiseTaskLists  tasks.o
    0x08005122   0x08005122   0x00000002   PAD
    0x08005124   0x08005124   0x000000ca   Code   RO         1886    .text.prvInsertBlockIntoFreeList  heap_4.o
    0x080051ee   0x080051ee   0x00000002   PAD
    0x080051f0   0x080051f0   0x0000009a   Code   RO         1676    .text.prvInsertTimerInActiveList  timers.o
    0x0800528a   0x0800528a   0x00000002   PAD
    0x0800528c   0x0800528c   0x0000002e   Code   RO         1358    .text.prvIsQueueEmpty  queue.o
    0x080052ba   0x080052ba   0x00000002   PAD
    0x080052bc   0x080052bc   0x00000032   Code   RO         1346    .text.prvIsQueueFull  queue.o
    0x080052ee   0x080052ee   0x00000002   PAD
    0x080052f0   0x080052f0   0x00000028   Code   RO         1929    .text.prvPortStartFirstTask  port.o
    0x08005318   0x08005318   0x000000a4   Code   RO         1672    .text.prvProcessExpiredTimer  timers.o
    0x080053bc   0x080053bc   0x000001c6   Code   RO         1668    .text.prvProcessReceivedCommands  timers.o
    0x08005582   0x08005582   0x00000002   PAD
    0x08005584   0x08005584   0x000000b2   Code   RO         1666    .text.prvProcessTimerOrBlockTask  timers.o
    0x08005636   0x08005636   0x00000002   PAD
    0x08005638   0x08005638   0x0000004e   Code   RO         1479    .text.prvResetNextTaskUnblockTime  tasks.o
    0x08005686   0x08005686   0x00000002   PAD
    0x08005688   0x08005688   0x0000004c   Code   RO         1670    .text.prvSampleTimeNow  timers.o
    0x080056d4   0x080056d4   0x000000e2   Code   RO         1674    .text.prvSwitchTimerLists  timers.o
    0x080057b6   0x080057b6   0x00000002   PAD
    0x080057b8   0x080057b8   0x00000056   Code   RO         1919    .text.prvTaskExitError  port.o
    0x0800580e   0x0800580e   0x00000002   PAD
    0x08005810   0x08005810   0x00000022   Code   RO         1628    .text.prvTimerTask  timers.o
    0x08005832   0x08005832   0x00000002   PAD
    0x08005834   0x08005834   0x000000c6   Code   RO         1348    .text.prvUnlockQueue  queue.o
    0x080058fa   0x080058fa   0x00000002   PAD
    0x080058fc   0x080058fc   0x00000220   Code   RO         1882    .text.pvPortMalloc  heap_4.o
    0x08005b1c   0x08005b1c   0x00000070   Code   RO         1917    .text.pxPortInitialiseStack  port.o
    0x08005b8c   0x08005b8c   0x0000004c   Code   RO         1301    .text.uxListRemove  list.o
    0x08005bd8   0x08005bd8   0x0000003c   Code   RO         1859    .text.vApplicationGetIdleTaskMemory  cmsis_os2.o
    0x08005c14   0x08005c14   0x0000003e   Code   RO         1861    .text.vApplicationGetTimerTaskMemory  cmsis_os2.o
    0x08005c52   0x08005c52   0x00000002   PAD
    0x08005c54   0x08005c54   0x00000032   Code   RO         1293    .text.vListInitialise  list.o
    0x08005c86   0x08005c86   0x00000002   PAD
    0x08005c88   0x08005c88   0x00000012   Code   RO         1295    .text.vListInitialiseItem  list.o
    0x08005c9a   0x08005c9a   0x00000002   PAD
    0x08005c9c   0x08005c9c   0x00000074   Code   RO         1299    .text.vListInsert   list.o
    0x08005d10   0x08005d10   0x00000042   Code   RO         1297    .text.vListInsertEnd  list.o
    0x08005d52   0x08005d52   0x00000002   PAD
    0x08005d54   0x08005d54   0x00000014   Code   RO         1927    .text.vPortEnableVFP  port.o
    0x08005d68   0x08005d68   0x0000005e   Code   RO         1933    .text.vPortEnterCritical  port.o
    0x08005dc6   0x08005dc6   0x00000002   PAD
    0x08005dc8   0x08005dc8   0x0000004e   Code   RO         1935    .text.vPortExitCritical  port.o
    0x08005e16   0x08005e16   0x00000002   PAD
    0x08005e18   0x08005e18   0x000000e8   Code   RO         1888    .text.vPortFree     heap_4.o
    0x08005f00   0x08005f00   0x0000004a   Code   RO         1925    .text.vPortSetupTimerInterrupt  port.o
    0x08005f4a   0x08005f4a   0x00000002   PAD
    0x08005f4c   0x08005f4c   0x00000084   Code   RO         1941    .text.vPortValidateInterruptPriority  port.o
    0x08005fd0   0x08005fd0   0x0000005c   Code   RO         1388    .text.vQueueAddToRegistry  queue.o
    0x0800602c   0x0800602c   0x00000080   Code   RO         1392    .text.vQueueWaitForMessageRestricted  queue.o
    0x080060ac   0x080060ac   0x0000007e   Code   RO         1489    .text.vTaskDelay    tasks.o
    0x0800612a   0x0800612a   0x00000002   PAD
    0x0800612c   0x0800612c   0x00000028   Code   RO         1543    .text.vTaskInternalSetTimeOutState  tasks.o
    0x08006154   0x08006154   0x0000000e   Code   RO         1547    .text.vTaskMissedYield  tasks.o
    0x08006162   0x08006162   0x00000002   PAD
    0x08006164   0x08006164   0x0000004c   Code   RO         1531    .text.vTaskPlaceOnEventList  tasks.o
    0x080061b0   0x080061b0   0x00000066   Code   RO         1535    .text.vTaskPlaceOnEventListRestricted  tasks.o
    0x08006216   0x08006216   0x00000002   PAD
    0x08006218   0x08006218   0x000000ee   Code   RO         1509    .text.vTaskStartScheduler  tasks.o
    0x08006306   0x08006306   0x00000002   PAD
    0x08006308   0x08006308   0x00000010   Code   RO         1483    .text.vTaskSuspendAll  tasks.o
    0x08006318   0x08006318   0x000000d2   Code   RO         1501    .text.vTaskSwitchContext  tasks.o
    0x080063ea   0x080063ea   0x00000002   PAD
    0x080063ec   0x080063ec   0x0000017e   Code   RO         1923    .text.xPortStartScheduler  port.o
    0x0800656a   0x0800656a   0x00000002   PAD
    0x0800656c   0x0800656c   0x0000003e   Code   RO         1939    .text.xPortSysTickHandler  port.o
    0x080065aa   0x080065aa   0x00000002   PAD
    0x080065ac   0x080065ac   0x00000142   Code   RO         1316    .text.xQueueGenericCreateStatic  queue.o
    0x080066ee   0x080066ee   0x00000002   PAD
    0x080066f0   0x080066f0   0x000000dc   Code   RO         1314    .text.xQueueGenericReset  queue.o
    0x080067cc   0x080067cc   0x00000284   Code   RO         1334    .text.xQueueGenericSend  queue.o
    0x08006a50   0x08006a50   0x00000180   Code   RO         1350    .text.xQueueGenericSendFromISR  queue.o
    0x08006bd0   0x08006bd0   0x00000234   Code   RO         1354    .text.xQueueReceive  queue.o
    0x08006e04   0x08006e04   0x000000e2   Code   RO         1545    .text.xTaskCheckForTimeOut  tasks.o
    0x08006ee6   0x08006ee6   0x00000002   PAD
    0x08006ee8   0x08006ee8   0x000000be   Code   RO         1473    .text.xTaskCreate   tasks.o
    0x08006fa6   0x08006fa6   0x00000002   PAD
    0x08006fa8   0x08006fa8   0x0000010c   Code   RO         1467    .text.xTaskCreateStatic  tasks.o
    0x080070b4   0x080070b4   0x0000003c   Code   RO         1561    .text.xTaskGetSchedulerState  tasks.o
    0x080070f0   0x080070f0   0x00000014   Code   RO         1517    .text.xTaskGetTickCount  tasks.o
    0x08007104   0x08007104   0x000001ea   Code   RO         1515    .text.xTaskIncrementTick  tasks.o
    0x080072ee   0x080072ee   0x00000002   PAD
    0x080072f0   0x080072f0   0x00000104   Code   RO         1565    .text.xTaskPriorityDisinherit  tasks.o
    0x080073f4   0x080073f4   0x000000e8   Code   RO         1537    .text.xTaskRemoveFromEventList  tasks.o
    0x080074dc   0x080074dc   0x000001b0   Code   RO         1487    .text.xTaskResumeAll  tasks.o
    0x0800768c   0x0800768c   0x0000009a   Code   RO         1624    .text.xTimerCreateTimerTask  timers.o
    0x08007726   0x08007726   0x00000002   PAD
    0x08007728   0x08007728   0x000000cc   Code   RO         1636    .text.xTimerGenericCommand  timers.o
    0x080077f4   0x080077f4   0x0000000a   Code   RO         2322    x$fpl$fpinit        fz_wm.l(fpinit.o)
    0x080077fe   0x080077fe   0x00000010   Data   RO         1231    .rodata.AHBPrescTable  system_stm32f4xx.o
    0x0800780e   0x0800780e   0x00000008   Data   RO         1232    .rodata.APBPrescTable  system_stm32f4xx.o
    0x08007816   0x08007816   0x00000002   PAD
    0x08007818   0x08007818   0x0000001c   Data   RO         2087    .rodata._ZTV5Motor  motor.o
    0x08007834   0x08007834   0x0000001c   Data   RO         2069    .rodata._ZTV9CanDevice  candevice.o
    0x08007850   0x08007850   0x00000024   Data   RO           48    .rodata.defaultTask_attributes  freertos.o
    0x08007874   0x08007874   0x0000000c   Data   RO           47    .rodata.str1.1      freertos.o
    0x08007880   0x08007880   0x00000005   Data   RO         1605    .rodata.str1.1      tasks.o
    0x08007885   0x08007885   0x0000000d   Data   RO         1679    .rodata.str1.1      timers.o
    0x08007892   0x08007892   0x00000002   PAD
    0x08007894   0x08007894   0x00000020   Data   RO         2419    Region$$Table       anon$$obj.o
    0x080078b4   0x080078b4   0x00000004   Data   RO         2012    .init_array         start.o
    0x080078b8   0x080078b4   0x00000004   Data   RO         2035    .init_array         taskmanager.o


    Execution Region RW_IRAM1 (Exec base: 0x20000000, Load base: 0x080078c0, Size: 0x00005630, Max: 0x0001c000, ABSOLUTE)

    Exec Addr    Load Addr    Size         Type   Attr      Idx    E Section Name        Object

    0x20000000   0x080078c0   0x00000004   Data   RW         1230    .data.SystemCoreClock  system_stm32f4xx.o
    0x20000004   0x080078c4   0x00000001   Data   RW          705    .data.uwTickFreq    stm32f4xx_hal.o
    0x20000005   0x080078c5   0x00000003   PAD
    0x20000008   0x080078c8   0x00000004   Data   RW          704    .data.uwTickPrio    stm32f4xx_hal.o
    0x2000000c   0x080078cc   0x00000004   Data   RW         1945    .data.uxCriticalNesting  port.o
    0x20000010        -       0x00000060   Zero   RW         2357    .bss                c_w.l(libspace.o)
    0x20000070        -       0x00000004   Zero   RW           71    .bss.HAL_RCC_CAN1_CLK_ENABLED  can.o
    0x20000074        -       0x00000004   Zero   RW         1865    .bss.KernelState    cmsis_os2.o
    0x20000078        -       0x00000054   Zero   RW         2011    .bss.M3508          start.o
    0x200000cc        -       0x00000460   Zero   RW         2034    .bss._ZN11TaskManager5tasksE  taskmanager.o
    0x2000052c        -       0x00000020   Zero   RW         1987    .bss._ZN12SerialDevice10instances_E  serialdevice.o
    0x2000054c        -       0x00000004   Zero   RW         1988    .bss._ZN12SerialDevice14instanceCount_E  serialdevice.o
    0x20000550        -       0x00000028   Zero   RW         2063    .bss._ZN9CanDevice14Can1_InstancesE  candevice.o
    0x20000578        -       0x00000028   Zero   RW         2064    .bss._ZN9CanDevice14Can2_InstancesE  candevice.o
    0x200005a0        -       0x00000001   Zero   RW         2067    .bss._ZN9CanDevice20Can1_Instances_IndexE  candevice.o
    0x200005a1        -       0x00000001   Zero   RW         2068    .bss._ZN9CanDevice20Can2_Instances_IndexE  candevice.o
    0x200005a2        -       0x00000008   Zero   RW         2065    .bss._ZN9CanDevice7RxData1E  candevice.o
    0x200005aa        -       0x00000008   Zero   RW         2066    .bss._ZN9CanDevice7RxData2E  candevice.o
    0x200005b2   0x080078d0   0x00000002   PAD
    0x200005b4        -       0x00000004   Zero   RW           49    .bss.defaultTaskHandle  freertos.o
    0x200005b8        -       0x00000028   Zero   RW           69    .bss.hcan1          can.o
    0x200005e0        -       0x00000028   Zero   RW           70    .bss.hcan2          can.o
    0x20000608        -       0x00000048   Zero   RW          159    .bss.htim6          stm32f4xx_hal_timebase_tim.o
    0x20000650        -       0x00000048   Zero   RW           91    .bss.huart3         usart.o
    0x20000698        -       0x00000048   Zero   RW           92    .bss.huart6         usart.o
    0x200006e0        -       0x000000a0   Zero   RW         1687    .bss.prvCheckForValidListAndQueue.ucStaticTimerQueueStorage  timers.o
    0x20000780        -       0x00000050   Zero   RW         1686    .bss.prvCheckForValidListAndQueue.xStaticTimerQueue  timers.o
    0x200007d0        -       0x00000004   Zero   RW         1683    .bss.prvSampleTimeNow.xLastTime  timers.o
    0x200007d4        -       0x00000004   Zero   RW         1591    .bss.pxCurrentTCB   tasks.o
    0x200007d8        -       0x00000004   Zero   RW         1681    .bss.pxCurrentTimerList  timers.o
    0x200007dc        -       0x00000004   Zero   RW         1599    .bss.pxDelayedTaskList  tasks.o
    0x200007e0        -       0x00000004   Zero   RW         1898    .bss.pxEnd          heap_4.o
    0x200007e4        -       0x00000004   Zero   RW         1600    .bss.pxOverflowDelayedTaskList  tasks.o
    0x200007e8        -       0x00000004   Zero   RW         1682    .bss.pxOverflowTimerList  timers.o
    0x200007ec        -       0x00000460   Zero   RW         1602    .bss.pxReadyTasksLists  tasks.o
    0x20000c4c        -       0x00003c00   Zero   RW         1905    .bss.ucHeap         heap_4.o
    0x2000484c        -       0x00000001   Zero   RW         1943    .bss.ucMaxSysCallPriority  port.o
    0x2000484d   0x080078d0   0x00000003   PAD
    0x20004850        -       0x00000004   Zero   RW         1944    .bss.ulMaxPRIGROUPValue  port.o
    0x20004854        -       0x00000004   Zero   RW          706    .bss.uwTick         stm32f4xx_hal.o
    0x20004858        -       0x00000004   Zero   RW         1595    .bss.uxCurrentNumberOfTasks  tasks.o
    0x2000485c        -       0x00000004   Zero   RW         1594    .bss.uxDeletedTasksWaitingCleanUp  tasks.o
    0x20004860        -       0x00000004   Zero   RW         1597    .bss.uxSchedulerSuspended  tasks.o
    0x20004864        -       0x00000004   Zero   RW         1592    .bss.uxTaskNumber   tasks.o
    0x20004868        -       0x00000004   Zero   RW         1603    .bss.uxTopReadyPriority  tasks.o
    0x2000486c        -       0x00000200   Zero   RW         1868    .bss.vApplicationGetIdleTaskMemory.Idle_Stack  cmsis_os2.o
    0x20004a6c        -       0x0000005c   Zero   RW         1867    .bss.vApplicationGetIdleTaskMemory.Idle_TCB  cmsis_os2.o
    0x20004ac8        -       0x00000400   Zero   RW         1870    .bss.vApplicationGetTimerTaskMemory.Timer_Stack  cmsis_os2.o
    0x20004ec8        -       0x0000005c   Zero   RW         1869    .bss.vApplicationGetTimerTaskMemory.Timer_TCB  cmsis_os2.o
    0x20004f24        -       0x00000014   Zero   RW         1684    .bss.xActiveTimerList1  timers.o
    0x20004f38        -       0x00000014   Zero   RW         1685    .bss.xActiveTimerList2  timers.o
    0x20004f4c        -       0x00000004   Zero   RW         1899    .bss.xBlockAllocatedBit  heap_4.o
    0x20004f50        -       0x00000014   Zero   RW         1611    .bss.xDelayedTaskList1  tasks.o
    0x20004f64        -       0x00000014   Zero   RW         1612    .bss.xDelayedTaskList2  tasks.o
    0x20004f78        -       0x00000004   Zero   RW         1900    .bss.xFreeBytesRemaining  heap_4.o
    0x20004f7c        -       0x00000004   Zero   RW         1606    .bss.xIdleTaskHandle  tasks.o
    0x20004f80        -       0x00000004   Zero   RW         1902    .bss.xMinimumEverFreeBytesRemaining  heap_4.o
    0x20004f84        -       0x00000004   Zero   RW         1607    .bss.xNextTaskUnblockTime  tasks.o
    0x20004f88        -       0x00000004   Zero   RW         1610    .bss.xNumOfOverflows  tasks.o
    0x20004f8c        -       0x00000004   Zero   RW         1903    .bss.xNumberOfSuccessfulAllocations  heap_4.o
    0x20004f90        -       0x00000004   Zero   RW         1904    .bss.xNumberOfSuccessfulFrees  heap_4.o
    0x20004f94        -       0x00000004   Zero   RW         1609    .bss.xPendedTicks   tasks.o
    0x20004f98        -       0x00000014   Zero   RW         1604    .bss.xPendingReadyList  tasks.o
    0x20004fac        -       0x00000040   Zero   RW         1394    .bss.xQueueRegistry  queue.o
    0x20004fec        -       0x00000004   Zero   RW         1596    .bss.xSchedulerRunning  tasks.o
    0x20004ff0        -       0x00000008   Zero   RW         1901    .bss.xStart         heap_4.o
    0x20004ff8        -       0x00000014   Zero   RW         1601    .bss.xSuspendedTaskList  tasks.o
    0x2000500c        -       0x00000014   Zero   RW         1593    .bss.xTasksWaitingTermination  tasks.o
    0x20005020        -       0x00000004   Zero   RW         1598    .bss.xTickCount     tasks.o
    0x20005024        -       0x00000004   Zero   RW         1678    .bss.xTimerQueue    timers.o
    0x20005028        -       0x00000004   Zero   RW         1680    .bss.xTimerTaskHandle  timers.o
    0x2000502c        -       0x00000004   Zero   RW         1608    .bss.xYieldPending  tasks.o
    0x20005030        -       0x00000200   Zero   RW            2    HEAP                startup_stm32f407xx.o
    0x20005230        -       0x00000400   Zero   RW            1    STACK               startup_stm32f407xx.o


    Execution Region RW_IRAM2 (Exec base: 0x2001c000, Load base: 0x080078d0, Size: 0x00000000, Max: 0x00004000, ABSOLUTE)

    **** No section assigned to this execution region ****


==============================================================================

Image component sizes


      Code (inc. data)   RO Data    RW Data    ZI Data      Debug   Object Name

       598          0          0          0         84       6799   can.o
       862          0         28          0         98       6673   candevice.o
       850          0          0          0       1724      36723   cmsis_os2.o
        68          0         48          0          4       2773   freertos.o
       222          0          0          0          0       1618   gpio.o
      1168          0          0          0      15392       4976   heap_4.o
       326          0          0          0          0       2502   list.o
       296          0          0          0          0       6237   main.o
       226          0         28          0          0       3615   motor.o
      1216         16          0          4          5       4459   port.o
      3086          0          0          0         64      18810   queue.o
       140          0          0          0         36       8990   serialdevice.o
        66          0          4          0         84       5080   start.o
        64         26        392          0       1536        828   startup_stm32f407xx.o
        98          0          0          5          4       7861   stm32f4xx_hal.o
      3286          0          0          0          0      12865   stm32f4xx_hal_can.o
       450          0          0          0          0      10760   stm32f4xx_hal_cortex.o
       324          0          0          0          0       9002   stm32f4xx_hal_dma.o
       976          0          0          0          0       5462   stm32f4xx_hal_gpio.o
        92          0          0          0          0       3370   stm32f4xx_hal_msp.o
      2846          0          0          0          0       7609   stm32f4xx_hal_rcc.o
      1440          0          0          0          0      38934   stm32f4xx_hal_tim.o
        24          0          0          0          0      16713   stm32f4xx_hal_tim_ex.o
       256          0          0          0         72       7462   stm32f4xx_hal_timebase_tim.o
      2666          0          0          0          0      22068   stm32f4xx_hal_uart.o
       134          0          0          0          0       1732   stm32f4xx_it.o
        18          0         24          4          0       2688   system_stm32f4xx.o
       134          0          4          0       1120       4976   taskmanager.o
      4380          0          5          0       1280      26539   tasks.o
      1884         10         13          0        300      13276   timers.o
       540          0          0          0        144       7577   usart.o

    ----------------------------------------------------------------------
     28912         64        582         16      21952     308977   Object Totals
         0          0         32          0          0          0   (incl. Generated)
       176         12          4          3          5          0   (incl. Padding)

    ----------------------------------------------------------------------

      Code (inc. data)   RO Data    RW Data    ZI Data      Debug   Library Member Name

         8          0          0          0          0         68   __main.o
         0          0          0          0          0          0   __rtentry.o
        12          0          0          0          0          0   __rtentry2.o
         6          0          0          0          0          0   __rtentry4.o
        52          8          0          0          0          0   __scatter.o
        26          0          0          0          0          0   __scatter_copy.o
        28          0          0          0          0          0   __scatter_zi.o
       302          0          0          0          0        168   _get_argv_nomalloc.o
        16          0          0          0          0         68   aeabi_memset4.o
         4          0          0          0          0         68   argv_veneer.o
        10          0          0          0          0         68   defsig_exit.o
        50          0          0          0          0         88   defsig_general.o
        80         58          0          0          0         76   defsig_rtmem_inner.o
        14          0          0          0          0         80   defsig_rtmem_outer.o
        18          0          0          0          0         80   exit.o
         6          0          0          0          0        152   heapauxi.o
         4          0          0          0          0        136   hrguard.o
         0          0          0          0          0          0   indicate_semi.o
        36         10          0          0          0         80   init_aeabi.o
         2          0          0          0          0          0   libinit.o
        18          0          0          0          0          0   libinit2.o
         2          0          0          0          0          0   libshutdown.o
         2          0          0          0          0          0   libshutdown2.o
         8          4          0          0         96         68   libspace.o
       238          0          0          0          0        100   lludivv7m.o
        78          0          0          0          0         80   rt_memclr_w.o
       138          0          0          0          0         68   rt_memcpy_v6.o
       100          0          0          0          0         80   rt_memcpy_w.o
         2          0          0          0          0          0   rtexit.o
        10          0          0          0          0          0   rtexit2.o
        24          0          0          0          0         76   sys_command.o
        12          4          0          0          0         68   sys_exit.o
        74          0          0          0          0         80   sys_stackheap_outer.o
        14          0          0          0          0         76   sys_wrch.o
         2          0          0          0          0         68   use_no_semi.o
        10          0          0          0          0        116   fpinit.o

    ----------------------------------------------------------------------
      1414         84          0          0         96       2012   Library Totals
         8          0          0          0          0          0   (incl. Padding)

    ----------------------------------------------------------------------

      Code (inc. data)   RO Data    RW Data    ZI Data      Debug   Library Name

      1396         84          0          0         96       1896   c_w.l
        10          0          0          0          0        116   fz_wm.l

    ----------------------------------------------------------------------
      1414         84          0          0         96       2012   Library Totals

    ----------------------------------------------------------------------

==============================================================================


      Code (inc. data)   RO Data    RW Data    ZI Data      Debug   

     30326        148        582         16      22048     309537   Grand Totals
     30326        148        582         16      22048     309537   ELF Image Totals
     30326        148        582         16          0          0   ROM Totals

==============================================================================

    Total RO  Size (Code + RO Data)                30908 (  30.18kB)
    Total RW  Size (RW Data + ZI Data)             22064 (  21.55kB)
    Total ROM Size (Code + RO Data + RW Data)      30924 (  30.20kB)

==============================================================================

