<html>
<body>
<pre>
<h1>µVision Build Log</h1>
<h2>Tool Versions:</h2>
IDE-Version: ¦ÌVision V5.24.2.0
Copyright (C) 2017 ARM Ltd and ARM Germany GmbH. All rights reserved.
License Information: 5 ay52159wyh@163.com, 6, LIC=76F5U-S538L-Z9CG9-4R5HC-NV0YV-WY116
 
Tool Versions:
Toolchain:       MDK-ARM Plus  Version: 5.24.1
Toolchain Path:  D:\keil5\ARM\ARMCLANG\Bin
C Compiler:      ArmClang.exe V6.7
Assembler:       Armasm.exe V6.7
Linker/Locator:  ArmLink.exe V6.7
Library Manager: ArmAr.exe V6.7
Hex Converter:   FromElf.exe V6.7
CPU DLL:         SARMCM3.DLL V5.24.1
Dialog DLL:      DCM.DLL V1.16.0.0
Target DLL:      CMSIS_AGDI.dll V1.28.3.0
Dialog DLL:      TCM.DLL V1.32.0.0
 
<h2>Project:</h2>
D:\cpp_rebuild\git_demo_rebuild\Project\MDK-ARM\CAR.uvprojx
Project File Date:  11/11/2024

<h2>Output:</h2>
*** Using Compiler 'V6.7', folder: 'D:\keil5\ARM\ARMCLANG\Bin'
Rebuild target 'CAR'
assembling startup_stm32f407xx.s...
compiling main.c...
compiling stm32f4xx_hal_timebase_tim.c...
compiling freertos.c...
compiling gpio.c...
compiling can.c...
compiling usart.c...
compiling stm32f4xx_hal_msp.c...
compiling stm32f4xx_it.c...
compiling stm32f4xx_hal_rcc.c...
compiling stm32f4xx_hal_rcc_ex.c...
compiling stm32f4xx_hal_can.c...
compiling stm32f4xx_hal_flash.c...
compiling stm32f4xx_hal_cortex.c...
compiling stm32f4xx_hal.c...
compiling stm32f4xx_hal_flash_ramfunc.c...
compiling stm32f4xx_hal_pwr_ex.c...
compiling stm32f4xx_hal_dma_ex.c...
compiling stm32f4xx_hal_pwr.c...
compiling stm32f4xx_hal_gpio.c...
compiling stm32f4xx_hal_dma.c...
compiling stm32f4xx_hal_exti.c...
compiling stm32f4xx_hal_flash_ex.c...
compiling stm32f4xx_hal_tim.c...
compiling list.c...
compiling timers.c...
compiling croutine.c...
compiling event_groups.c...
compiling stm32f4xx_hal_tim_ex.c...
compiling stream_buffer.c...
compiling system_stm32f4xx.c...
compiling stm32f4xx_hal_uart.c...
compiling tasks.c...
compiling cmsis_os2.c...
compiling queue.c...
compiling port.c...
compiling heap_4.c...
compiling Error_Handle.cpp...
compiling Start.cpp...
compiling SerialDevice.cpp...
compiling TaskManager.cpp...
compiling CanDevice.cpp...
compiling Motor.cpp...
linking...
Program Size: Code=30326 RO-data=582 RW-data=16 ZI-data=22048  
FromELF: creating hex file...
"CAR\CAR.axf" - 0 Error(s), 0 Warning(s).

<h2>Software Packages used:</h2>

Package Vendor: ARM
                http://www.keil.com/pack/ARM.CMSIS.5.0.1.pack
                ARM.CMSIS.5.0.1
                CMSIS (Cortex Microcontroller Software Interface Standard)
   * Component: CORE Version: 5.0.1

Package Vendor: Keil
                https://www.keil.com/pack/Keil.STM32F4xx_DFP.2.17.1.pack
                Keil.STM32F4xx_DFP.2.17.1
                STMicroelectronics STM32F4 Series Device Support, Drivers and Examples

<h2>Collection of Component include folders:</h2>
  .\RTE\_CAR
  D:\keil5\ARM\PACK\ARM\CMSIS\5.0.1\CMSIS\Include
  D:\keil5\ARM\PACK\Keil\STM32F4xx_DFP\2.17.1\Drivers\CMSIS\Device\ST\STM32F4xx\Include

<h2>Collection of Component Files used:</h2>

   * Component: ARM::CMSIS:CORE:5.0.1
Build Time Elapsed:  00:00:04
</pre>
</body>
</html>
